Product: MDK-ARM Standard 5.10
Component: ARM Compiler 5.04 update 1 (build 49)
Tool: armlink [5040049]

==============================================================================

Section Cross References

    startup_stm32f40_41xxx.o(STACK) refers (Special) to heapauxi.o(.text) for __use_two_region_memory
    startup_stm32f40_41xxx.o(HEAP) refers (Special) to heapauxi.o(.text) for __use_two_region_memory
    startup_stm32f40_41xxx.o(RESET) refers (Special) to heapauxi.o(.text) for __use_two_region_memory
    startup_stm32f40_41xxx.o(RESET) refers to startup_stm32f40_41xxx.o(STACK) for __initial_sp
    startup_stm32f40_41xxx.o(RESET) refers to startup_stm32f40_41xxx.o(.text) for Reset_Handler
    startup_stm32f40_41xxx.o(RESET) refers to stm32f4xx_it.o(.text) for NMI_Handler
    startup_stm32f40_41xxx.o(RESET) refers to board.o(.text) for SysTick_Handler
    startup_stm32f40_41xxx.o(RESET) refers to usart.o(.text) for USART1_IRQHandler
    startup_stm32f40_41xxx.o(.text) refers (Special) to heapauxi.o(.text) for __use_two_region_memory
    startup_stm32f40_41xxx.o(.text) refers to system_stm32f4xx.o(.text) for SystemInit
    startup_stm32f40_41xxx.o(.text) refers to __main.o(!!!main) for __main
    startup_stm32f40_41xxx.o(.text) refers to startup_stm32f40_41xxx.o(HEAP) for Heap_Mem
    startup_stm32f40_41xxx.o(.text) refers to startup_stm32f40_41xxx.o(STACK) for Stack_Mem
    system_stm32f4xx.o(.text) refers to system_stm32f4xx.o(.data) for SystemCoreClock
    board.o(.text) refers to misc.o(.text) for SysTick_CLKSourceConfig
    board.o(.text) refers to usart.o(.text) for usart_checkover
    board.o(.text) refers to stm32f4xx_rcc.o(.text) for RCC_APB2PeriphClockCmd
    board.o(.text) refers to stm32f4xx_gpio.o(.text) for GPIO_PinAFConfig
    board.o(.text) refers to stm32f4xx_usart.o(.text) for USART_Init
    board.o(.text) refers to board.o(.data) for Tick
    board.o(.board__fn.1) refers to board.o(.text) for alientek_console_init
    usart.o(.text) refers to stm32f4xx_rcc.o(.text) for RCC_AHB1PeriphClockCmd
    usart.o(.text) refers to stm32f4xx_gpio.o(.text) for GPIO_PinAFConfig
    usart.o(.text) refers to stm32f4xx_usart.o(.text) for USART_Init
    usart.o(.text) refers to fifo.o(.text) for fifo_init
    usart.o(.text) refers to misc.o(.text) for NVIC_Init
    usart.o(.text) refers to usart.o(.data) for UartCom1
    usart.o(.text) refers to usart.o(.bss) for UartCom1Rxbuf
    usart.o(.board__fn.1) refers to usart.o(.text) for stm32f4_usart_init
    usart.o(.data) refers to usart.o(.text) for UartCom_Initialize
    device.o(.text) refers to vsprintf.o(.text) for vsprintf
    device.o(.text) refers to device.o(.board__fn.0.end) for __board_init__stm32_board_start
    device.o(.text) refers to device.o(.board__fn.1.end) for __board_init__stm32_board_end
    device.o(.text) refers to device.o(.data) for putc_
    device.o(.board__fn.0.end) refers to device.o(.text) for stm32_board_start
    device.o(.board__fn.1.end) refers to device.o(.text) for stm32_board_end
    stm32f4xx_gpio.o(.text) refers to stm32f4xx_rcc.o(.text) for RCC_AHB1PeriphResetCmd
    stm32f4xx_rcc.o(.text) refers to stm32f4xx_rcc.o(.data) for APBAHBPrescTable
    stm32f4xx_usart.o(.text) refers to stm32f4xx_rcc.o(.text) for RCC_APB2PeriphResetCmd
    main.o(.text) refers to device.o(.text) for device_init
    main.o(.text) refers to usart.o(.text) for usart_find
    vsprintf.o(.text) refers (Special) to _printf_a.o(.ARM.Collect$$_printf_percent$$00000006) for _printf_a
    vsprintf.o(.text) refers (Special) to _printf_c.o(.ARM.Collect$$_printf_percent$$00000013) for _printf_c
    vsprintf.o(.text) refers (Special) to _printf_charcount.o(.text) for _printf_charcount
    vsprintf.o(.text) refers (Special) to _printf_d.o(.ARM.Collect$$_printf_percent$$00000009) for _printf_d
    vsprintf.o(.text) refers (Special) to _printf_e.o(.ARM.Collect$$_printf_percent$$00000004) for _printf_e
    vsprintf.o(.text) refers (Special) to _printf_f.o(.ARM.Collect$$_printf_percent$$00000003) for _printf_f
    vsprintf.o(.text) refers (Special) to printf1.o(x$fpl$printf1) for _printf_fp_dec
    vsprintf.o(.text) refers (Special) to printf2.o(x$fpl$printf2) for _printf_fp_hex
    vsprintf.o(.text) refers (Special) to _printf_g.o(.ARM.Collect$$_printf_percent$$00000005) for _printf_g
    vsprintf.o(.text) refers (Special) to _printf_i.o(.ARM.Collect$$_printf_percent$$00000008) for _printf_i
    vsprintf.o(.text) refers (Special) to _printf_dec.o(.text) for _printf_int_dec
    vsprintf.o(.text) refers (Special) to _printf_l.o(.ARM.Collect$$_printf_percent$$00000012) for _printf_l
    vsprintf.o(.text) refers (Special) to _printf_lc.o(.ARM.Collect$$_printf_percent$$00000015) for _printf_lc
    vsprintf.o(.text) refers (Special) to _printf_ll.o(.ARM.Collect$$_printf_percent$$00000007) for _printf_ll
    vsprintf.o(.text) refers (Special) to _printf_lld.o(.ARM.Collect$$_printf_percent$$0000000E) for _printf_lld
[...]
    ../clib/printf_percent.s                 0x00000000   Number         0  _printf_n.o ABSOLUTE
    ../clib/printf_percent.s                 0x00000000   Number         0  _printf_llo.o ABSOLUTE
    ../clib/printf_percent.s                 0x00000000   Number         0  _printf_o.o ABSOLUTE
    ../clib/printf_percent.s                 0x00000000   Number         0  _printf_llx.o ABSOLUTE
    ../clib/printf_percent.s                 0x00000000   Number         0  _printf_p.o ABSOLUTE
    ../clib/printf_percent.s                 0x00000000   Number         0  _printf_g.o ABSOLUTE
    ../clib/signal.c                         0x00000000   Number         0  defsig_general.o ABSOLUTE
    ../clib/signal.c                         0x00000000   Number         0  defsig_rtmem_outer.o ABSOLUTE
    ../clib/signal.c                         0x00000000   Number         0  defsig_rtmem_formal.o ABSOLUTE
    ../clib/signal.c                         0x00000000   Number         0  defsig_other.o ABSOLUTE
    ../clib/signal.c                         0x00000000   Number         0  defsig_exit.o ABSOLUTE
    ../clib/signal.c                         0x00000000   Number         0  __raise.o ABSOLUTE
    ../clib/signal.c                         0x00000000   Number         0  defsig_fpe_inner.o ABSOLUTE
    ../clib/signal.c                         0x00000000   Number         0  defsig_rtred_inner.o ABSOLUTE
    ../clib/signal.c                         0x00000000   Number         0  defsig_stak_inner.o ABSOLUTE
    ../clib/signal.c                         0x00000000   Number         0  defsig_pvfn_inner.o ABSOLUTE
    ../clib/signal.c                         0x00000000   Number         0  defsig_cppl_inner.o ABSOLUTE
    ../clib/signal.c                         0x00000000   Number         0  defsig_rtmem_inner.o ABSOLUTE
    ../clib/signal.c                         0x00000000   Number         0  defsig_abrt_inner.o ABSOLUTE
    ../clib/signal.c                         0x00000000   Number         0  defsig_segv_inner.o ABSOLUTE
    ../clib/signal.s                         0x00000000   Number         0  defsig.o ABSOLUTE
    ../clib/stdlib.c                         0x00000000   Number         0  exit.o ABSOLUTE
    ../fplib/fpinit.s                        0x00000000   Number         0  fpinit.o ABSOLUTE
    ../fplib/istatus.s                       0x00000000   Number         0  istatus.o ABSOLUTE
    ../fplib/printf1.s                       0x00000000   Number         0  printf1.o ABSOLUTE
    ../fplib/printf2.s                       0x00000000   Number         0  printf2.o ABSOLUTE
    ../fplib/printf2a.s                      0x00000000   Number         0  printf2a.o ABSOLUTE
    ../fplib/printf2b.s                      0x00000000   Number         0  printf2b.o ABSOLUTE
    ../fplib/usenofp.s                       0x00000000   Number         0  usenofp.o ABSOLUTE
    ../mathlib/fpclassify.c                  0x00000000   Number         0  fpclassify.o ABSOLUTE
    ..\Libraries\stm32f4\src\misc.c          0x00000000   Number         0  misc.o ABSOLUTE
    ..\Libraries\stm32f4\src\stm32f4xx_gpio.c 0x00000000   Number         0  stm32f4xx_gpio.o ABSOLUTE
    ..\Libraries\stm32f4\src\stm32f4xx_rcc.c 0x00000000   Number         0  stm32f4xx_rcc.o ABSOLUTE
    ..\Libraries\stm32f4\src\stm32f4xx_usart.c 0x00000000   Number         0  stm32f4xx_usart.o ABSOLUTE
    ..\\Libraries\\stm32f4\\src\\misc.c      0x00000000   Number         0  misc.o ABSOLUTE
    ..\\Libraries\\stm32f4\\src\\stm32f4xx_gpio.c 0x00000000   Number         0  stm32f4xx_gpio.o ABSOLUTE
    ..\\Libraries\\stm32f4\\src\\stm32f4xx_rcc.c 0x00000000   Number         0  stm32f4xx_rcc.o ABSOLUTE
    ..\\Libraries\\stm32f4\\src\\stm32f4xx_usart.c 0x00000000   Number         0  stm32f4xx_usart.o ABSOLUTE
    ..\\arch\\M4\\stm32f4xx_it.c             0x00000000   Number         0  stm32f4xx_it.o ABSOLUTE
    ..\\arch\\M4\\system_stm32f4xx.c         0x00000000   Number         0  system_stm32f4xx.o ABSOLUTE
    ..\\board\\alientek\\board.c             0x00000000   Number         0  board.o ABSOLUTE
    ..\\board\\alientek\\usart.c             0x00000000   Number         0  usart.o ABSOLUTE
    ..\app\main.c                            0x00000000   Number         0  main.o ABSOLUTE
    ..\arch\M4\startup_stm32f40_41xxx.s      0x00000000   Number         0  startup_stm32f40_41xxx.o ABSOLUTE
    ..\arch\M4\stm32f4xx_it.c                0x00000000   Number         0  stm32f4xx_it.o ABSOLUTE
    ..\arch\M4\system_stm32f4xx.c            0x00000000   Number         0  system_stm32f4xx.o ABSOLUTE
    ..\board\alientek\board.c                0x00000000   Number         0  board.o ABSOLUTE
    ..\board\alientek\usart.c                0x00000000   Number         0  usart.o ABSOLUTE
    ..\common\device.c                       0x00000000   Number         0  device.o ABSOLUTE
    ..\common\fifo.c                         0x00000000   Number         0  fifo.o ABSOLUTE
    dc.s                                     0x00000000   Number         0  dc.o ABSOLUTE
    RESET                                    0x08000000   Section      392  startup_stm32f40_41xxx.o(RESET)
    !!!main                                  0x08000188   Section        8  __main.o(!!!main)
    !!!scatter                               0x08000190   Section       52  __scatter.o(!!!scatter)
    !!handler_copy                           0x080001c4   Section       26  __scatter_copy.o(!!handler_copy)
    !!handler_zi                             0x080001e0   Section       28  __scatter_zi.o(!!handler_zi)
    .ARM.Collect$$_printf_percent$$00000000  0x080001fc   Section        0  _printf_percent.o(.ARM.Collect$$_printf_percent$$00000000)
    .ARM.Collect$$_printf_percent$$00000001  0x080001fc   Section        6  _printf_n.o(.ARM.Collect$$_printf_percent$$00000001)
    .ARM.Collect$$_printf_percent$$00000002  0x08000202   Section        6  _printf_p.o(.ARM.Collect$$_printf_percent$$00000002)
    .ARM.Collect$$_printf_percent$$00000003  0x08000208   Section        6  _printf_f.o(.ARM.Collect$$_printf_percent$$00000003)
    .ARM.Collect$$_printf_percent$$00000004  0x0800020e   Section        6  _printf_e.o(.ARM.Collect$$_printf_percent$$00000004)
    .ARM.Collect$$_printf_percent$$00000005  0x08000214   Section        6  _printf_g.o(.ARM.Collect$$_printf_percent$$00000005)
    .ARM.Collect$$_printf_percent$$00000006  0x0800021a   Section        6  _printf_a.o(.ARM.Collect$$_printf_percent$$00000006)
    .ARM.Collect$$_printf_percent$$00000007  0x08000220   Section       10  _printf_ll.o(.ARM.Collect$$_printf_percent$$00000007)
    .ARM.Collect$$_printf_percent$$00000008  0x0800022a   Section        6  _printf_i.o(.ARM.Collect$$_printf_percent$$00000008)
    .ARM.Collect$$_printf_percent$$00000009  0x08000230   Section        6  _printf_d.o(.ARM.Collect$$_printf_percent$$00000009)
    .ARM.Collect$$_printf_percent$$0000000A  0x08000236   Section        6  _printf_u.o(.ARM.Collect$$_printf_percent$$0000000A)
    .ARM.Collect$$_printf_percent$$0000000B  0x0800023c   Section        6  _printf_o.o(.ARM.Collect$$_printf_percent$$0000000B)
    .ARM.Collect$$_printf_percent$$0000000C  0x08000242   Section        6  _printf_x.o(.ARM.Collect$$_printf_percent$$0000000C)
    .ARM.Collect$$_printf_percent$$0000000D  0x08000248   Section        6  _printf_lli.o(.ARM.Collect$$_printf_percent$$0000000D)
    .ARM.Collect$$_printf_percent$$0000000E  0x0800024e   Section        6  _printf_lld.o(.ARM.Collect$$_printf_percent$$0000000E)
    .ARM.Collect$$_printf_percent$$0000000F  0x08000254   Section        6  _printf_llu.o(.ARM.Collect$$_printf_percent$$0000000F)
    .ARM.Collect$$_printf_percent$$00000010  0x0800025a   Section        6  _printf_llo.o(.ARM.Collect$$_printf_percent$$00000010)
    .ARM.Collect$$_printf_percent$$00000011  0x08000260   Section        6  _printf_llx.o(.ARM.Collect$$_printf_percent$$00000011)
    .ARM.Collect$$_printf_percent$$00000012  0x08000266   Section       10  _printf_l.o(.ARM.Collect$$_printf_percent$$00000012)
    .ARM.Collect$$_printf_percent$$00000013  0x08000270   Section        6  _printf_c.o(.ARM.Collect$$_printf_percent$$00000013)
    .ARM.Collect$$_printf_percent$$00000014  0x08000276   Section        6  _printf_s.o(.ARM.Collect$$_printf_percent$$00000014)
    .ARM.Collect$$_printf_percent$$00000015  0x0800027c   Section        6  _printf_lc.o(.ARM.Collect$$_printf_percent$$00000015)
    .ARM.Collect$$_printf_percent$$00000016  0x08000282   Section        6  _printf_ls.o(.ARM.Collect$$_printf_percent$$00000016)
    .ARM.Collect$$_printf_percent$$00000017  0x08000288   Section        4  _printf_percent_end.o(.ARM.Collect$$_printf_percent$$00000017)
    .ARM.Collect$$libinit$$00000000          0x0800028c   Section        2  libinit.o(.ARM.Collect$$libinit$$00000000)
    .ARM.Collect$$libinit$$00000001          0x0800028e   Section        4  libinit2.o(.ARM.Collect$$libinit$$00000001)
    .ARM.Collect$$libinit$$00000008          0x08000292   Section        0  libinit2.o(.ARM.Collect$$libinit$$00000008)
    .ARM.Collect$$libinit$$0000000A          0x08000292   Section        0  libinit2.o(.ARM.Collect$$libinit$$0000000A)
    .ARM.Collect$$libinit$$0000000C          0x08000292   Section        0  libinit2.o(.ARM.Collect$$libinit$$0000000C)
    .ARM.Collect$$libinit$$0000000D          0x08000292   Section        6  libinit2.o(.ARM.Collect$$libinit$$0000000D)
    .ARM.Collect$$libinit$$0000000F          0x08000298   Section        0  libinit2.o(.ARM.Collect$$libinit$$0000000F)
    .ARM.Collect$$libinit$$00000010          0x08000298   Section       12  libinit2.o(.ARM.Collect$$libinit$$00000010)
    .ARM.Collect$$libinit$$00000011          0x080002a4   Section        0  libinit2.o(.ARM.Collect$$libinit$$00000011)
    .ARM.Collect$$libinit$$00000013          0x080002a4   Section        0  libinit2.o(.ARM.Collect$$libinit$$00000013)
    .ARM.Collect$$libinit$$00000014          0x080002a4   Section       10  libinit2.o(.ARM.Collect$$libinit$$00000014)
    .ARM.Collect$$libinit$$00000015          0x080002ae   Section        0  libinit2.o(.ARM.Collect$$libinit$$00000015)
    .ARM.Collect$$libinit$$00000017          0x080002ae   Section        0  libinit2.o(.ARM.Collect$$libinit$$00000017)
    .ARM.Collect$$libinit$$00000019          0x080002ae   Section        0  libinit2.o(.ARM.Collect$$libinit$$00000019)
    .ARM.Collect$$libinit$$0000001B          0x080002ae   Section        0  libinit2.o(.ARM.Collect$$libinit$$0000001B)
    .ARM.Collect$$libinit$$0000001D          0x080002ae   Section        0  libinit2.o(.ARM.Collect$$libinit$$0000001D)
    .ARM.Collect$$libinit$$0000001F          0x080002ae   Section        0  libinit2.o(.ARM.Collect$$libinit$$0000001F)
    .ARM.Collect$$libinit$$00000021          0x080002ae   Section        0  libinit2.o(.ARM.Collect$$libinit$$00000021)
    .ARM.Collect$$libinit$$00000023          0x080002ae   Section        0  libinit2.o(.ARM.Collect$$libinit$$00000023)
    .ARM.Collect$$libinit$$0000002A          0x080002ae   Section        0  libinit2.o(.ARM.Collect$$libinit$$0000002A)
    .ARM.Collect$$libinit$$0000002C          0x080002ae   Section        0  libinit2.o(.ARM.Collect$$libinit$$0000002C)
    .ARM.Collect$$libinit$$0000002E          0x080002ae   Section        0  libinit2.o(.ARM.Collect$$libinit$$0000002E)
    .ARM.Collect$$libinit$$00000030          0x080002ae   Section        0  libinit2.o(.ARM.Collect$$libinit$$00000030)
    .ARM.Collect$$libinit$$00000031          0x080002ae   Section        2  libinit2.o(.ARM.Collect$$libinit$$00000031)
    .ARM.Collect$$libshutdown$$00000000      0x080002b0   Section        2  libshutdown.o(.ARM.Collect$$libshutdown$$00000000)
    .ARM.Collect$$libshutdown$$00000003      0x080002b2   Section        0  libshutdown2.o(.ARM.Collect$$libshutdown$$00000003)
    .ARM.Collect$$libshutdown$$00000006      0x080002b2   Section        0  libshutdown2.o(.ARM.Collect$$libshutdown$$00000006)
    .ARM.Collect$$libshutdown$$00000009      0x080002b2   Section        0  libshutdown2.o(.ARM.Collect$$libshutdown$$00000009)
    .ARM.Collect$$libshutdown$$0000000B      0x080002b2   Section        0  libshutdown2.o(.ARM.Collect$$libshutdown$$0000000B)
    .ARM.Collect$$libshutdown$$0000000E      0x080002b2   Section        0  libshutdown2.o(.ARM.Collect$$libshutdown$$0000000E)
    .ARM.Collect$$libshutdown$$0000000F      0x080002b2   Section        2  libshutdown2.o(.ARM.Collect$$libshutdown$$0000000F)
    .ARM.Collect$$rtentry$$00000000          0x080002b4   Section        0  rtentry.o(.ARM.Collect$$rtentry$$00000000)
    .ARM.Collect$$rtentry$$00000002          0x080002b4   Section        0  rtentry2.o(.ARM.Collect$$rtentry$$00000002)
    .ARM.Collect$$rtentry$$00000004          0x080002b4   Section        6  rtentry4.o(.ARM.Collect$$rtentry$$00000004)
    .ARM.Collect$$rtentry$$00000009          0x080002ba   Section        0  rtentry2.o(.ARM.Collect$$rtentry$$00000009)
    .ARM.Collect$$rtentry$$0000000A          0x080002ba   Section        4  rtentry2.o(.ARM.Collect$$rtentry$$0000000A)
    .ARM.Collect$$rtentry$$0000000C          0x080002be   Section        0  rtentry2.o(.ARM.Collect$$rtentry$$0000000C)
    .ARM.Collect$$rtentry$$0000000D          0x080002be   Section        8  rtentry2.o(.ARM.Collect$$rtentry$$0000000D)
    .ARM.Collect$$rtexit$$00000000           0x080002c6   Section        2  rtexit.o(.ARM.Collect$$rtexit$$00000000)
    .ARM.Collect$$rtexit$$00000002           0x080002c8   Section        0  rtexit2.o(.ARM.Collect$$rtexit$$00000002)
    .ARM.Collect$$rtexit$$00000003           0x080002c8   Section        4  rtexit2.o(.ARM.Collect$$rtexit$$00000003)
    .ARM.Collect$$rtexit$$00000004           0x080002cc   Section        6  rtexit2.o(.ARM.Collect$$rtexit$$00000004)
    .text                                    0x080002d4   Section       64  startup_stm32f40_41xxx.o(.text)
    $v0                                      0x080002d4   Number         0  startup_stm32f40_41xxx.o(.text)
    .text                                    0x08000314   Section        0  stm32f4xx_it.o(.text)
    .text                                    0x0800032c   Section        0  system_stm32f4xx.o(.text)
    SetSysClock                              0x0800032d   Thumb Code   220  system_stm32f4xx.o(.text)
    .text                                    0x0800053c   Section        0  board.o(.text)
    .text                                    0x08000644   Section        0  usart.o(.text)
    NVIC_Configuration                       0x0800094b   Thumb Code    44  usart.o(.text)
    .text                                    0x080009cc   Section        0  device.o(.text)
    stm32_board_start                        0x080009cd   Thumb Code     2  device.o(.text)
    stm32_board_end                          0x080009cf   Thumb Code     2  device.o(.text)
    console_puts                             0x080009e5   Thumb Code    48  device.o(.text)
    .text                                    0x08000a4c   Section        0  fifo.o(.text)
    fifo_next                                0x08000a4d   Thumb Code    20  fifo.o(.text)
    .text                                    0x08000ad8   Section        0  misc.o(.text)
    .text                                    0x08000bb8   Section        0  stm32f4xx_gpio.o(.text)
    .text                                    0x08000e4c   Section        0  stm32f4xx_rcc.o(.text)
    .text                                    0x080014a8   Section        0  stm32f4xx_usart.o(.text)
    .text                                    0x080018fc   Section        0  main.o(.text)
    .text                                    0x0800195c   Section        0  vsprintf.o(.text)
    .text                                    0x08001980   Section        0  heapauxi.o(.text)
    .text                                    0x08001986   Section        0  _printf_pad.o(.text)
    .text                                    0x080019d4   Section        0  _printf_truncate.o(.text)
    .text                                    0x080019f8   Section        0  _printf_str.o(.text)
    .text                                    0x08001a4c   Section        0  _printf_dec.o(.text)
    .text                                    0x08001ac0   Section        0  _printf_charcount.o(.text)
    .text                                    0x08001ae8   Section        0  _printf_char_common.o(.text)
    _printf_input_char                       0x08001ae9   Thumb Code    10  _printf_char_common.o(.text)
    .text                                    0x08001b18   Section        0  _sputc.o(.text)
    .text                                    0x08001b24   Section        0  _printf_wctomb.o(.text)
    .text                                    0x08001be0   Section        0  _printf_longlong_dec.o(.text)
    .text                                    0x08001c58   Section        0  _printf_oct_int_ll.o(.text)
    _printf_longlong_oct_internal            0x08001c59   Thumb Code     0  _printf_oct_int_ll.o(.text)
    .text                                    0x08001cc8   Section        0  _printf_hex_int_ll_ptr.o(.text)
    _printf_hex_common                       0x08001cc9   Thumb Code     0  _printf_hex_int_ll_ptr.o(.text)
    .text                                    0x08001d5c   Section        0  __printf_flags_ss_wp.o(.text)
    .text                                    0x08001ee4   Section      138  lludiv10.o(.text)
    .text                                    0x08001f6e   Section        0  _printf_intcommon.o(.text)
    .text                                    0x08002020   Section        0  _printf_fp_dec.o(.text)
    _fp_digits                               0x08002023   Thumb Code   428  _printf_fp_dec.o(.text)
    .text                                    0x08002438   Section        0  _printf_fp_hex.o(.text)
    .text                                    0x08002730   Section        0  _printf_char.o(.text)
    .text                                    0x0800275c   Section        0  _printf_wchar.o(.text)
    .text                                    0x08002788   Section        0  _wcrtomb.o(.text)
    .text                                    0x080027c8   Section       74  sys_stackheap_outer.o(.text)
    .text                                    0x08002814   Section       16  rt_ctype_table.o(.text)
    .text                                    0x08002824   Section        8  rt_locale_intlibspace.o(.text)
    .text                                    0x0800282c   Section        0  _printf_fp_infnan.o(.text)
    .text                                    0x080028ac   Section        0  bigflt0.o(.text)
    .text                                    0x08002984   Section        0  exit.o(.text)
    .text                                    0x08002990   Section        8  libspace.o(.text)
    .text                                    0x08002998   Section      128  strcmpv7m.o(.text)
    .text                                    0x08002a18   Section        0  sys_exit.o(.text)
    .text                                    0x08002a24   Section        2  use_no_semi.o(.text)
    .text                                    0x08002a26   Section        0  indicate_semi.o(.text)
    CL$$btod_d2e                             0x08002a26   Section       62  btod.o(CL$$btod_d2e)
    CL$$btod_d2e_denorm_low                  0x08002a64   Section       70  btod.o(CL$$btod_d2e_denorm_low)
    CL$$btod_d2e_norm_op1                    0x08002aaa   Section       96  btod.o(CL$$btod_d2e_norm_op1)
    CL$$btod_div_common                      0x08002b0a   Section      824  btod.o(CL$$btod_div_common)
    CL$$btod_e2e                             0x08002e42   Section      198  btod.o(CL$$btod_e2e)
    CL$$btod_ediv                            0x08002f08   Section       40  btod.o(CL$$btod_ediv)
    CL$$btod_emul                            0x08002f30   Section       40  btod.o(CL$$btod_emul)
    CL$$btod_mult_common                     0x08002f58   Section      580  btod.o(CL$$btod_mult_common)
    i.__ARM_fpclassify                       0x0800319c   Section        0  fpclassify.o(i.__ARM_fpclassify)
    i._is_digit                              0x080031cc   Section        0  __printf_wp.o(i._is_digit)
    locale$$code                             0x080031dc   Section       44  lc_numeric_c.o(locale$$code)
    locale$$code                             0x08003208   Section       44  lc_ctype_c.o(locale$$code)
    x$fpl$fpinit                             0x08003234   Section       10  fpinit.o(x$fpl$fpinit)
    $v0                                      0x08003234   Number         0  fpinit.o(x$fpl$fpinit)
    x$fpl$printf1                            0x0800323e   Section        4  printf1.o(x$fpl$printf1)
    $v0                                      0x0800323e   Number         0  printf1.o(x$fpl$printf1)
    x$fpl$printf2                            0x08003242   Section        4  printf2.o(x$fpl$printf2)
    $v0                                      0x08003242   Number         0  printf2.o(x$fpl$printf2)
    x$fpl$usenofp                            0x08003246   Section        0  usenofp.o(x$fpl$usenofp)
    .board__fn.0.end                         0x08003248   Section        4  device.o(.board__fn.0.end)
    __tagsym$$used                           0x08003248   Number         0  device.o(.board__fn.0.end)
    .board__fn.1                             0x0800324c   Section        4  board.o(.board__fn.1)
    __tagsym$$used                           0x0800324c   Number         0  board.o(.board__fn.1)
    .board__fn.1                             0x08003250   Section        4  usart.o(.board__fn.1)
    __tagsym$$used                           0x08003250   Number         0  usart.o(.board__fn.1)
    .board__fn.1.end                         0x08003254   Section        4  device.o(.board__fn.1.end)
    __tagsym$$used                           0x08003254   Number         0  device.o(.board__fn.1.end)
    .constdata                               0x08003258   Section        8  _printf_wctomb.o(.constdata)
    initial_mbstate                          0x08003258   Data           8  _printf_wctomb.o(.constdata)
    .constdata                               0x08003260   Section       40  _printf_hex_int_ll_ptr.o(.constdata)
    uc_hextab                                0x08003260   Data          20  _printf_hex_int_ll_ptr.o(.constdata)
    lc_hextab                                0x08003274   Data          20  _printf_hex_int_ll_ptr.o(.constdata)
    .constdata                               0x08003288   Section       17  __printf_flags_ss_wp.o(.constdata)
    maptable                                 0x08003288   Data          17  __printf_flags_ss_wp.o(.constdata)
    .constdata                               0x08003299   Section       38  _printf_fp_hex.o(.constdata)
    lc_hextab                                0x08003299   Data          19  _printf_fp_hex.o(.constdata)
    uc_hextab                                0x080032ac   Data          19  _printf_fp_hex.o(.constdata)
    .constdata                               0x080032c0   Section      148  bigflt0.o(.constdata)
    tenpwrs_x                                0x080032c0   Data          60  bigflt0.o(.constdata)
    tenpwrs_i                                0x080032fc   Data          64  bigflt0.o(.constdata)
    locale$$data                             0x08003374   Section       28  lc_numeric_c.o(locale$$data)
    __lcnum_c_name                           0x08003378   Data           2  lc_numeric_c.o(locale$$data)
    __lcnum_c_start                          0x08003380   Data           0  lc_numeric_c.o(locale$$data)
    __lcnum_c_point                          0x0800338c   Data           0  lc_numeric_c.o(locale$$data)
    __lcnum_c_thousands                      0x0800338e   Data           0  lc_numeric_c.o(locale$$data)
    __lcnum_c_grouping                       0x0800338f   Data           0  lc_numeric_c.o(locale$$data)
    locale$$data                             0x08003390   Section      272  lc_ctype_c.o(locale$$data)
    __lcnum_c_end                            0x08003390   Data           0  lc_numeric_c.o(locale$$data)
    __lcctype_c_name                         0x08003394   Data           2  lc_ctype_c.o(locale$$data)
    __lcctype_c_start                        0x0800339c   Data           0  lc_ctype_c.o(locale$$data)
    __lcctype_c_end                          0x080034a0   Data           0  lc_ctype_c.o(locale$$data)
    .data                                    0x20000000   Section       20  system_stm32f4xx.o(.data)
    .data                                    0x20000014   Section        4  board.o(.data)
    .data                                    0x20000018   Section       88  usart.o(.data)
    systemUsart                              0x20000018   Data           8  usart.o(.data)
    uart_ops                                 0x20000020   Data          28  usart.o(.data)
    .data                                    0x20000070   Section        4  device.o(.data)
    putc_                                    0x20000070   Data           4  device.o(.data)
    .data                                    0x20000074   Section       16  stm32f4xx_rcc.o(.data)
    APBAHBPrescTable                         0x20000074   Data          16  stm32f4xx_rcc.o(.data)
    .bss                                     0x20000084   Section      512  usart.o(.bss)
    UartCom1Txbuf                            0x20000084   Data         256  usart.o(.bss)
    UartCom1Rxbuf                            0x20000184   Data         256  usart.o(.bss)
    .bss                                     0x20000284   Section       96  libspace.o(.bss)
    HEAP                                     0x200002e8   Section      512  startup_stm32f40_41xxx.o(HEAP)
    Heap_Mem                                 0x200002e8   Data         512  startup_stm32f40_41xxx.o(HEAP)
    STACK                                    0x200004e8   Section     1024  startup_stm32f40_41xxx.o(STACK)
    Stack_Mem                                0x200004e8   Data        1024  startup_stm32f40_41xxx.o(STACK)
    __initial_sp                             0x200008e8   Data           0  startup_stm32f40_41xxx.o(STACK)

    Global Symbols

    Symbol Name                              Value     Ov Type        Size  Object(Section)

    BuildAttributes$$THM_ISAv4$E$P$D$K$B$S$7EM$VFPi3$EXTD16$VFPS$VFMA$PE$A:L22UL41UL21$X:L11$S22US41US21$IEEE1$IW$USESV6$~STKCKD$USESV7$~SHL$OTIME$ROPI$IEEEJ$EBA8$UX$STANDARDLIB$REQ8$PRES8$EABIv2 0x00000000   Number         0  anon$$obj.o ABSOLUTE
    __ARM_use_no_argv                        0x00000000   Number         0  main.o ABSOLUTE
    _printf_flags                            0x00000000   Number         0  printf_stubs.o ABSOLUTE
    _printf_return_value                     0x00000000   Number         0  printf_stubs.o ABSOLUTE
    _printf_sizespec                         0x00000000   Number         0  printf_stubs.o ABSOLUTE
    _printf_widthprec                        0x00000000   Number         0  printf_stubs.o ABSOLUTE
    __ARM_exceptions_init                     - Undefined Weak Reference
    __alloca_initialize                       - Undefined Weak Reference
    __cpp_initialize__aeabi_                  - Undefined Weak Reference
    __cxa_finalize                            - Undefined Weak Reference
    __sigvec_lookup                           - Undefined Weak Reference
    _atexit_init                              - Undefined Weak Reference
    _call_atexit_fns                          - Undefined Weak Reference
    _clock_init                               - Undefined Weak Reference
    _fp_trap_init                             - Undefined Weak Reference
    _fp_trap_shutdown                         - Undefined Weak Reference
    _get_lc_collate                           - Undefined Weak Reference
    _get_lc_monetary                          - Undefined Weak Reference
    _get_lc_time                              - Undefined Weak Reference
    _getenv_init                              - Undefined Weak Reference
    _handle_redirection                       - Undefined Weak Reference
    _init_alloc                               - Undefined Weak Reference
    _init_user_alloc                          - Undefined Weak Reference
    _initio                                   - Undefined Weak Reference
    _printf_mbtowc                            - Undefined Weak Reference
    _printf_wc                                - Undefined Weak Reference
    _rand_init                                - Undefined Weak Reference
    _signal_finish                            - Undefined Weak Reference
    _signal_init                              - Undefined Weak Reference
    _terminate_alloc                          - Undefined Weak Reference
    _terminate_user_alloc                     - Undefined Weak Reference
    _terminateio                              - Undefined Weak Reference
    __Vectors_Size                           0x00000188   Number         0  startup_stm32f40_41xxx.o ABSOLUTE
    __Vectors                                0x08000000   Data           4  startup_stm32f40_41xxx.o(RESET)
    __Vectors_End                            0x08000188   Data           0  startup_stm32f40_41xxx.o(RESET)
    __main                                   0x08000189   Thumb Code     8  __main.o(!!!main)
    __scatterload                            0x08000191   Thumb Code     0  __scatter.o(!!!scatter)
    __scatterload_rt2                        0x08000191   Thumb Code    44  __scatter.o(!!!scatter)
    __scatterload_rt2_thumb_only             0x08000191   Thumb Code     0  __scatter.o(!!!scatter)
    __scatterload_null                       0x0800019f   Thumb Code     0  __scatter.o(!!!scatter)
    __scatterload_copy                       0x080001c5   Thumb Code    26  __scatter_copy.o(!!handler_copy)
    __scatterload_zeroinit                   0x080001e1   Thumb Code    28  __scatter_zi.o(!!handler_zi)
    _printf_n                                0x080001fd   Thumb Code     0  _printf_n.o(.ARM.Collect$$_printf_percent$$00000001)
    _printf_percent                          0x080001fd   Thumb Code     0  _printf_percent.o(.ARM.Collect$$_printf_percent$$00000000)
    _printf_p                                0x08000203   Thumb Code     0  _printf_p.o(.ARM.Collect$$_printf_percent$$00000002)
    _printf_f                                0x08000209   Thumb Code     0  _printf_f.o(.ARM.Collect$$_printf_percent$$00000003)
    _printf_e                                0x0800020f   Thumb Code     0  _printf_e.o(.ARM.Collect$$_printf_percent$$00000004)
    _printf_g                                0x08000215   Thumb Code     0  _printf_g.o(.ARM.Collect$$_printf_percent$$00000005)
    _printf_a                                0x0800021b   Thumb Code     0  _printf_a.o(.ARM.Collect$$_printf_percent$$00000006)
    _printf_ll                               0x08000221   Thumb Code     0  _printf_ll.o(.ARM.Collect$$_printf_percent$$00000007)
    _printf_i                                0x0800022b   Thumb Code     0  _printf_i.o(.ARM.Collect$$_printf_percent$$00000008)
    _printf_d                                0x08000231   Thumb Code     0  _printf_d.o(.ARM.Collect$$_printf_percent$$00000009)
    _printf_u                                0x08000237   Thumb Code     0  _printf_u.o(.ARM.Collect$$_printf_percent$$0000000A)
    _printf_o                                0x0800023d   Thumb Code     0  _printf_o.o(.ARM.Collect$$_printf_percent$$0000000B)
    _printf_x                                0x08000243   Thumb Code     0  _printf_x.o(.ARM.Collect$$_printf_percent$$0000000C)
    _printf_lli                              0x08000249   Thumb Code     0  _printf_lli.o(.ARM.Collect$$_printf_percent$$0000000D)
    _printf_lld                              0x0800024f   Thumb Code     0  _printf_lld.o(.ARM.Collect$$_printf_percent$$0000000E)
    _printf_llu                              0x08000255   Thumb Code     0  _printf_llu.o(.ARM.Collect$$_printf_percent$$0000000F)
    _printf_llo                              0x0800025b   Thumb Code     0  _printf_llo.o(.ARM.Collect$$_printf_percent$$00000010)
    _printf_llx                              0x08000261   Thumb Code     0  _printf_llx.o(.ARM.Collect$$_printf_percent$$00000011)
    _printf_l                                0x08000267   Thumb Code     0  _printf_l.o(.ARM.Collect$$_printf_percent$$00000012)
    _printf_c                                0x08000271   Thumb Code     0  _printf_c.o(.ARM.Collect$$_printf_percent$$00000013)
    _printf_s                                0x08000277   Thumb Code     0  _printf_s.o(.ARM.Collect$$_printf_percent$$00000014)
    _printf_lc                               0x0800027d   Thumb Code     0  _printf_lc.o(.ARM.Collect$$_printf_percent$$00000015)
    _printf_ls                               0x08000283   Thumb Code     0  _printf_ls.o(.ARM.Collect$$_printf_percent$$00000016)
    _printf_percent_end                      0x08000289   Thumb Code     0  _printf_percent_end.o(.ARM.Collect$$_printf_percent$$00000017)
    __rt_lib_init                            0x0800028d   Thumb Code     0  libinit.o(.ARM.Collect$$libinit$$00000000)
    __rt_lib_init_fp_1                       0x0800028f   Thumb Code     0  libinit2.o(.ARM.Collect$$libinit$$00000001)
    __rt_lib_init_heap_1                     0x08000293   Thumb Code     0  libinit2.o(.ARM.Collect$$libinit$$00000008)
    __rt_lib_init_lc_common                  0x08000293   Thumb Code     0  libinit2.o(.ARM.Collect$$libinit$$0000000D)
    __rt_lib_init_rand_1                     0x08000293   Thumb Code     0  libinit2.o(.ARM.Collect$$libinit$$0000000C)
    __rt_lib_init_user_alloc_1               0x08000293   Thumb Code     0  libinit2.o(.ARM.Collect$$libinit$$0000000A)
    __rt_lib_init_lc_collate_1               0x08000299   Thumb Code     0  libinit2.o(.ARM.Collect$$libinit$$0000000F)
    __rt_lib_init_lc_ctype_2                 0x08000299   Thumb Code     0  libinit2.o(.ARM.Collect$$libinit$$00000010)
    __rt_lib_init_lc_ctype_1                 0x080002a5   Thumb Code     0  libinit2.o(.ARM.Collect$$libinit$$00000011)
    __rt_lib_init_lc_monetary_1              0x080002a5   Thumb Code     0  libinit2.o(.ARM.Collect$$libinit$$00000013)
    __rt_lib_init_lc_numeric_2               0x080002a5   Thumb Code     0  libinit2.o(.ARM.Collect$$libinit$$00000014)
    __rt_lib_init_alloca_1                   0x080002af   Thumb Code     0  libinit2.o(.ARM.Collect$$libinit$$0000002C)
    __rt_lib_init_argv_1                     0x080002af   Thumb Code     0  libinit2.o(.ARM.Collect$$libinit$$0000002A)
    __rt_lib_init_atexit_1                   0x080002af   Thumb Code     0  libinit2.o(.ARM.Collect$$libinit$$00000019)
    __rt_lib_init_clock_1                    0x080002af   Thumb Code     0  libinit2.o(.ARM.Collect$$libinit$$0000001F)
    __rt_lib_init_cpp_1                      0x080002af   Thumb Code     0  libinit2.o(.ARM.Collect$$libinit$$00000030)
    __rt_lib_init_exceptions_1               0x080002af   Thumb Code     0  libinit2.o(.ARM.Collect$$libinit$$0000002E)
    __rt_lib_init_fp_trap_1                  0x080002af   Thumb Code     0  libinit2.o(.ARM.Collect$$libinit$$0000001D)
    __rt_lib_init_getenv_1                   0x080002af   Thumb Code     0  libinit2.o(.ARM.Collect$$libinit$$00000021)
    __rt_lib_init_lc_numeric_1               0x080002af   Thumb Code     0  libinit2.o(.ARM.Collect$$libinit$$00000015)
    __rt_lib_init_lc_time_1                  0x080002af   Thumb Code     0  libinit2.o(.ARM.Collect$$libinit$$00000017)
    __rt_lib_init_return                     0x080002af   Thumb Code     0  libinit2.o(.ARM.Collect$$libinit$$00000031)
    __rt_lib_init_signal_1                   0x080002af   Thumb Code     0  libinit2.o(.ARM.Collect$$libinit$$0000001B)
    __rt_lib_init_stdio_1                    0x080002af   Thumb Code     0  libinit2.o(.ARM.Collect$$libinit$$00000023)
    __rt_lib_shutdown                        0x080002b1   Thumb Code     0  libshutdown.o(.ARM.Collect$$libshutdown$$00000000)
    __rt_lib_shutdown_fp_trap_1              0x080002b3   Thumb Code     0  libshutdown2.o(.ARM.Collect$$libshutdown$$00000006)
    __rt_lib_shutdown_heap_1                 0x080002b3   Thumb Code     0  libshutdown2.o(.ARM.Collect$$libshutdown$$0000000E)
    __rt_lib_shutdown_return                 0x080002b3   Thumb Code     0  libshutdown2.o(.ARM.Collect$$libshutdown$$0000000F)
    __rt_lib_shutdown_signal_1               0x080002b3   Thumb Code     0  libshutdown2.o(.ARM.Collect$$libshutdown$$00000009)
    __rt_lib_shutdown_stdio_1                0x080002b3   Thumb Code     0  libshutdown2.o(.ARM.Collect$$libshutdown$$00000003)
    __rt_lib_shutdown_user_alloc_1           0x080002b3   Thumb Code     0  libshutdown2.o(.ARM.Collect$$libshutdown$$0000000B)
    __rt_entry                               0x080002b5   Thumb Code     0  rtentry.o(.ARM.Collect$$rtentry$$00000000)
    __rt_entry_presh_1                       0x080002b5   Thumb Code     0  rtentry2.o(.ARM.Collect$$rtentry$$00000002)
    __rt_entry_sh                            0x080002b5   Thumb Code     0  rtentry4.o(.ARM.Collect$$rtentry$$00000004)
    __rt_entry_li                            0x080002bb   Thumb Code     0  rtentry2.o(.ARM.Collect$$rtentry$$0000000A)
    __rt_entry_postsh_1                      0x080002bb   Thumb Code     0  rtentry2.o(.ARM.Collect$$rtentry$$00000009)
    __rt_entry_main                          0x080002bf   Thumb Code     0  rtentry2.o(.ARM.Collect$$rtentry$$0000000D)
    __rt_entry_postli_1                      0x080002bf   Thumb Code     0  rtentry2.o(.ARM.Collect$$rtentry$$0000000C)
    __rt_exit                                0x080002c7   Thumb Code     0  rtexit.o(.ARM.Collect$$rtexit$$00000000)
    __rt_exit_ls                             0x080002c9   Thumb Code     0  rtexit2.o(.ARM.Collect$$rtexit$$00000003)
    __rt_exit_prels_1                        0x080002c9   Thumb Code     0  rtexit2.o(.ARM.Collect$$rtexit$$00000002)
    __rt_exit_exit                           0x080002cd   Thumb Code     0  rtexit2.o(.ARM.Collect$$rtexit$$00000004)
    Reset_Handler                            0x080002d5   Thumb Code     8  startup_stm32f40_41xxx.o(.text)
    ADC_IRQHandler                           0x080002ef   Thumb Code     0  startup_stm32f40_41xxx.o(.text)
    CAN1_RX0_IRQHandler                      0x080002ef   Thumb Code     0  startup_stm32f40_41xxx.o(.text)
    CAN1_RX1_IRQHandler                      0x080002ef   Thumb Code     0  startup_stm32f40_41xxx.o(.text)
    CAN1_SCE_IRQHandler                      0x080002ef   Thumb Code     0  startup_stm32f40_41xxx.o(.text)
    CAN1_TX_IRQHandler                       0x080002ef   Thumb Code     0  startup_stm32f40_41xxx.o(.text)
    CAN2_RX0_IRQHandler                      0x080002ef   Thumb Code     0  startup_stm32f40_41xxx.o(.text)
    CAN2_RX1_IRQHandler                      0x080002ef   Thumb Code     0  startup_stm32f40_41xxx.o(.text)
    CAN2_SCE_IRQHandler                      0x080002ef   Thumb Code     0  startup_stm32f40_41xxx.o(.text)
    CAN2_TX_IRQHandler                       0x080002ef   Thumb Code     0  startup_stm32f40_41xxx.o(.text)
    CRYP_IRQHandler                          0x080002ef   Thumb Code     0  startup_stm32f40_41xxx.o(.text)
    DCMI_IRQHandler                          0x080002ef   Thumb Code     0  startup_stm32f40_41xxx.o(.text)
    DMA1_Stream0_IRQHandler                  0x080002ef   Thumb Code     0  startup_stm32f40_41xxx.o(.text)
    DMA1_Stream1_IRQHandler                  0x080002ef   Thumb Code     0  startup_stm32f40_41xxx.o(.text)
    DMA1_Stream2_IRQHandler                  0x080002ef   Thumb Code     0  startup_stm32f40_41xxx.o(.text)
    DMA1_Stream3_IRQHandler                  0x080002ef   Thumb Code     0  startup_stm32f40_41xxx.o(.text)
    DMA1_Stream4_IRQHandler                  0x080002ef   Thumb Code     0  startup_stm32f40_41xxx.o(.text)
    DMA1_Stream5_IRQHandler                  0x080002ef   Thumb Code     0  startup_stm32f40_41xxx.o(.text)
    DMA1_Stream6_IRQHandler                  0x080002ef   Thumb Code     0  startup_stm32f40_41xxx.o(.text)
    DMA1_Stream7_IRQHandler                  0x080002ef   Thumb Code     0  startup_stm32f40_41xxx.o(.text)
    DMA2_Stream0_IRQHandler                  0x080002ef   Thumb Code     0  startup_stm32f40_41xxx.o(.text)
    DMA2_Stream1_IRQHandler                  0x080002ef   Thumb Code     0  startup_stm32f40_41xxx.o(.text)
    DMA2_Stream2_IRQHandler                  0x080002ef   Thumb Code     0  startup_stm32f40_41xxx.o(.text)
    DMA2_Stream3_IRQHandler                  0x080002ef   Thumb Code     0  startup_stm32f40_41xxx.o(.text)
    DMA2_Stream4_IRQHandler                  0x080002ef   Thumb Code     0  startup_stm32f40_41xxx.o(.text)
    DMA2_Stream5_IRQHandler                  0x080002ef   Thumb Code     0  startup_stm32f40_41xxx.o(.text)
    DMA2_Stream6_IRQHandler                  0x080002ef   Thumb Code     0  startup_stm32f40_41xxx.o(.text)
    DMA2_Stream7_IRQHandler                  0x080002ef   Thumb Code     0  startup_stm32f40_41xxx.o(.text)
    ETH_IRQHandler                           0x080002ef   Thumb Code     0  startup_stm32f40_41xxx.o(.text)
    ETH_WKUP_IRQHandler                      0x080002ef   Thumb Code     0  startup_stm32f40_41xxx.o(.text)
    EXTI0_IRQHandler                         0x080002ef   Thumb Code     0  startup_stm32f40_41xxx.o(.text)
    EXTI15_10_IRQHandler                     0x080002ef   Thumb Code     0  startup_stm32f40_41xxx.o(.text)
    EXTI1_IRQHandler                         0x080002ef   Thumb Code     0  startup_stm32f40_41xxx.o(.text)
    EXTI2_IRQHandler                         0x080002ef   Thumb Code     0  startup_stm32f40_41xxx.o(.text)
    EXTI3_IRQHandler                         0x080002ef   Thumb Code     0  startup_stm32f40_41xxx.o(.text)
    EXTI4_IRQHandler                         0x080002ef   Thumb Code     0  startup_stm32f40_41xxx.o(.text)
    EXTI9_5_IRQHandler                       0x080002ef   Thumb Code     0  startup_stm32f40_41xxx.o(.text)
    FLASH_IRQHandler                         0x080002ef   Thumb Code     0  startup_stm32f40_41xxx.o(.text)
    FPU_IRQHandler                           0x080002ef   Thumb Code     0  startup_stm32f40_41xxx.o(.text)
    FSMC_IRQHandler                          0x080002ef   Thumb Code     0  startup_stm32f40_41xxx.o(.text)
    HASH_RNG_IRQHandler                      0x080002ef   Thumb Code     0  startup_stm32f40_41xxx.o(.text)
    I2C1_ER_IRQHandler                       0x080002ef   Thumb Code     0  startup_stm32f40_41xxx.o(.text)
    I2C1_EV_IRQHandler                       0x080002ef   Thumb Code     0  startup_stm32f40_41xxx.o(.text)
    I2C2_ER_IRQHandler                       0x080002ef   Thumb Code     0  startup_stm32f40_41xxx.o(.text)
    I2C2_EV_IRQHandler                       0x080002ef   Thumb Code     0  startup_stm32f40_41xxx.o(.text)
    I2C3_ER_IRQHandler                       0x080002ef   Thumb Code     0  startup_stm32f40_41xxx.o(.text)
    I2C3_EV_IRQHandler                       0x080002ef   Thumb Code     0  startup_stm32f40_41xxx.o(.text)
    OTG_FS_IRQHandler                        0x080002ef   Thumb Code     0  startup_stm32f40_41xxx.o(.text)
    OTG_FS_WKUP_IRQHandler                   0x080002ef   Thumb Code     0  startup_stm32f40_41xxx.o(.text)
    OTG_HS_EP1_IN_IRQHandler                 0x080002ef   Thumb Code     0  startup_stm32f40_41xxx.o(.text)
    OTG_HS_EP1_OUT_IRQHandler                0x080002ef   Thumb Code     0  startup_stm32f40_41xxx.o(.text)
    OTG_HS_IRQHandler                        0x080002ef   Thumb Code     0  startup_stm32f40_41xxx.o(.text)
    OTG_HS_WKUP_IRQHandler                   0x080002ef   Thumb Code     0  startup_stm32f40_41xxx.o(.text)
    PVD_IRQHandler                           0x080002ef   Thumb Code     0  startup_stm32f40_41xxx.o(.text)
    RCC_IRQHandler                           0x080002ef   Thumb Code     0  startup_stm32f40_41xxx.o(.text)
    RTC_Alarm_IRQHandler                     0x080002ef   Thumb Code     0  startup_stm32f40_41xxx.o(.text)
    RTC_WKUP_IRQHandler                      0x080002ef   Thumb Code     0  startup_stm32f40_41xxx.o(.text)
    SDIO_IRQHandler                          0x080002ef   Thumb Code     0  startup_stm32f40_41xxx.o(.text)
    SPI1_IRQHandler                          0x080002ef   Thumb Code     0  startup_stm32f40_41xxx.o(.text)
    SPI2_IRQHandler                          0x080002ef   Thumb Code     0  startup_stm32f40_41xxx.o(.text)
    SPI3_IRQHandler                          0x080002ef   Thumb Code     0  startup_stm32f40_41xxx.o(.text)
    TAMP_STAMP_IRQHandler                    0x080002ef   Thumb Code     0  startup_stm32f40_41xxx.o(.text)
    TIM1_BRK_TIM9_IRQHandler                 0x080002ef   Thumb Code     0  startup_stm32f40_41xxx.o(.text)
    TIM1_CC_IRQHandler                       0x080002ef   Thumb Code     0  startup_stm32f40_41xxx.o(.text)
    TIM1_TRG_COM_TIM11_IRQHandler            0x080002ef   Thumb Code     0  startup_stm32f40_41xxx.o(.text)
    TIM1_UP_TIM10_IRQHandler                 0x080002ef   Thumb Code     0  startup_stm32f40_41xxx.o(.text)
    TIM2_IRQHandler                          0x080002ef   Thumb Code     0  startup_stm32f40_41xxx.o(.text)
    TIM3_IRQHandler                          0x080002ef   Thumb Code     0  startup_stm32f40_41xxx.o(.text)
    TIM4_IRQHandler                          0x080002ef   Thumb Code     0  startup_stm32f40_41xxx.o(.text)
    TIM5_IRQHandler                          0x080002ef   Thumb Code     0  startup_stm32f40_41xxx.o(.text)
    TIM6_DAC_IRQHandler                      0x080002ef   Thumb Code     0  startup_stm32f40_41xxx.o(.text)
    TIM7_IRQHandler                          0x080002ef   Thumb Code     0  startup_stm32f40_41xxx.o(.text)
    TIM8_BRK_TIM12_IRQHandler                0x080002ef   Thumb Code     0  startup_stm32f40_41xxx.o(.text)
    TIM8_CC_IRQHandler                       0x080002ef   Thumb Code     0  startup_stm32f40_41xxx.o(.text)
    TIM8_TRG_COM_TIM14_IRQHandler            0x080002ef   Thumb Code     0  startup_stm32f40_41xxx.o(.text)
    TIM8_UP_TIM13_IRQHandler                 0x080002ef   Thumb Code     0  startup_stm32f40_41xxx.o(.text)
    UART4_IRQHandler                         0x080002ef   Thumb Code     0  startup_stm32f40_41xxx.o(.text)
    UART5_IRQHandler                         0x080002ef   Thumb Code     0  startup_stm32f40_41xxx.o(.text)
    USART2_IRQHandler                        0x080002ef   Thumb Code     0  startup_stm32f40_41xxx.o(.text)
    USART3_IRQHandler                        0x080002ef   Thumb Code     0  startup_stm32f40_41xxx.o(.text)
    USART6_IRQHandler                        0x080002ef   Thumb Code     0  startup_stm32f40_41xxx.o(.text)
    WWDG_IRQHandler                          0x080002ef   Thumb Code     0  startup_stm32f40_41xxx.o(.text)
    __user_initial_stackheap                 0x080002f1   Thumb Code     0  startup_stm32f40_41xxx.o(.text)
    NMI_Handler                              0x08000315   Thumb Code     2  stm32f4xx_it.o(.text)
    HardFault_Handler                        0x08000317   Thumb Code     4  stm32f4xx_it.o(.text)
    MemManage_Handler                        0x0800031b   Thumb Code     4  stm32f4xx_it.o(.text)
    BusFault_Handler                         0x0800031f   Thumb Code     4  stm32f4xx_it.o(.text)
    UsageFault_Handler                       0x08000323   Thumb Code     4  stm32f4xx_it.o(.text)
    SVC_Handler                              0x08000327   Thumb Code     2  stm32f4xx_it.o(.text)
    DebugMon_Handler                         0x08000329   Thumb Code     2  stm32f4xx_it.o(.text)
    PendSV_Handler                           0x0800032b   Thumb Code     2  stm32f4xx_it.o(.text)
    SystemInit                               0x08000409   Thumb Code    88  system_stm32f4xx.o(.text)
    SystemCoreClockUpdate                    0x08000461   Thumb Code   174  system_stm32f4xx.o(.text)
    alientek_systick_init                    0x0800053d   Thumb Code    52  board.o(.text)
    SysTick_Handler                          0x08000571   Thumb Code    18  board.o(.text)
    alientek_usart1_init                     0x08000583   Thumb Code   130  board.o(.text)
    alientek_putc                            0x08000605   Thumb Code    42  board.o(.text)
    alientek_console_init                    0x0800062f   Thumb Code     8  board.o(.text)
    USART1_IRQHandler                        0x08000645   Thumb Code    14  usart.o(.text)
    USART1_configuration                     0x08000653   Thumb Code   182  usart.o(.text)
    UartCom_Initialize                       0x08000709   Thumb Code    64  usart.o(.text)
    UartCom_IRQ                              0x08000749   Thumb Code   154  usart.o(.text)
    UartCom_GetMsg                           0x080007e3   Thumb Code    64  usart.o(.text)
    UartCom_SendMsg                          0x08000823   Thumb Code   190  usart.o(.text)
    UartCom_RtCtrl                           0x080008e1   Thumb Code    28  usart.o(.text)
    UartCom_SetParmas                        0x080008fd   Thumb Code    32  usart.o(.text)
    UartCom_CheckRxOver                      0x0800091d   Thumb Code    46  usart.o(.text)
    usart_checkover                          0x08000977   Thumb Code    14  usart.o(.text)
    usart_find                               0x08000985   Thumb Code    26  usart.o(.text)
    stm32f4_usart_init                       0x0800099f   Thumb Code    22  usart.o(.text)
    device_init                              0x080009d1   Thumb Code    20  device.o(.text)
    console_init                             0x08000a15   Thumb Code     6  device.o(.text)
    printk                                   0x08000a1b   Thumb Code    36  device.o(.text)
    fifo_init                                0x08000a61   Thumb Code    12  fifo.o(.text)
    fifo_push                                0x08000a6d   Thumb Code    24  fifo.o(.text)
    fifo_pop                                 0x08000a85   Thumb Code    32  fifo.o(.text)
    fifo_flush                               0x08000aa5   Thumb Code     8  fifo.o(.text)
    fifo_isempty                             0x08000aad   Thumb Code    18  fifo.o(.text)
    fifo_isfull                              0x08000abf   Thumb Code    26  fifo.o(.text)
    NVIC_PriorityGroupConfig                 0x08000ad9   Thumb Code    10  misc.o(.text)
    NVIC_Init                                0x08000ae3   Thumb Code   106  misc.o(.text)
    NVIC_SetVectorTable                      0x08000b4d   Thumb Code    14  misc.o(.text)
    NVIC_SystemLPConfig                      0x08000b5b   Thumb Code    34  misc.o(.text)
    SysTick_CLKSourceConfig                  0x08000b7d   Thumb Code    40  misc.o(.text)
    GPIO_DeInit                              0x08000bb9   Thumb Code   268  stm32f4xx_gpio.o(.text)
    GPIO_Init                                0x08000cc5   Thumb Code   144  stm32f4xx_gpio.o(.text)
    GPIO_StructInit                          0x08000d55   Thumb Code    18  stm32f4xx_gpio.o(.text)
    GPIO_PinLockConfig                       0x08000d67   Thumb Code    34  stm32f4xx_gpio.o(.text)
    GPIO_ReadInputDataBit                    0x08000d89   Thumb Code    18  stm32f4xx_gpio.o(.text)
    GPIO_ReadInputData                       0x08000d9b   Thumb Code     8  stm32f4xx_gpio.o(.text)
    GPIO_ReadOutputDataBit                   0x08000da3   Thumb Code    18  stm32f4xx_gpio.o(.text)
    GPIO_ReadOutputData                      0x08000db5   Thumb Code     8  stm32f4xx_gpio.o(.text)
    GPIO_SetBits                             0x08000dbd   Thumb Code     4  stm32f4xx_gpio.o(.text)
    GPIO_ResetBits                           0x08000dc1   Thumb Code     4  stm32f4xx_gpio.o(.text)
    GPIO_WriteBit                            0x08000dc5   Thumb Code    10  stm32f4xx_gpio.o(.text)
    GPIO_Write                               0x08000dcf   Thumb Code     4  stm32f4xx_gpio.o(.text)
    GPIO_ToggleBits                          0x08000dd3   Thumb Code     8  stm32f4xx_gpio.o(.text)
    GPIO_PinAFConfig                         0x08000ddb   Thumb Code    70  stm32f4xx_gpio.o(.text)
    RCC_DeInit                               0x08000e4d   Thumb Code    82  stm32f4xx_rcc.o(.text)
    RCC_HSEConfig                            0x08000e9f   Thumb Code    14  stm32f4xx_rcc.o(.text)
    RCC_GetFlagStatus                        0x08000ead   Thumb Code    60  stm32f4xx_rcc.o(.text)
    RCC_WaitForHSEStartUp                    0x08000ee9   Thumb Code    56  stm32f4xx_rcc.o(.text)
    RCC_AdjustHSICalibrationValue            0x08000f21   Thumb Code    20  stm32f4xx_rcc.o(.text)
    RCC_HSICmd                               0x08000f35   Thumb Code     6  stm32f4xx_rcc.o(.text)
    RCC_LSEConfig                            0x08000f3b   Thumb Code    46  stm32f4xx_rcc.o(.text)
    RCC_LSICmd                               0x08000f69   Thumb Code     6  stm32f4xx_rcc.o(.text)
    RCC_PLLConfig                            0x08000f6f   Thumb Code    32  stm32f4xx_rcc.o(.text)
    RCC_PLLCmd                               0x08000f8f   Thumb Code     6  stm32f4xx_rcc.o(.text)
    RCC_PLLI2SConfig                         0x08000f95   Thumb Code    14  stm32f4xx_rcc.o(.text)
    RCC_PLLI2SCmd                            0x08000fa3   Thumb Code     6  stm32f4xx_rcc.o(.text)
    RCC_PLLSAIConfig                         0x08000fa9   Thumb Code    20  stm32f4xx_rcc.o(.text)
    RCC_PLLSAICmd                            0x08000fbd   Thumb Code     6  stm32f4xx_rcc.o(.text)
    RCC_ClockSecuritySystemCmd               0x08000fc3   Thumb Code     6  stm32f4xx_rcc.o(.text)
    RCC_MCO1Config                           0x08000fc9   Thumb Code    28  stm32f4xx_rcc.o(.text)
    RCC_MCO2Config                           0x08000fe5   Thumb Code    28  stm32f4xx_rcc.o(.text)
    RCC_SYSCLKConfig                         0x08001001   Thumb Code    20  stm32f4xx_rcc.o(.text)
    RCC_GetSYSCLKSource                      0x08001015   Thumb Code    12  stm32f4xx_rcc.o(.text)
    RCC_HCLKConfig                           0x08001021   Thumb Code    20  stm32f4xx_rcc.o(.text)
    RCC_PCLK1Config                          0x08001035   Thumb Code    20  stm32f4xx_rcc.o(.text)
    RCC_PCLK2Config                          0x08001049   Thumb Code    22  stm32f4xx_rcc.o(.text)
    RCC_GetClocksFreq                        0x0800105f   Thumb Code   222  stm32f4xx_rcc.o(.text)
    RCC_RTCCLKConfig                         0x0800113d   Thumb Code    54  stm32f4xx_rcc.o(.text)
    RCC_RTCCLKCmd                            0x08001173   Thumb Code     8  stm32f4xx_rcc.o(.text)
    RCC_BackupResetCmd                       0x0800117b   Thumb Code     8  stm32f4xx_rcc.o(.text)
    RCC_I2SCLKConfig                         0x08001183   Thumb Code     6  stm32f4xx_rcc.o(.text)
    RCC_SAIPLLI2SClkDivConfig                0x08001189   Thumb Code    26  stm32f4xx_rcc.o(.text)
    RCC_SAIPLLSAIClkDivConfig                0x080011a3   Thumb Code    28  stm32f4xx_rcc.o(.text)
    RCC_SAIBlockACLKConfig                   0x080011bf   Thumb Code    20  stm32f4xx_rcc.o(.text)
    RCC_SAIBlockBCLKConfig                   0x080011d3   Thumb Code    20  stm32f4xx_rcc.o(.text)
    RCC_LTDCCLKDivConfig                     0x080011e7   Thumb Code    20  stm32f4xx_rcc.o(.text)
    RCC_TIMCLKPresConfig                     0x080011fb   Thumb Code     6  stm32f4xx_rcc.o(.text)
    RCC_AHB1PeriphClockCmd                   0x08001201   Thumb Code    34  stm32f4xx_rcc.o(.text)
    RCC_AHB2PeriphClockCmd                   0x08001223   Thumb Code    78  stm32f4xx_rcc.o(.text)
    RCC_AHB3PeriphClockCmd                   0x08001271   Thumb Code    34  stm32f4xx_rcc.o(.text)
    RCC_APB1PeriphClockCmd                   0x08001293   Thumb Code    34  stm32f4xx_rcc.o(.text)
    RCC_APB2PeriphClockCmd                   0x080012b5   Thumb Code    34  stm32f4xx_rcc.o(.text)
    RCC_AHB1PeriphResetCmd                   0x080012d7   Thumb Code    34  stm32f4xx_rcc.o(.text)
    RCC_AHB2PeriphResetCmd                   0x080012f9   Thumb Code    34  stm32f4xx_rcc.o(.text)
    RCC_AHB3PeriphResetCmd                   0x0800131b   Thumb Code    34  stm32f4xx_rcc.o(.text)
    RCC_APB1PeriphResetCmd                   0x0800133d   Thumb Code    34  stm32f4xx_rcc.o(.text)
    RCC_APB2PeriphResetCmd                   0x0800135f   Thumb Code    34  stm32f4xx_rcc.o(.text)
    RCC_AHB1PeriphClockLPModeCmd             0x08001381   Thumb Code    34  stm32f4xx_rcc.o(.text)
    RCC_AHB2PeriphClockLPModeCmd             0x080013a3   Thumb Code    34  stm32f4xx_rcc.o(.text)
    RCC_AHB3PeriphClockLPModeCmd             0x080013c5   Thumb Code    34  stm32f4xx_rcc.o(.text)
    RCC_APB1PeriphClockLPModeCmd             0x080013e7   Thumb Code    34  stm32f4xx_rcc.o(.text)
    RCC_APB2PeriphClockLPModeCmd             0x08001409   Thumb Code    34  stm32f4xx_rcc.o(.text)
    RCC_LSEModeConfig                        0x0800142b   Thumb Code    40  stm32f4xx_rcc.o(.text)
    RCC_ITConfig                             0x08001453   Thumb Code    34  stm32f4xx_rcc.o(.text)
    RCC_ClearFlag                            0x08001475   Thumb Code    18  stm32f4xx_rcc.o(.text)
    RCC_GetITStatus                          0x08001487   Thumb Code    22  stm32f4xx_rcc.o(.text)
    RCC_ClearITPendingBit                    0x0800149d   Thumb Code     8  stm32f4xx_rcc.o(.text)
    USART_DeInit                             0x080014a9   Thumb Code   206  stm32f4xx_usart.o(.text)
    USART_Init                               0x08001577   Thumb Code   204  stm32f4xx_usart.o(.text)
    USART_StructInit                         0x08001643   Thumb Code    24  stm32f4xx_usart.o(.text)
    USART_ClockInit                          0x0800165b   Thumb Code    32  stm32f4xx_usart.o(.text)
    USART_ClockStructInit                    0x0800167b   Thumb Code    12  stm32f4xx_usart.o(.text)
    USART_Cmd                                0x08001687   Thumb Code    24  stm32f4xx_usart.o(.text)
    USART_SetPrescaler                       0x0800169f   Thumb Code    16  stm32f4xx_usart.o(.text)
    USART_OverSampling8Cmd                   0x080016af   Thumb Code    22  stm32f4xx_usart.o(.text)
    USART_OneBitMethodCmd                    0x080016c5   Thumb Code    24  stm32f4xx_usart.o(.text)
    USART_SendData                           0x080016dd   Thumb Code     8  stm32f4xx_usart.o(.text)
    USART_ReceiveData                        0x080016e5   Thumb Code    10  stm32f4xx_usart.o(.text)
    USART_SetAddress                         0x080016ef   Thumb Code    18  stm32f4xx_usart.o(.text)
    USART_ReceiverWakeUpCmd                  0x08001701   Thumb Code    24  stm32f4xx_usart.o(.text)
    USART_WakeUpConfig                       0x08001719   Thumb Code    18  stm32f4xx_usart.o(.text)
    USART_LINBreakDetectLengthConfig         0x0800172b   Thumb Code    18  stm32f4xx_usart.o(.text)
    USART_LINCmd                             0x0800173d   Thumb Code    24  stm32f4xx_usart.o(.text)
    USART_SendBreak                          0x08001755   Thumb Code    10  stm32f4xx_usart.o(.text)
    USART_HalfDuplexCmd                      0x0800175f   Thumb Code    24  stm32f4xx_usart.o(.text)
    USART_SetGuardTime                       0x08001777   Thumb Code    16  stm32f4xx_usart.o(.text)
    USART_SmartCardCmd                       0x08001787   Thumb Code    24  stm32f4xx_usart.o(.text)
    USART_SmartCardNACKCmd                   0x0800179f   Thumb Code    24  stm32f4xx_usart.o(.text)
    USART_IrDAConfig                         0x080017b7   Thumb Code    18  stm32f4xx_usart.o(.text)
    USART_IrDACmd                            0x080017c9   Thumb Code    24  stm32f4xx_usart.o(.text)
    USART_DMACmd                             0x080017e1   Thumb Code    18  stm32f4xx_usart.o(.text)
    USART_ITConfig                           0x080017f3   Thumb Code    74  stm32f4xx_usart.o(.text)
    USART_GetFlagStatus                      0x0800183d   Thumb Code    26  stm32f4xx_usart.o(.text)
    USART_ClearFlag                          0x08001857   Thumb Code    18  stm32f4xx_usart.o(.text)
    USART_GetITStatus                        0x08001869   Thumb Code   118  stm32f4xx_usart.o(.text)
    USART_ClearITPendingBit                  0x080018df   Thumb Code    30  stm32f4xx_usart.o(.text)
    delay_ms                                 0x080018fd   Thumb Code    32  main.o(.text)
    main                                     0x0800191d   Thumb Code    54  main.o(.text)
    vsprintf                                 0x0800195d   Thumb Code    32  vsprintf.o(.text)
    __use_two_region_memory                  0x08001981   Thumb Code     2  heapauxi.o(.text)
    __rt_heap_escrow$2region                 0x08001983   Thumb Code     2  heapauxi.o(.text)
    __rt_heap_expand$2region                 0x08001985   Thumb Code     2  heapauxi.o(.text)
    _printf_pre_padding                      0x08001987   Thumb Code    44  _printf_pad.o(.text)
    _printf_post_padding                     0x080019b3   Thumb Code    34  _printf_pad.o(.text)
    _printf_truncate_signed                  0x080019d5   Thumb Code    18  _printf_truncate.o(.text)
    _printf_truncate_unsigned                0x080019e7   Thumb Code    18  _printf_truncate.o(.text)
    _printf_str                              0x080019f9   Thumb Code    82  _printf_str.o(.text)
    _printf_int_dec                          0x08001a4d   Thumb Code   100  _printf_dec.o(.text)
    _printf_charcount                        0x08001ac1   Thumb Code    40  _printf_charcount.o(.text)
    _printf_char_common                      0x08001af3   Thumb Code    32  _printf_char_common.o(.text)
    _sputc                                   0x08001b19   Thumb Code    10  _sputc.o(.text)
    _printf_wctomb                           0x08001b25   Thumb Code   182  _printf_wctomb.o(.text)
    _printf_longlong_dec                     0x08001be1   Thumb Code   104  _printf_longlong_dec.o(.text)
    _printf_longlong_oct                     0x08001c59   Thumb Code    68  _printf_oct_int_ll.o(.text)
    _printf_int_oct                          0x08001c9d   Thumb Code    24  _printf_oct_int_ll.o(.text)
    _printf_ll_oct                           0x08001cb5   Thumb Code    12  _printf_oct_int_ll.o(.text)
    _printf_longlong_hex                     0x08001cc9   Thumb Code    86  _printf_hex_int_ll_ptr.o(.text)
    _printf_int_hex                          0x08001d1f   Thumb Code    28  _printf_hex_int_ll_ptr.o(.text)
    _printf_ll_hex                           0x08001d3b   Thumb Code    12  _printf_hex_int_ll_ptr.o(.text)
    _printf_hex_ptr                          0x08001d47   Thumb Code    18  _printf_hex_int_ll_ptr.o(.text)
    __printf                                 0x08001d5d   Thumb Code   388  __printf_flags_ss_wp.o(.text)
    _ll_udiv10                               0x08001ee5   Thumb Code   138  lludiv10.o(.text)
    _printf_int_common                       0x08001f6f   Thumb Code   178  _printf_intcommon.o(.text)
    __lib_sel_fp_printf                      0x08002021   Thumb Code     2  _printf_fp_dec.o(.text)
    _printf_fp_dec_real                      0x080021cf   Thumb Code   616  _printf_fp_dec.o(.text)
    _printf_fp_hex_real                      0x08002439   Thumb Code   750  _printf_fp_hex.o(.text)
    _printf_cs_common                        0x08002731   Thumb Code    20  _printf_char.o(.text)
    _printf_char                             0x08002745   Thumb Code    16  _printf_char.o(.text)
    _printf_string                           0x08002755   Thumb Code     8  _printf_char.o(.text)
    _printf_lcs_common                       0x0800275d   Thumb Code    20  _printf_wchar.o(.text)
    _printf_wchar                            0x08002771   Thumb Code    16  _printf_wchar.o(.text)
    _printf_wstring                          0x08002781   Thumb Code     8  _printf_wchar.o(.text)
    _wcrtomb                                 0x08002789   Thumb Code    64  _wcrtomb.o(.text)
    __user_setup_stackheap                   0x080027c9   Thumb Code    74  sys_stackheap_outer.o(.text)
    __rt_ctype_table                         0x08002815   Thumb Code    16  rt_ctype_table.o(.text)
    __rt_locale                              0x08002825   Thumb Code     8  rt_locale_intlibspace.o(.text)
    _printf_fp_infnan                        0x0800282d   Thumb Code   112  _printf_fp_infnan.o(.text)
    _btod_etento                             0x080028ad   Thumb Code   212  bigflt0.o(.text)
    exit                                     0x08002985   Thumb Code    12  exit.o(.text)
    __user_libspace                          0x08002991   Thumb Code     8  libspace.o(.text)
    __user_perproc_libspace                  0x08002991   Thumb Code     0  libspace.o(.text)
    __user_perthread_libspace                0x08002991   Thumb Code     0  libspace.o(.text)
    strcmp                                   0x08002999   Thumb Code   128  strcmpv7m.o(.text)
    _sys_exit                                0x08002a19   Thumb Code     8  sys_exit.o(.text)
    __I$use$semihosting                      0x08002a25   Thumb Code     0  use_no_semi.o(.text)
    __use_no_semihosting_swi                 0x08002a25   Thumb Code     2  use_no_semi.o(.text)
    __semihosting_library_function           0x08002a27   Thumb Code     0  indicate_semi.o(.text)
    _btod_d2e                                0x08002a27   Thumb Code    62  btod.o(CL$$btod_d2e)
    _d2e_denorm_low                          0x08002a65   Thumb Code    70  btod.o(CL$$btod_d2e_denorm_low)
    _d2e_norm_op1                            0x08002aab   Thumb Code    96  btod.o(CL$$btod_d2e_norm_op1)
    __btod_div_common                        0x08002b0b   Thumb Code   696  btod.o(CL$$btod_div_common)
    _e2e                                     0x08002e43   Thumb Code   198  btod.o(CL$$btod_e2e)
    _btod_ediv                               0x08002f09   Thumb Code    40  btod.o(CL$$btod_ediv)
    _btod_emul                               0x08002f31   Thumb Code    40  btod.o(CL$$btod_emul)
    __btod_mult_common                       0x08002f59   Thumb Code   580  btod.o(CL$$btod_mult_common)
    __ARM_fpclassify                         0x0800319d   Thumb Code    48  fpclassify.o(i.__ARM_fpclassify)
    _is_digit                                0x080031cd   Thumb Code    14  __printf_wp.o(i._is_digit)
    _get_lc_numeric                          0x080031dd   Thumb Code    44  lc_numeric_c.o(locale$$code)
    _get_lc_ctype                            0x08003209   Thumb Code    44  lc_ctype_c.o(locale$$code)
    _fp_init                                 0x08003235   Thumb Code    10  fpinit.o(x$fpl$fpinit)
    __fplib_config_fpu_vfp                   0x0800323d   Thumb Code     0  fpinit.o(x$fpl$fpinit)
    __fplib_config_pureend_doubles           0x0800323d   Thumb Code     0  fpinit.o(x$fpl$fpinit)
    _printf_fp_dec                           0x0800323f   Thumb Code     4  printf1.o(x$fpl$printf1)
    _printf_fp_hex                           0x08003243   Thumb Code     4  printf2.o(x$fpl$printf2)
    __I$use$fp                               0x08003246   Number         0  usenofp.o(x$fpl$usenofp)
    __board_init__stm32_board_start          0x08003248   Data           4  device.o(.board__fn.0.end)
    __board_init__alientek_console_init      0x0800324c   Data           4  board.o(.board__fn.1)
    __board_init__stm32f4_usart_init         0x08003250   Data           4  usart.o(.board__fn.1)
    __board_init__stm32_board_end            0x08003254   Data           4  device.o(.board__fn.1.end)
    Region$$Table$$Base                      0x08003354   Number         0  anon$$obj.o(Region$$Table)
    Region$$Table$$Limit                     0x08003374   Number         0  anon$$obj.o(Region$$Table)
    __ctype                                  0x0800339d   Data           0  lc_ctype_c.o(locale$$data)
    SystemCoreClock                          0x20000000   Data           4  system_stm32f4xx.o(.data)
    AHBPrescTable                            0x20000004   Data          16  system_stm32f4xx.o(.data)
    Tick                                     0x20000014   Data           4  board.o(.data)
    UartCom1                                 0x2000003c   Data          52  usart.o(.data)
    __libspace_start                         0x20000284   Data          96  libspace.o(.bss)
    __temporary_stack_top$libspace           0x200002e4   Data           0  libspace.o(.bss)



==============================================================================

Memory Map of the image

  Image Entry point : 0x080002d5

  Load Region LR_1 (Base: 0x08000000, Size: 0x00003524, Max: 0xffffffff, ABSOLUTE)

    Execution Region ER_RO (Base: 0x08000000, Size: 0x000034a0, Max: 0xffffffff, ABSOLUTE)

    Base Addr    Size         Type   Attr      Idx    E Section Name        Object

    0x08000000   0x00000188   Data   RO            3    RESET               startup_stm32f40_41xxx.o
    0x08000188   0x00000008   Code   RO          371  * !!!main             c_w.l(__main.o)
    0x08000190   0x00000034   Code   RO          689    !!!scatter          c_w.l(__scatter.o)
    0x080001c4   0x0000001a   Code   RO          691    !!handler_copy      c_w.l(__scatter_copy.o)
    0x080001de   0x00000002   PAD
    0x080001e0   0x0000001c   Code   RO          693    !!handler_zi        c_w.l(__scatter_zi.o)
    0x080001fc   0x00000000   Code   RO          455    .ARM.Collect$$_printf_percent$$00000000  c_w.l(_printf_percent.o)
    0x080001fc   0x00000006   Code   RO          444    .ARM.Collect$$_printf_percent$$00000001  c_w.l(_printf_n.o)
    0x08000202   0x00000006   Code   RO          446    .ARM.Collect$$_printf_percent$$00000002  c_w.l(_printf_p.o)
    0x08000208   0x00000006   Code   RO          451    .ARM.Collect$$_printf_percent$$00000003  c_w.l(_printf_f.o)
    0x0800020e   0x00000006   Code   RO          452    .ARM.Collect$$_printf_percent$$00000004  c_w.l(_printf_e.o)
    0x08000214   0x00000006   Code   RO          453    .ARM.Collect$$_printf_percent$$00000005  c_w.l(_printf_g.o)
    0x0800021a   0x00000006   Code   RO          454    .ARM.Collect$$_printf_percent$$00000006  c_w.l(_printf_a.o)
    0x08000220   0x0000000a   Code   RO          459    .ARM.Collect$$_printf_percent$$00000007  c_w.l(_printf_ll.o)
    0x0800022a   0x00000006   Code   RO          448    .ARM.Collect$$_printf_percent$$00000008  c_w.l(_printf_i.o)
    0x08000230   0x00000006   Code   RO          449    .ARM.Collect$$_printf_percent$$00000009  c_w.l(_printf_d.o)
    0x08000236   0x00000006   Code   RO          450    .ARM.Collect$$_printf_percent$$0000000A  c_w.l(_printf_u.o)
    0x0800023c   0x00000006   Code   RO          447    .ARM.Collect$$_printf_percent$$0000000B  c_w.l(_printf_o.o)
    0x08000242   0x00000006   Code   RO          445    .ARM.Collect$$_printf_percent$$0000000C  c_w.l(_printf_x.o)
    0x08000248   0x00000006   Code   RO          456    .ARM.Collect$$_printf_percent$$0000000D  c_w.l(_printf_lli.o)
    0x0800024e   0x00000006   Code   RO          457    .ARM.Collect$$_printf_percent$$0000000E  c_w.l(_printf_lld.o)
    0x08000254   0x00000006   Code   RO          458    .ARM.Collect$$_printf_percent$$0000000F  c_w.l(_printf_llu.o)
    0x0800025a   0x00000006   Code   RO          463    .ARM.Collect$$_printf_percent$$00000010  c_w.l(_printf_llo.o)
    0x08000260   0x00000006   Code   RO          464    .ARM.Collect$$_printf_percent$$00000011  c_w.l(_printf_llx.o)
    0x08000266   0x0000000a   Code   RO          460    .ARM.Collect$$_printf_percent$$00000012  c_w.l(_printf_l.o)
    0x08000270   0x00000006   Code   RO          442    .ARM.Collect$$_printf_percent$$00000013  c_w.l(_printf_c.o)
    0x08000276   0x00000006   Code   RO          443    .ARM.Collect$$_printf_percent$$00000014  c_w.l(_printf_s.o)
    0x0800027c   0x00000006   Code   RO          461    .ARM.Collect$$_printf_percent$$00000015  c_w.l(_printf_lc.o)
    0x08000282   0x00000006   Code   RO          462    .ARM.Collect$$_printf_percent$$00000016  c_w.l(_printf_ls.o)
    0x08000288   0x00000004   Code   RO          503    .ARM.Collect$$_printf_percent$$00000017  c_w.l(_printf_percent_end.o)
    0x0800028c   0x00000002   Code   RO          552    .ARM.Collect$$libinit$$00000000  c_w.l(libinit.o)
    0x0800028e   0x00000004   Code   RO          568    .ARM.Collect$$libinit$$00000001  c_w.l(libinit2.o)
    0x08000292   0x00000000   Code   RO          572    .ARM.Collect$$libinit$$00000008  c_w.l(libinit2.o)
    0x08000292   0x00000000   Code   RO          574    .ARM.Collect$$libinit$$0000000A  c_w.l(libinit2.o)
    0x08000292   0x00000000   Code   RO          576    .ARM.Collect$$libinit$$0000000C  c_w.l(libinit2.o)
    0x08000292   0x00000006   Code   RO          577    .ARM.Collect$$libinit$$0000000D  c_w.l(libinit2.o)
    0x08000298   0x00000000   Code   RO          579    .ARM.Collect$$libinit$$0000000F  c_w.l(libinit2.o)
    0x08000298   0x0000000c   Code   RO          580    .ARM.Collect$$libinit$$00000010  c_w.l(libinit2.o)
    0x080002a4   0x00000000   Code   RO          581    .ARM.Collect$$libinit$$00000011  c_w.l(libinit2.o)
    0x080002a4   0x00000000   Code   RO          583    .ARM.Collect$$libinit$$00000013  c_w.l(libinit2.o)
    0x080002a4   0x0000000a   Code   RO          584    .ARM.Collect$$libinit$$00000014  c_w.l(libinit2.o)
    0x080002ae   0x00000000   Code   RO          585    .ARM.Collect$$libinit$$00000015  c_w.l(libinit2.o)
    0x080002ae   0x00000000   Code   RO          587    .ARM.Collect$$libinit$$00000017  c_w.l(libinit2.o)
    0x080002ae   0x00000000   Code   RO          589    .ARM.Collect$$libinit$$00000019  c_w.l(libinit2.o)
    0x080002ae   0x00000000   Code   RO          591    .ARM.Collect$$libinit$$0000001B  c_w.l(libinit2.o)
    0x080002ae   0x00000000   Code   RO          593    .ARM.Collect$$libinit$$0000001D  c_w.l(libinit2.o)
    0x080002ae   0x00000000   Code   RO          595    .ARM.Collect$$libinit$$0000001F  c_w.l(libinit2.o)
    0x080002ae   0x00000000   Code   RO          597    .ARM.Collect$$libinit$$00000021  c_w.l(libinit2.o)
    0x080002ae   0x00000000   Code   RO          599    .ARM.Collect$$libinit$$00000023  c_w.l(libinit2.o)
    0x080002ae   0x00000000   Code   RO          603    .ARM.Collect$$libinit$$0000002A  c_w.l(libinit2.o)
    0x080002ae   0x00000000   Code   RO          605    .ARM.Collect$$libinit$$0000002C  c_w.l(libinit2.o)
    0x080002ae   0x00000000   Code   RO          607    .ARM.Collect$$libinit$$0000002E  c_w.l(libinit2.o)
    0x080002ae   0x00000000   Code   RO          609    .ARM.Collect$$libinit$$00000030  c_w.l(libinit2.o)
    0x080002ae   0x00000002   Code   RO          610    .ARM.Collect$$libinit$$00000031  c_w.l(libinit2.o)
    0x080002b0   0x00000002   Code   RO          630    .ARM.Collect$$libshutdown$$00000000  c_w.l(libshutdown.o)
    0x080002b2   0x00000000   Code   RO          644    .ARM.Collect$$libshutdown$$00000003  c_w.l(libshutdown2.o)
    0x080002b2   0x00000000   Code   RO          647    .ARM.Collect$$libshutdown$$00000006  c_w.l(libshutdown2.o)
    0x080002b2   0x00000000   Code   RO          650    .ARM.Collect$$libshutdown$$00000009  c_w.l(libshutdown2.o)
    0x080002b2   0x00000000   Code   RO          652    .ARM.Collect$$libshutdown$$0000000B  c_w.l(libshutdown2.o)
    0x080002b2   0x00000000   Code   RO          655    .ARM.Collect$$libshutdown$$0000000E  c_w.l(libshutdown2.o)
    0x080002b2   0x00000002   Code   RO          656    .ARM.Collect$$libshutdown$$0000000F  c_w.l(libshutdown2.o)
    0x080002b4   0x00000000   Code   RO          373    .ARM.Collect$$rtentry$$00000000  c_w.l(rtentry.o)
    0x080002b4   0x00000000   Code   RO          474    .ARM.Collect$$rtentry$$00000002  c_w.l(rtentry2.o)
    0x080002b4   0x00000006   Code   RO          486    .ARM.Collect$$rtentry$$00000004  c_w.l(rtentry4.o)
    0x080002ba   0x00000000   Code   RO          476    .ARM.Collect$$rtentry$$00000009  c_w.l(rtentry2.o)
    0x080002ba   0x00000004   Code   RO          477    .ARM.Collect$$rtentry$$0000000A  c_w.l(rtentry2.o)
    0x080002be   0x00000000   Code   RO          479    .ARM.Collect$$rtentry$$0000000C  c_w.l(rtentry2.o)
    0x080002be   0x00000008   Code   RO          480    .ARM.Collect$$rtentry$$0000000D  c_w.l(rtentry2.o)
    0x080002c6   0x00000002   Code   RO          561    .ARM.Collect$$rtexit$$00000000  c_w.l(rtexit.o)
    0x080002c8   0x00000000   Code   RO          612    .ARM.Collect$$rtexit$$00000002  c_w.l(rtexit2.o)
    0x080002c8   0x00000004   Code   RO          613    .ARM.Collect$$rtexit$$00000003  c_w.l(rtexit2.o)
    0x080002cc   0x00000006   Code   RO          614    .ARM.Collect$$rtexit$$00000004  c_w.l(rtexit2.o)
    0x080002d2   0x00000002   PAD
    0x080002d4   0x00000040   Code   RO            4  * .text               startup_stm32f40_41xxx.o
    0x08000314   0x00000018   Code   RO           12    .text               stm32f4xx_it.o
    0x0800032c   0x00000210   Code   RO          140    .text               system_stm32f4xx.o
    0x0800053c   0x00000108   Code   RO          166    .text               board.o
    0x08000644   0x00000388   Code   RO          202    .text               usart.o
    0x080009cc   0x00000080   Code   RO          235    .text               device.o
    0x08000a4c   0x0000008c   Code   RO          259    .text               fifo.o
    0x08000ad8   0x000000e0   Code   RO          273    .text               misc.o
    0x08000bb8   0x00000294   Code   RO          293    .text               stm32f4xx_gpio.o
    0x08000e4c   0x0000065c   Code   RO          313    .text               stm32f4xx_rcc.o
    0x080014a8   0x00000454   Code   RO          335    .text               stm32f4xx_usart.o
    0x080018fc   0x00000060   Code   RO          353    .text               main.o
    0x0800195c   0x00000024   Code   RO          367    .text               c_w.l(vsprintf.o)
    0x08001980   0x00000006   Code   RO          369    .text               c_w.l(heapauxi.o)
    0x08001986   0x0000004e   Code   RO          376    .text               c_w.l(_printf_pad.o)
    0x080019d4   0x00000024   Code   RO          378    .text               c_w.l(_printf_truncate.o)
    0x080019f8   0x00000052   Code   RO          380    .text               c_w.l(_printf_str.o)
    0x08001a4a   0x00000002   PAD
    0x08001a4c   0x00000074   Code   RO          382    .text               c_w.l(_printf_dec.o)
    0x08001ac0   0x00000028   Code   RO          384    .text               c_w.l(_printf_charcount.o)
    0x08001ae8   0x00000030   Code   RO          386    .text               c_w.l(_printf_char_common.o)
    0x08001b18   0x0000000a   Code   RO          388    .text               c_w.l(_sputc.o)
    0x08001b22   0x00000002   PAD
    0x08001b24   0x000000bc   Code   RO          390    .text               c_w.l(_printf_wctomb.o)
    0x08001be0   0x00000078   Code   RO          393    .text               c_w.l(_printf_longlong_dec.o)
    0x08001c58   0x00000070   Code   RO          399    .text               c_w.l(_printf_oct_int_ll.o)
    0x08001cc8   0x00000094   Code   RO          419    .text               c_w.l(_printf_hex_int_ll_ptr.o)
    0x08001d5c   0x00000188   Code   RO          439    .text               c_w.l(__printf_flags_ss_wp.o)
    0x08001ee4   0x0000008a   Code   RO          488    .text               c_w.l(lludiv10.o)
    0x08001f6e   0x000000b2   Code   RO          490    .text               c_w.l(_printf_intcommon.o)
    0x08002020   0x00000416   Code   RO          492    .text               c_w.l(_printf_fp_dec.o)
    0x08002436   0x00000002   PAD
    0x08002438   0x000002f8   Code   RO          494    .text               c_w.l(_printf_fp_hex.o)
    0x08002730   0x0000002c   Code   RO          499    .text               c_w.l(_printf_char.o)
    0x0800275c   0x0000002c   Code   RO          501    .text               c_w.l(_printf_wchar.o)
    0x08002788   0x00000040   Code   RO          504    .text               c_w.l(_wcrtomb.o)
    0x080027c8   0x0000004a   Code   RO          506    .text               c_w.l(sys_stackheap_outer.o)
    0x08002812   0x00000002   PAD
    0x08002814   0x00000010   Code   RO          508    .text               c_w.l(rt_ctype_table.o)
    0x08002824   0x00000008   Code   RO          513    .text               c_w.l(rt_locale_intlibspace.o)
    0x0800282c   0x00000080   Code   RO          515    .text               c_w.l(_printf_fp_infnan.o)
    0x080028ac   0x000000d8   Code   RO          517    .text               c_w.l(bigflt0.o)
    0x08002984   0x0000000c   Code   RO          545    .text               c_w.l(exit.o)
    0x08002990   0x00000008   Code   RO          558    .text               c_w.l(libspace.o)
    0x08002998   0x00000080   Code   RO          566    .text               c_w.l(strcmpv7m.o)
    0x08002a18   0x0000000c   Code   RO          622    .text               c_w.l(sys_exit.o)
    0x08002a24   0x00000002   Code   RO          633    .text               c_w.l(use_no_semi.o)
    0x08002a26   0x00000000   Code   RO          635    .text               c_w.l(indicate_semi.o)
    0x08002a26   0x0000003e   Code   RO          520    CL$$btod_d2e        c_w.l(btod.o)
    0x08002a64   0x00000046   Code   RO          522    CL$$btod_d2e_denorm_low  c_w.l(btod.o)
    0x08002aaa   0x00000060   Code   RO          521    CL$$btod_d2e_norm_op1  c_w.l(btod.o)
    0x08002b0a   0x00000338   Code   RO          530    CL$$btod_div_common  c_w.l(btod.o)
    0x08002e42   0x000000c6   Code   RO          527    CL$$btod_e2e        c_w.l(btod.o)
    0x08002f08   0x00000028   Code   RO          524    CL$$btod_ediv       c_w.l(btod.o)
    0x08002f30   0x00000028   Code   RO          523    CL$$btod_emul       c_w.l(btod.o)
    0x08002f58   0x00000244   Code   RO          529    CL$$btod_mult_common  c_w.l(btod.o)
    0x0800319c   0x00000030   Code   RO          556    i.__ARM_fpclassify  m_wm.l(fpclassify.o)
    0x080031cc   0x0000000e   Code   RO          432    i._is_digit         c_w.l(__printf_wp.o)
    0x080031da   0x00000002   PAD
    0x080031dc   0x0000002c   Code   RO          543    locale$$code        c_w.l(lc_numeric_c.o)
    0x08003208   0x0000002c   Code   RO          564    locale$$code        c_w.l(lc_ctype_c.o)
    0x08003234   0x0000000a   Code   RO          620    x$fpl$fpinit        fz_wm.l(fpinit.o)
    0x0800323e   0x00000004   Code   RO          465    x$fpl$printf1       fz_wm.l(printf1.o)
    0x08003242   0x00000004   Code   RO          467    x$fpl$printf2       fz_wm.l(printf2.o)
    0x08003246   0x00000000   Code   RO          555    x$fpl$usenofp       fz_wm.l(usenofp.o)
    0x08003246   0x00000002   PAD
    0x08003248   0x00000004   Data   RO          236    .board__fn.0.end    device.o
    0x0800324c   0x00000004   Data   RO          167    .board__fn.1        board.o
    0x08003250   0x00000004   Data   RO          203    .board__fn.1        usart.o
    0x08003254   0x00000004   Data   RO          237    .board__fn.1.end    device.o
    0x08003258   0x00000008   Data   RO          391    .constdata          c_w.l(_printf_wctomb.o)
    0x08003260   0x00000028   Data   RO          420    .constdata          c_w.l(_printf_hex_int_ll_ptr.o)
    0x08003288   0x00000011   Data   RO          440    .constdata          c_w.l(__printf_flags_ss_wp.o)
    0x08003299   0x00000026   Data   RO          495    .constdata          c_w.l(_printf_fp_hex.o)
    0x080032bf   0x00000001   PAD
    0x080032c0   0x00000094   Data   RO          518    .constdata          c_w.l(bigflt0.o)
    0x08003354   0x00000020   Data   RO          687    Region$$Table       anon$$obj.o
    0x08003374   0x0000001c   Data   RO          542    locale$$data        c_w.l(lc_numeric_c.o)
    0x08003390   0x00000110   Data   RO          563    locale$$data        c_w.l(lc_ctype_c.o)


    Execution Region ER_RW (Base: 0x20000000, Size: 0x00000084, Max: 0xffffffff, ABSOLUTE)

    Base Addr    Size         Type   Attr      Idx    E Section Name        Object

    0x20000000   0x00000014   Data   RW          141    .data               system_stm32f4xx.o
    0x20000014   0x00000004   Data   RW          168    .data               board.o
    0x20000018   0x00000058   Data   RW          205    .data               usart.o
    0x20000070   0x00000004   Data   RW          238    .data               device.o
    0x20000074   0x00000010   Data   RW          314    .data               stm32f4xx_rcc.o


    Execution Region ER_ZI (Base: 0x20000084, Size: 0x00000864, Max: 0xffffffff, ABSOLUTE)

    Base Addr    Size         Type   Attr      Idx    E Section Name        Object

    0x20000084   0x00000200   Zero   RW          204    .bss                usart.o
    0x20000284   0x00000060   Zero   RW          559    .bss                c_w.l(libspace.o)
    0x200002e4   0x00000004   PAD
    0x200002e8   0x00000200   Zero   RW            2    HEAP                startup_stm32f40_41xxx.o
    0x200004e8   0x00000400   Zero   RW            1    STACK               startup_stm32f40_41xxx.o


==============================================================================

Image component sizes


      Code (inc. data)   RO Data    RW Data    ZI Data      Debug   Object Name

       264         14          4          4          0       4620   board.o
       128         14          8          4          0       2514   device.o
       140          0          0          0          0       2167   fifo.o
        96         10          0          0          0       1124   main.o
       224         20          0          0          0       1857   misc.o
        64         26        392          0       1536        864   startup_stm32f40_41xxx.o
       660         44          0          0          0       4133   stm32f4xx_gpio.o
        24          0          0          0          0     262766   stm32f4xx_it.o
      1628         52          0         16          0      12924   stm32f4xx_rcc.o
      1108         34          0          0          0       7832   stm32f4xx_usart.o
       528         46          0         20          0       1811   system_stm32f4xx.o
       904         24          4         88        512       5398   usart.o

    ----------------------------------------------------------------------
      5768        284        440        132       2048     308010   Object Totals
         0          0         32          0          0          0   (incl. Generated)
         0          0          0          0          0          0   (incl. Padding)

    ----------------------------------------------------------------------

      Code (inc. data)   RO Data    RW Data    ZI Data      Debug   Library Member Name

         8          0          0          0          0         68   __main.o
       392          4         17          0          0         92   __printf_flags_ss_wp.o
        14          0          0          0          0         68   __printf_wp.o
        52          8          0          0          0          0   __scatter.o
        26          0          0          0          0          0   __scatter_copy.o
        28          0          0          0          0          0   __scatter_zi.o
         6          0          0          0          0          0   _printf_a.o
         6          0          0          0          0          0   _printf_c.o
        44          0          0          0          0        108   _printf_char.o
        48          6          0          0          0         96   _printf_char_common.o
        40          0          0          0          0         68   _printf_charcount.o
         6          0          0          0          0          0   _printf_d.o
       116         16          0          0          0         92   _printf_dec.o
         6          0          0          0          0          0   _printf_e.o
         6          0          0          0          0          0   _printf_f.o
      1046          0          0          0          0        216   _printf_fp_dec.o
       760         10         38          0          0        100   _printf_fp_hex.o
       128         16          0          0          0         84   _printf_fp_infnan.o
         6          0          0          0          0          0   _printf_g.o
       148          4         40          0          0        160   _printf_hex_int_ll_ptr.o
         6          0          0          0          0          0   _printf_i.o
       178          0          0          0          0         88   _printf_intcommon.o
        10          0          0          0          0          0   _printf_l.o
         6          0          0          0          0          0   _printf_lc.o
        10          0          0          0          0          0   _printf_ll.o
         6          0          0          0          0          0   _printf_lld.o
         6          0          0          0          0          0   _printf_lli.o
         6          0          0          0          0          0   _printf_llo.o
         6          0          0          0          0          0   _printf_llu.o
         6          0          0          0          0          0   _printf_llx.o
       120         16          0          0          0         92   _printf_longlong_dec.o
         6          0          0          0          0          0   _printf_ls.o
         6          0          0          0          0          0   _printf_n.o
         6          0          0          0          0          0   _printf_o.o
       112          8          0          0          0        124   _printf_oct_int_ll.o
         6          0          0          0          0          0   _printf_p.o
        78          0          0          0          0        108   _printf_pad.o
         0          0          0          0          0          0   _printf_percent.o
         4          0          0          0          0          0   _printf_percent_end.o
         6          0          0          0          0          0   _printf_s.o
        82          0          0          0          0         80   _printf_str.o
        36          0          0          0          0         84   _printf_truncate.o
         6          0          0          0          0          0   _printf_u.o
        44          0          0          0          0        108   _printf_wchar.o
       188          6          8          0          0         92   _printf_wctomb.o
         6          0          0          0          0          0   _printf_x.o
        10          0          0          0          0         68   _sputc.o
        64          0          0          0          0         92   _wcrtomb.o
       216          4        148          0          0         96   bigflt0.o
      1910        128          0          0          0        672   btod.o
        12          0          0          0          0         72   exit.o
         6          0          0          0          0        152   heapauxi.o
         0          0          0          0          0          0   indicate_semi.o
        44         10        272          0          0         76   lc_ctype_c.o
        44         10         28          0          0         76   lc_numeric_c.o
         2          0          0          0          0          0   libinit.o
        34          0          0          0          0          0   libinit2.o
         2          0          0          0          0          0   libshutdown.o
         2          0          0          0          0          0   libshutdown2.o
         8          4          0          0         96         68   libspace.o
       138          0          0          0          0         80   lludiv10.o
        16          4          0          0          0         76   rt_ctype_table.o
         8          4          0          0          0         68   rt_locale_intlibspace.o
         0          0          0          0          0          0   rtentry.o
        12          0          0          0          0          0   rtentry2.o
         6          0          0          0          0          0   rtentry4.o
         2          0          0          0          0          0   rtexit.o
        10          0          0          0          0          0   rtexit2.o
       128          0          0          0          0         68   strcmpv7m.o
        12          4          0          0          0         68   sys_exit.o
        74          0          0          0          0         80   sys_stackheap_outer.o
         2          0          0          0          0         68   use_no_semi.o
        36          4          0          0          0         76   vsprintf.o
        10          0          0          0          0        116   fpinit.o
         4          0          0          0          0        116   printf1.o
         4          0          0          0          0        116   printf2.o
         0          0          0          0          0          0   usenofp.o
        48          0          0          0          0        124   fpclassify.o

    ----------------------------------------------------------------------
      6712        266        552          0        100       4356   Library Totals
        16          0          1          0          4          0   (incl. Padding)

    ----------------------------------------------------------------------

      Code (inc. data)   RO Data    RW Data    ZI Data      Debug   Library Name

      6630        266        551          0         96       3884   c_w.l
        18          0          0          0          0        348   fz_wm.l
        48          0          0          0          0        124   m_wm.l

    ----------------------------------------------------------------------
      6712        266        552          0        100       4356   Library Totals

    ----------------------------------------------------------------------

==============================================================================


      Code (inc. data)   RO Data    RW Data    ZI Data      Debug   

     12480        550        992        132       2148     307786   Grand Totals
     12480        550        992        132       2148     307786   ELF Image Totals
     12480        550        992        132          0          0   ROM Totals

==============================================================================

    Total RO  Size (Code + RO Data)                13472 (  13.16kB)
    Total RW  Size (RW Data + ZI Data)              2280 (   2.23kB)
    Total ROM Size (Code + RO Data + RW Data)      13604 (  13.29kB)

==============================================================================

