Product: MDK-ARM Lite 5.10
Component: ARM Compiler 5.04 update 1 (build 49)
Tool: armlink [5040049]

==============================================================================

Section Cross References

    system_stm32f10x.o(.text) refers to system_stm32f10x.o(.data) for SystemCoreClock
    startup_stm32f10x_hd.o(STACK) refers (Special) to heapauxi.o(.text) for __use_two_region_memory
    startup_stm32f10x_hd.o(HEAP) refers (Special) to heapauxi.o(.text) for __use_two_region_memory
    startup_stm32f10x_hd.o(RESET) refers (Special) to heapauxi.o(.text) for __use_two_region_memory
    startup_stm32f10x_hd.o(RESET) refers to startup_stm32f10x_hd.o(STACK) for __initial_sp
    startup_stm32f10x_hd.o(RESET) refers to startup_stm32f10x_hd.o(.text) for Reset_Handler
    startup_stm32f10x_hd.o(RESET) refers to stm32f10x_it.o(.text) for NMI_Handler
    startup_stm32f10x_hd.o(RESET) refers to board.o(.text) for SysTick_Handler
    startup_stm32f10x_hd.o(RESET) refers to usart.o(.text) for USART3_IRQHandler
    startup_stm32f10x_hd.o(.text) refers (Special) to heapauxi.o(.text) for __use_two_region_memory
    startup_stm32f10x_hd.o(.text) refers to system_stm32f10x.o(.text) for SystemInit
    startup_stm32f10x_hd.o(.text) refers to __main.o(!!!main) for __main
    startup_stm32f10x_hd.o(.text) refers to startup_stm32f10x_hd.o(HEAP) for Heap_Mem
    startup_stm32f10x_hd.o(.text) refers to startup_stm32f10x_hd.o(STACK) for Stack_Mem
    board.o(.text) refers to misc.o(.text) for SysTick_CLKSourceConfig
    board.o(.text) refers to stm32f10x_rcc.o(.text) for RCC_APB1PeriphClockCmd
    board.o(.text) refers to stm32f10x_gpio.o(.text) for GPIO_Init
    board.o(.text) refers to stm32f10x_usart.o(.text) for USART_Init
    board.o(.text) refers to device.o(.text) for console_init
    board.o(.text) refers to board.o(.data) for Tick
    board.o(.board__fn.1) refers to board.o(.text) for pz6806l_console_init
    usart.o(.text) refers to stm32f10x_rcc.o(.text) for RCC_APB2PeriphClockCmd
    usart.o(.text) refers to stm32f10x_gpio.o(.text) for GPIO_Init
    usart.o(.text) refers to stm32f10x_usart.o(.text) for USART_Init
    usart.o(.text) refers to fifo.o(.text) for fifo_init
    usart.o(.text) refers to misc.o(.text) for NVIC_Init
    usart.o(.text) refers to usart.o(.data) for UartCom3
    usart.o(.text) refers to usart.o(.bss) for UartCom3Rxbuf
    usart.o(.board__fn.1) refers to usart.o(.text) for stm32f1_usart_init
    usart.o(.data) refers to usart.o(.text) for UartCom_Initialize
    device.o(.text) refers to vsprintf.o(.text) for vsprintf
    device.o(.text) refers to device.o(.board__fn.0.end) for __board_init__stm32_board_start
    device.o(.text) refers to device.o(.board__fn.1.end) for __board_init__stm32_board_end
    device.o(.text) refers to device.o(.data) for putc_
    device.o(.board__fn.0.end) refers to device.o(.text) for stm32_board_start
    device.o(.board__fn.1.end) refers to device.o(.text) for stm32_board_end
    stm32f10x_gpio.o(.text) refers to stm32f10x_rcc.o(.text) for RCC_APB2PeriphResetCmd
    stm32f10x_rcc.o(.text) refers to stm32f10x_rcc.o(.data) for APBAHBPrescTable
    stm32f10x_usart.o(.text) refers to stm32f10x_rcc.o(.text) for RCC_APB2PeriphResetCmd
    main.o(.text) refers to device.o(.text) for device_init
    main.o(.text) refers to usart.o(.text) for usart_find
    vsprintf.o(.text) refers (Special) to _printf_a.o(.ARM.Collect$$_printf_percent$$00000006) for _printf_a
    vsprintf.o(.text) refers (Special) to _printf_c.o(.ARM.Collect$$_printf_percent$$00000013) for _printf_c
    vsprintf.o(.text) refers (Special) to _printf_charcount.o(.text) for _printf_charcount
    vsprintf.o(.text) refers (Special) to _printf_d.o(.ARM.Collect$$_printf_percent$$00000009) for _printf_d
    vsprintf.o(.text) refers (Special) to _printf_e.o(.ARM.Collect$$_printf_percent$$00000004) for _printf_e
    vsprintf.o(.text) refers (Special) to _printf_f.o(.ARM.Collect$$_printf_percent$$00000003) for _printf_f
    vsprintf.o(.text) refers (Special) to printf1.o(x$fpl$printf1) for _printf_fp_dec
    vsprintf.o(.text) refers (Special) to printf2.o(x$fpl$printf2) for _printf_fp_hex
    vsprintf.o(.text) refers (Special) to _printf_g.o(.ARM.Collect$$_printf_percent$$00000005) for _printf_g
    vsprintf.o(.text) refers (Special) to _printf_i.o(.ARM.Collect$$_printf_percent$$00000008) for _printf_i
    vsprintf.o(.text) refers (Special) to _printf_dec.o(.text) for _printf_int_dec
    vsprintf.o(.text) refers (Special) to _printf_l.o(.ARM.Collect$$_printf_percent$$00000012) for _printf_l
    vsprintf.o(.text) refers (Special) to _printf_lc.o(.ARM.Collect$$_printf_percent$$00000015) for _printf_lc
    vsprintf.o(.text) refers (Special) to _printf_ll.o(.ARM.Collect$$_printf_percent$$00000007) for _printf_ll
    vsprintf.o(.text) refers (Special) to _printf_lld.o(.ARM.Collect$$_printf_percent$$0000000E) for _printf_lld
[...]
    ../clib/longlong.s                       0x00000000   Number         0  lludiv10.o ABSOLUTE
    ../clib/memcpset.s                       0x00000000   Number         0  strcmpv7m.o ABSOLUTE
    ../clib/misc.s                           0x00000000   Number         0  printf_stubs.o ABSOLUTE
    ../clib/printf.c                         0x00000000   Number         0  _printf_charcount.o ABSOLUTE
    ../clib/printf.c                         0x00000000   Number         0  __printf_wp.o ABSOLUTE
    ../clib/printf.c                         0x00000000   Number         0  _printf_oct_int.o ABSOLUTE
    ../clib/printf.c                         0x00000000   Number         0  _printf_char_common.o ABSOLUTE
    ../clib/printf.c                         0x00000000   Number         0  _printf_fp_infnan.o ABSOLUTE
    ../clib/printf.c                         0x00000000   Number         0  _printf_wchar.o ABSOLUTE
    ../clib/printf.c                         0x00000000   Number         0  _printf_char.o ABSOLUTE
    ../clib/printf.c                         0x00000000   Number         0  _sputc.o ABSOLUTE
    ../clib/printf.c                         0x00000000   Number         0  __printf_nopercent.o ABSOLUTE
    ../clib/printf.c                         0x00000000   Number         0  _printf_wctomb.o ABSOLUTE
    ../clib/printf.c                         0x00000000   Number         0  vsprintf.o ABSOLUTE
    ../clib/printf.c                         0x00000000   Number         0  _printf_oct_int_ll.o ABSOLUTE
    ../clib/printf.c                         0x00000000   Number         0  _printf_fp_hex.o ABSOLUTE
    ../clib/printf.c                         0x00000000   Number         0  _printf_fp_dec.o ABSOLUTE
    ../clib/printf.c                         0x00000000   Number         0  __printf_flags_ss.o ABSOLUTE
    ../clib/printf.c                         0x00000000   Number         0  __printf.o ABSOLUTE
    ../clib/printf.c                         0x00000000   Number         0  _printf_intcommon.o ABSOLUTE
    ../clib/printf.c                         0x00000000   Number         0  _printf_longlong_dec.o ABSOLUTE
    ../clib/printf.c                         0x00000000   Number         0  _printf_hex_int_ll_ptr.o ABSOLUTE
    ../clib/printf.c                         0x00000000   Number         0  __printf_flags_ss_wp.o ABSOLUTE
    ../clib/printf.c                         0x00000000   Number         0  _printf_hex_ll_ptr.o ABSOLUTE
    ../clib/printf.c                         0x00000000   Number         0  _printf_hex_int_ptr.o ABSOLUTE
    ../clib/printf.c                         0x00000000   Number         0  _printf_hex_ptr.o ABSOLUTE
    ../clib/printf.c                         0x00000000   Number         0  _printf_hex_int_ll.o ABSOLUTE
    ../clib/printf.c                         0x00000000   Number         0  __printf_ss_wp.o ABSOLUTE
    ../clib/printf.c                         0x00000000   Number         0  __printf_flags_wp.o ABSOLUTE
    ../clib/printf.c                         0x00000000   Number         0  _printf_hex_int.o ABSOLUTE
    ../clib/printf.c                         0x00000000   Number         0  __printf_ss.o ABSOLUTE
    ../clib/printf.c                         0x00000000   Number         0  _printf_oct_ll.o ABSOLUTE
    ../clib/printf.c                         0x00000000   Number         0  _printf_hex_ll.o ABSOLUTE
    ../clib/printf.c                         0x00000000   Number         0  _printf_pad.o ABSOLUTE
    ../clib/printf.c                         0x00000000   Number         0  __printf_flags.o ABSOLUTE
    ../clib/printf.c                         0x00000000   Number         0  _printf_str.o ABSOLUTE
    ../clib/printf.c                         0x00000000   Number         0  _printf_truncate.o ABSOLUTE
    ../clib/printf.c                         0x00000000   Number         0  _printf_dec.o ABSOLUTE
    ../clib/printf_percent.s                 0x00000000   Number         0  _printf_llx.o ABSOLUTE
    ../clib/printf_percent.s                 0x00000000   Number         0  _printf_ls.o ABSOLUTE
    ../clib/printf_percent.s                 0x00000000   Number         0  _printf_percent.o ABSOLUTE
    ../clib/printf_percent.s                 0x00000000   Number         0  _printf_a.o ABSOLUTE
    ../clib/printf_percent.s                 0x00000000   Number         0  _printf_g.o ABSOLUTE
    ../clib/printf_percent.s                 0x00000000   Number         0  _printf_e.o ABSOLUTE
    ../clib/printf_percent.s                 0x00000000   Number         0  _printf_f.o ABSOLUTE
    ../clib/printf_percent.s                 0x00000000   Number         0  _printf_u.o ABSOLUTE
    ../clib/printf_percent.s                 0x00000000   Number         0  _printf_d.o ABSOLUTE
    ../clib/printf_percent.s                 0x00000000   Number         0  _printf_p.o ABSOLUTE
    ../clib/printf_percent.s                 0x00000000   Number         0  _printf_x.o ABSOLUTE
    ../clib/printf_percent.s                 0x00000000   Number         0  _printf_n.o ABSOLUTE
    ../clib/printf_percent.s                 0x00000000   Number         0  _printf_s.o ABSOLUTE
    ../clib/printf_percent.s                 0x00000000   Number         0  _printf_c.o ABSOLUTE
    ../clib/printf_percent.s                 0x00000000   Number         0  _printf_o.o ABSOLUTE
    ../clib/printf_percent.s                 0x00000000   Number         0  _printf_percent_end.o ABSOLUTE
    ../clib/printf_percent.s                 0x00000000   Number         0  _printf_i.o ABSOLUTE
    ../clib/printf_percent.s                 0x00000000   Number         0  _printf_lli.o ABSOLUTE
    ../clib/printf_percent.s                 0x00000000   Number         0  _printf_lld.o ABSOLUTE
    ../clib/printf_percent.s                 0x00000000   Number         0  _printf_llu.o ABSOLUTE
    ../clib/printf_percent.s                 0x00000000   Number         0  _printf_ll.o ABSOLUTE
    ../clib/printf_percent.s                 0x00000000   Number         0  _printf_l.o ABSOLUTE
    ../clib/printf_percent.s                 0x00000000   Number         0  _printf_lc.o ABSOLUTE
    ../clib/printf_percent.s                 0x00000000   Number         0  _printf_llo.o ABSOLUTE
    ../clib/signal.c                         0x00000000   Number         0  defsig_other.o ABSOLUTE
    ../clib/signal.c                         0x00000000   Number         0  defsig_cppl_inner.o ABSOLUTE
    ../clib/signal.c                         0x00000000   Number         0  defsig_segv_inner.o ABSOLUTE
    ../clib/signal.c                         0x00000000   Number         0  defsig_pvfn_inner.o ABSOLUTE
    ../clib/signal.c                         0x00000000   Number         0  defsig_stak_inner.o ABSOLUTE
    ../clib/signal.c                         0x00000000   Number         0  defsig_rtred_inner.o ABSOLUTE
    ../clib/signal.c                         0x00000000   Number         0  defsig_fpe_inner.o ABSOLUTE
    ../clib/signal.c                         0x00000000   Number         0  defsig_abrt_inner.o ABSOLUTE
    ../clib/signal.c                         0x00000000   Number         0  defsig_general.o ABSOLUTE
    ../clib/signal.c                         0x00000000   Number         0  __raise.o ABSOLUTE
    ../clib/signal.c                         0x00000000   Number         0  defsig_rtmem_inner.o ABSOLUTE
    ../clib/signal.c                         0x00000000   Number         0  defsig_exit.o ABSOLUTE
    ../clib/signal.c                         0x00000000   Number         0  defsig_rtmem_formal.o ABSOLUTE
    ../clib/signal.c                         0x00000000   Number         0  defsig_rtmem_outer.o ABSOLUTE
    ../clib/signal.s                         0x00000000   Number         0  defsig.o ABSOLUTE
    ../clib/stdlib.c                         0x00000000   Number         0  exit.o ABSOLUTE
    ../fplib/fpinit.s                        0x00000000   Number         0  fpinit.o ABSOLUTE
    ../fplib/istatus.s                       0x00000000   Number         0  istatus.o ABSOLUTE
    ../fplib/printf1.s                       0x00000000   Number         0  printf1.o ABSOLUTE
    ../fplib/printf2.s                       0x00000000   Number         0  printf2.o ABSOLUTE
    ../fplib/printf2a.s                      0x00000000   Number         0  printf2a.o ABSOLUTE
    ../fplib/printf2b.s                      0x00000000   Number         0  printf2b.o ABSOLUTE
    ../fplib/usenofp.s                       0x00000000   Number         0  usenofp.o ABSOLUTE
    ../mathlib/fpclassify.c                  0x00000000   Number         0  fpclassify.o ABSOLUTE
    ..\Libraries\stm32f1\src\misc.c          0x00000000   Number         0  misc.o ABSOLUTE
    ..\Libraries\stm32f1\src\stm32f10x_gpio.c 0x00000000   Number         0  stm32f10x_gpio.o ABSOLUTE
    ..\Libraries\stm32f1\src\stm32f10x_rcc.c 0x00000000   Number         0  stm32f10x_rcc.o ABSOLUTE
    ..\Libraries\stm32f1\src\stm32f10x_usart.c 0x00000000   Number         0  stm32f10x_usart.o ABSOLUTE
    ..\\arch\\M3\\core_cm3.c                 0x00000000   Number         0  core_cm3.o ABSOLUTE
    ..\app\main.c                            0x00000000   Number         0  main.o ABSOLUTE
    ..\arch\M3\core_cm3.c                    0x00000000   Number         0  core_cm3.o ABSOLUTE
    ..\arch\M3\startup_stm32f10x_hd.s        0x00000000   Number         0  startup_stm32f10x_hd.o ABSOLUTE
    ..\arch\M3\stm32f10x_it.c                0x00000000   Number         0  stm32f10x_it.o ABSOLUTE
    ..\arch\M3\system_stm32f10x.c            0x00000000   Number         0  system_stm32f10x.o ABSOLUTE
    ..\board\pz6806l\board.c                 0x00000000   Number         0  board.o ABSOLUTE
    ..\board\pz6806l\usart.c                 0x00000000   Number         0  usart.o ABSOLUTE
    ..\common\device.c                       0x00000000   Number         0  device.o ABSOLUTE
    ..\common\fifo.c                         0x00000000   Number         0  fifo.o ABSOLUTE
    dc.s                                     0x00000000   Number         0  dc.o ABSOLUTE
    RESET                                    0x08000000   Section      304  startup_stm32f10x_hd.o(RESET)
    !!!main                                  0x08000130   Section        8  __main.o(!!!main)
    !!!scatter                               0x08000138   Section       52  __scatter.o(!!!scatter)
    !!handler_copy                           0x0800016c   Section       26  __scatter_copy.o(!!handler_copy)
    !!handler_zi                             0x08000188   Section       28  __scatter_zi.o(!!handler_zi)
    .ARM.Collect$$_printf_percent$$00000000  0x080001a4   Section        0  _printf_percent.o(.ARM.Collect$$_printf_percent$$00000000)
    .ARM.Collect$$_printf_percent$$00000001  0x080001a4   Section        6  _printf_n.o(.ARM.Collect$$_printf_percent$$00000001)
    .ARM.Collect$$_printf_percent$$00000002  0x080001aa   Section        6  _printf_p.o(.ARM.Collect$$_printf_percent$$00000002)
    .ARM.Collect$$_printf_percent$$00000003  0x080001b0   Section        6  _printf_f.o(.ARM.Collect$$_printf_percent$$00000003)
    .ARM.Collect$$_printf_percent$$00000004  0x080001b6   Section        6  _printf_e.o(.ARM.Collect$$_printf_percent$$00000004)
    .ARM.Collect$$_printf_percent$$00000005  0x080001bc   Section        6  _printf_g.o(.ARM.Collect$$_printf_percent$$00000005)
    .ARM.Collect$$_printf_percent$$00000006  0x080001c2   Section        6  _printf_a.o(.ARM.Collect$$_printf_percent$$00000006)
    .ARM.Collect$$_printf_percent$$00000007  0x080001c8   Section       10  _printf_ll.o(.ARM.Collect$$_printf_percent$$00000007)
    .ARM.Collect$$_printf_percent$$00000008  0x080001d2   Section        6  _printf_i.o(.ARM.Collect$$_printf_percent$$00000008)
    .ARM.Collect$$_printf_percent$$00000009  0x080001d8   Section        6  _printf_d.o(.ARM.Collect$$_printf_percent$$00000009)
    .ARM.Collect$$_printf_percent$$0000000A  0x080001de   Section        6  _printf_u.o(.ARM.Collect$$_printf_percent$$0000000A)
    .ARM.Collect$$_printf_percent$$0000000B  0x080001e4   Section        6  _printf_o.o(.ARM.Collect$$_printf_percent$$0000000B)
    .ARM.Collect$$_printf_percent$$0000000C  0x080001ea   Section        6  _printf_x.o(.ARM.Collect$$_printf_percent$$0000000C)
    .ARM.Collect$$_printf_percent$$0000000D  0x080001f0   Section        6  _printf_lli.o(.ARM.Collect$$_printf_percent$$0000000D)
    .ARM.Collect$$_printf_percent$$0000000E  0x080001f6   Section        6  _printf_lld.o(.ARM.Collect$$_printf_percent$$0000000E)
    .ARM.Collect$$_printf_percent$$0000000F  0x080001fc   Section        6  _printf_llu.o(.ARM.Collect$$_printf_percent$$0000000F)
    .ARM.Collect$$_printf_percent$$00000010  0x08000202   Section        6  _printf_llo.o(.ARM.Collect$$_printf_percent$$00000010)
    .ARM.Collect$$_printf_percent$$00000011  0x08000208   Section        6  _printf_llx.o(.ARM.Collect$$_printf_percent$$00000011)
    .ARM.Collect$$_printf_percent$$00000012  0x0800020e   Section       10  _printf_l.o(.ARM.Collect$$_printf_percent$$00000012)
    .ARM.Collect$$_printf_percent$$00000013  0x08000218   Section        6  _printf_c.o(.ARM.Collect$$_printf_percent$$00000013)
    .ARM.Collect$$_printf_percent$$00000014  0x0800021e   Section        6  _printf_s.o(.ARM.Collect$$_printf_percent$$00000014)
    .ARM.Collect$$_printf_percent$$00000015  0x08000224   Section        6  _printf_lc.o(.ARM.Collect$$_printf_percent$$00000015)
    .ARM.Collect$$_printf_percent$$00000016  0x0800022a   Section        6  _printf_ls.o(.ARM.Collect$$_printf_percent$$00000016)
    .ARM.Collect$$_printf_percent$$00000017  0x08000230   Section        4  _printf_percent_end.o(.ARM.Collect$$_printf_percent$$00000017)
    .ARM.Collect$$libinit$$00000000          0x08000234   Section        2  libinit.o(.ARM.Collect$$libinit$$00000000)
    .ARM.Collect$$libinit$$00000002          0x08000236   Section        0  libinit2.o(.ARM.Collect$$libinit$$00000002)
    .ARM.Collect$$libinit$$00000008          0x08000236   Section        0  libinit2.o(.ARM.Collect$$libinit$$00000008)
    .ARM.Collect$$libinit$$0000000A          0x08000236   Section        0  libinit2.o(.ARM.Collect$$libinit$$0000000A)
    .ARM.Collect$$libinit$$0000000C          0x08000236   Section        0  libinit2.o(.ARM.Collect$$libinit$$0000000C)
    .ARM.Collect$$libinit$$0000000D          0x08000236   Section        6  libinit2.o(.ARM.Collect$$libinit$$0000000D)
    .ARM.Collect$$libinit$$0000000F          0x0800023c   Section        0  libinit2.o(.ARM.Collect$$libinit$$0000000F)
    .ARM.Collect$$libinit$$00000010          0x0800023c   Section       12  libinit2.o(.ARM.Collect$$libinit$$00000010)
    .ARM.Collect$$libinit$$00000011          0x08000248   Section        0  libinit2.o(.ARM.Collect$$libinit$$00000011)
    .ARM.Collect$$libinit$$00000013          0x08000248   Section        0  libinit2.o(.ARM.Collect$$libinit$$00000013)
    .ARM.Collect$$libinit$$00000014          0x08000248   Section       10  libinit2.o(.ARM.Collect$$libinit$$00000014)
    .ARM.Collect$$libinit$$00000015          0x08000252   Section        0  libinit2.o(.ARM.Collect$$libinit$$00000015)
    .ARM.Collect$$libinit$$00000017          0x08000252   Section        0  libinit2.o(.ARM.Collect$$libinit$$00000017)
    .ARM.Collect$$libinit$$00000019          0x08000252   Section        0  libinit2.o(.ARM.Collect$$libinit$$00000019)
    .ARM.Collect$$libinit$$0000001B          0x08000252   Section        0  libinit2.o(.ARM.Collect$$libinit$$0000001B)
    .ARM.Collect$$libinit$$0000001D          0x08000252   Section        0  libinit2.o(.ARM.Collect$$libinit$$0000001D)
    .ARM.Collect$$libinit$$0000001F          0x08000252   Section        0  libinit2.o(.ARM.Collect$$libinit$$0000001F)
    .ARM.Collect$$libinit$$00000021          0x08000252   Section        0  libinit2.o(.ARM.Collect$$libinit$$00000021)
    .ARM.Collect$$libinit$$00000023          0x08000252   Section        0  libinit2.o(.ARM.Collect$$libinit$$00000023)
    .ARM.Collect$$libinit$$0000002A          0x08000252   Section        0  libinit2.o(.ARM.Collect$$libinit$$0000002A)
    .ARM.Collect$$libinit$$0000002C          0x08000252   Section        0  libinit2.o(.ARM.Collect$$libinit$$0000002C)
    .ARM.Collect$$libinit$$0000002E          0x08000252   Section        0  libinit2.o(.ARM.Collect$$libinit$$0000002E)
    .ARM.Collect$$libinit$$00000030          0x08000252   Section        0  libinit2.o(.ARM.Collect$$libinit$$00000030)
    .ARM.Collect$$libinit$$00000031          0x08000252   Section        2  libinit2.o(.ARM.Collect$$libinit$$00000031)
    .ARM.Collect$$libshutdown$$00000000      0x08000254   Section        2  libshutdown.o(.ARM.Collect$$libshutdown$$00000000)
    .ARM.Collect$$libshutdown$$00000003      0x08000256   Section        0  libshutdown2.o(.ARM.Collect$$libshutdown$$00000003)
    .ARM.Collect$$libshutdown$$00000006      0x08000256   Section        0  libshutdown2.o(.ARM.Collect$$libshutdown$$00000006)
    .ARM.Collect$$libshutdown$$00000009      0x08000256   Section        0  libshutdown2.o(.ARM.Collect$$libshutdown$$00000009)
    .ARM.Collect$$libshutdown$$0000000B      0x08000256   Section        0  libshutdown2.o(.ARM.Collect$$libshutdown$$0000000B)
    .ARM.Collect$$libshutdown$$0000000E      0x08000256   Section        0  libshutdown2.o(.ARM.Collect$$libshutdown$$0000000E)
    .ARM.Collect$$libshutdown$$0000000F      0x08000256   Section        2  libshutdown2.o(.ARM.Collect$$libshutdown$$0000000F)
    .ARM.Collect$$rtentry$$00000000          0x08000258   Section        0  rtentry.o(.ARM.Collect$$rtentry$$00000000)
    .ARM.Collect$$rtentry$$00000002          0x08000258   Section        0  rtentry2.o(.ARM.Collect$$rtentry$$00000002)
    .ARM.Collect$$rtentry$$00000004          0x08000258   Section        6  rtentry4.o(.ARM.Collect$$rtentry$$00000004)
    .ARM.Collect$$rtentry$$00000009          0x0800025e   Section        0  rtentry2.o(.ARM.Collect$$rtentry$$00000009)
    .ARM.Collect$$rtentry$$0000000A          0x0800025e   Section        4  rtentry2.o(.ARM.Collect$$rtentry$$0000000A)
    .ARM.Collect$$rtentry$$0000000C          0x08000262   Section        0  rtentry2.o(.ARM.Collect$$rtentry$$0000000C)
    .ARM.Collect$$rtentry$$0000000D          0x08000262   Section        8  rtentry2.o(.ARM.Collect$$rtentry$$0000000D)
    .ARM.Collect$$rtexit$$00000000           0x0800026a   Section        2  rtexit.o(.ARM.Collect$$rtexit$$00000000)
    .ARM.Collect$$rtexit$$00000002           0x0800026c   Section        0  rtexit2.o(.ARM.Collect$$rtexit$$00000002)
    .ARM.Collect$$rtexit$$00000003           0x0800026c   Section        4  rtexit2.o(.ARM.Collect$$rtexit$$00000003)
    .ARM.Collect$$rtexit$$00000004           0x08000270   Section        6  rtexit2.o(.ARM.Collect$$rtexit$$00000004)
    .text                                    0x08000276   Section        0  stm32f10x_it.o(.text)
    .text                                    0x08000288   Section        0  system_stm32f10x.o(.text)
    SetSysClockTo72                          0x08000289   Thumb Code   214  system_stm32f10x.o(.text)
    SetSysClock                              0x0800035f   Thumb Code     8  system_stm32f10x.o(.text)
    .text                                    0x08000468   Section       64  startup_stm32f10x_hd.o(.text)
    .text                                    0x080004a8   Section        0  board.o(.text)
    .text                                    0x080005ac   Section        0  usart.o(.text)
    NVIC_Configuration                       0x08000899   Thumb Code    44  usart.o(.text)
    .text                                    0x0800091c   Section        0  device.o(.text)
    stm32_board_start                        0x0800091d   Thumb Code     2  device.o(.text)
    stm32_board_end                          0x0800091f   Thumb Code     2  device.o(.text)
    console_puts                             0x08000935   Thumb Code    48  device.o(.text)
    .text                                    0x0800099c   Section        0  fifo.o(.text)
    fifo_next                                0x0800099d   Thumb Code    20  fifo.o(.text)
    .text                                    0x08000a28   Section        0  misc.o(.text)
    .text                                    0x08000b04   Section        0  stm32f10x_gpio.o(.text)
    .text                                    0x08000e40   Section        0  stm32f10x_rcc.o(.text)
    .text                                    0x080011e4   Section        0  stm32f10x_usart.o(.text)
    .text                                    0x08001588   Section        0  main.o(.text)
    .text                                    0x080015e8   Section        0  vsprintf.o(.text)
    .text                                    0x0800160c   Section        0  heapauxi.o(.text)
    .text                                    0x08001612   Section        0  _printf_pad.o(.text)
    .text                                    0x08001660   Section        0  _printf_truncate.o(.text)
    .text                                    0x08001684   Section        0  _printf_str.o(.text)
    .text                                    0x080016d8   Section        0  _printf_dec.o(.text)
    .text                                    0x0800174c   Section        0  _printf_charcount.o(.text)
    .text                                    0x08001774   Section        0  _printf_char_common.o(.text)
    _printf_input_char                       0x08001775   Thumb Code    10  _printf_char_common.o(.text)
    .text                                    0x080017a4   Section        0  _sputc.o(.text)
    .text                                    0x080017b0   Section        0  _printf_wctomb.o(.text)
    .text                                    0x0800186c   Section        0  _printf_longlong_dec.o(.text)
    .text                                    0x080018e4   Section        0  _printf_oct_int_ll.o(.text)
    _printf_longlong_oct_internal            0x080018e5   Thumb Code     0  _printf_oct_int_ll.o(.text)
    .text                                    0x08001954   Section        0  _printf_hex_int_ll_ptr.o(.text)
    _printf_hex_common                       0x08001955   Thumb Code     0  _printf_hex_int_ll_ptr.o(.text)
    .text                                    0x080019e8   Section        0  __printf_flags_ss_wp.o(.text)
    .text                                    0x08001b70   Section      138  lludiv10.o(.text)
    .text                                    0x08001bfa   Section        0  _printf_intcommon.o(.text)
    .text                                    0x08001cac   Section        0  _printf_fp_dec.o(.text)
    _fp_digits                               0x08001caf   Thumb Code   428  _printf_fp_dec.o(.text)
    .text                                    0x080020c4   Section        0  _printf_fp_hex.o(.text)
    .text                                    0x080023bc   Section        0  _printf_char.o(.text)
    .text                                    0x080023e8   Section        0  _printf_wchar.o(.text)
    .text                                    0x08002414   Section        0  _wcrtomb.o(.text)
    .text                                    0x08002454   Section       74  sys_stackheap_outer.o(.text)
    .text                                    0x080024a0   Section       16  rt_ctype_table.o(.text)
    .text                                    0x080024b0   Section        8  rt_locale_intlibspace.o(.text)
    .text                                    0x080024b8   Section        0  _printf_fp_infnan.o(.text)
    .text                                    0x08002538   Section        0  bigflt0.o(.text)
    .text                                    0x08002610   Section        0  exit.o(.text)
    .text                                    0x0800261c   Section        8  libspace.o(.text)
    .text                                    0x08002624   Section      128  strcmpv7m.o(.text)
    .text                                    0x080026a4   Section        0  sys_exit.o(.text)
    .text                                    0x080026b0   Section        2  use_no_semi.o(.text)
    .text                                    0x080026b2   Section        0  indicate_semi.o(.text)
    CL$$btod_d2e                             0x080026b2   Section       62  btod.o(CL$$btod_d2e)
    CL$$btod_d2e_denorm_low                  0x080026f0   Section       70  btod.o(CL$$btod_d2e_denorm_low)
    CL$$btod_d2e_norm_op1                    0x08002736   Section       96  btod.o(CL$$btod_d2e_norm_op1)
    CL$$btod_div_common                      0x08002796   Section      824  btod.o(CL$$btod_div_common)
    CL$$btod_e2e                             0x08002ace   Section      198  btod.o(CL$$btod_e2e)
    CL$$btod_ediv                            0x08002b94   Section       40  btod.o(CL$$btod_ediv)
    CL$$btod_emul                            0x08002bbc   Section       40  btod.o(CL$$btod_emul)
    CL$$btod_mult_common                     0x08002be4   Section      580  btod.o(CL$$btod_mult_common)
    i.__ARM_fpclassify                       0x08002e28   Section        0  fpclassify.o(i.__ARM_fpclassify)
    i._is_digit                              0x08002e50   Section        0  __printf_wp.o(i._is_digit)
    locale$$code                             0x08002e60   Section       44  lc_numeric_c.o(locale$$code)
    locale$$code                             0x08002e8c   Section       44  lc_ctype_c.o(locale$$code)
    x$fpl$printf1                            0x08002eb8   Section        4  printf1.o(x$fpl$printf1)
    x$fpl$printf2                            0x08002ebc   Section        4  printf2.o(x$fpl$printf2)
    .board__fn.0.end                         0x08002ec0   Section        4  device.o(.board__fn.0.end)
    x$fpl$usenofp                            0x08002ec0   Section        0  usenofp.o(x$fpl$usenofp)
    __tagsym$$used                           0x08002ec0   Number         0  device.o(.board__fn.0.end)
    .board__fn.1                             0x08002ec4   Section        4  board.o(.board__fn.1)
    __tagsym$$used                           0x08002ec4   Number         0  board.o(.board__fn.1)
    .board__fn.1                             0x08002ec8   Section        4  usart.o(.board__fn.1)
    __tagsym$$used                           0x08002ec8   Number         0  usart.o(.board__fn.1)
    .board__fn.1.end                         0x08002ecc   Section        4  device.o(.board__fn.1.end)
    __tagsym$$used                           0x08002ecc   Number         0  device.o(.board__fn.1.end)
    .constdata                               0x08002ed0   Section        8  _printf_wctomb.o(.constdata)
    initial_mbstate                          0x08002ed0   Data           8  _printf_wctomb.o(.constdata)
    .constdata                               0x08002ed8   Section       40  _printf_hex_int_ll_ptr.o(.constdata)
    uc_hextab                                0x08002ed8   Data          20  _printf_hex_int_ll_ptr.o(.constdata)
    lc_hextab                                0x08002eec   Data          20  _printf_hex_int_ll_ptr.o(.constdata)
    .constdata                               0x08002f00   Section       17  __printf_flags_ss_wp.o(.constdata)
    maptable                                 0x08002f00   Data          17  __printf_flags_ss_wp.o(.constdata)
    .constdata                               0x08002f11   Section       38  _printf_fp_hex.o(.constdata)
    lc_hextab                                0x08002f11   Data          19  _printf_fp_hex.o(.constdata)
    uc_hextab                                0x08002f24   Data          19  _printf_fp_hex.o(.constdata)
    .constdata                               0x08002f38   Section      148  bigflt0.o(.constdata)
    tenpwrs_x                                0x08002f38   Data          60  bigflt0.o(.constdata)
    tenpwrs_i                                0x08002f74   Data          64  bigflt0.o(.constdata)
    locale$$data                             0x08002fec   Section       28  lc_numeric_c.o(locale$$data)
    __lcnum_c_name                           0x08002ff0   Data           2  lc_numeric_c.o(locale$$data)
    __lcnum_c_start                          0x08002ff8   Data           0  lc_numeric_c.o(locale$$data)
    __lcnum_c_point                          0x08003004   Data           0  lc_numeric_c.o(locale$$data)
    __lcnum_c_thousands                      0x08003006   Data           0  lc_numeric_c.o(locale$$data)
    __lcnum_c_grouping                       0x08003007   Data           0  lc_numeric_c.o(locale$$data)
    locale$$data                             0x08003008   Section      272  lc_ctype_c.o(locale$$data)
    __lcnum_c_end                            0x08003008   Data           0  lc_numeric_c.o(locale$$data)
    __lcctype_c_name                         0x0800300c   Data           2  lc_ctype_c.o(locale$$data)
    __lcctype_c_start                        0x08003014   Data           0  lc_ctype_c.o(locale$$data)
    __lcctype_c_end                          0x08003118   Data           0  lc_ctype_c.o(locale$$data)
    .data                                    0x20000000   Section       20  system_stm32f10x.o(.data)
    .data                                    0x20000014   Section        4  board.o(.data)
    .data                                    0x20000018   Section       88  usart.o(.data)
    systemUsart                              0x20000018   Data           8  usart.o(.data)
    uart_ops                                 0x20000020   Data          28  usart.o(.data)
    .data                                    0x20000070   Section        4  device.o(.data)
    putc_                                    0x20000070   Data           4  device.o(.data)
    .data                                    0x20000074   Section       20  stm32f10x_rcc.o(.data)
    APBAHBPrescTable                         0x20000074   Data          16  stm32f10x_rcc.o(.data)
    ADCPrescTable                            0x20000084   Data           4  stm32f10x_rcc.o(.data)
    .bss                                     0x20000088   Section      512  usart.o(.bss)
    UartCom3Txbuf                            0x20000088   Data         256  usart.o(.bss)
    UartCom3Rxbuf                            0x20000188   Data         256  usart.o(.bss)
    .bss                                     0x20000288   Section       96  libspace.o(.bss)
    HEAP                                     0x200002e8   Section      512  startup_stm32f10x_hd.o(HEAP)
    Heap_Mem                                 0x200002e8   Data         512  startup_stm32f10x_hd.o(HEAP)
    STACK                                    0x200004e8   Section     1024  startup_stm32f10x_hd.o(STACK)
    Stack_Mem                                0x200004e8   Data        1024  startup_stm32f10x_hd.o(STACK)
    __initial_sp                             0x200008e8   Data           0  startup_stm32f10x_hd.o(STACK)

    Global Symbols

    Symbol Name                              Value     Ov Type        Size  Object(Section)

    BuildAttributes$$THM_ISAv4$P$D$K$B$S$PE$A:L22UL41UL21$X:L11$S22US41US21$IEEE1$IW$USESV6$~STKCKD$USESV7$~SHL$OTIME$ROPI$IEEEJ$EBA8$UX$STANDARDLIB$REQ8$PRES8$EABIv2 0x00000000   Number         0  anon$$obj.o ABSOLUTE
    __ARM_use_no_argv                        0x00000000   Number         0  main.o ABSOLUTE
    _printf_flags                            0x00000000   Number         0  printf_stubs.o ABSOLUTE
    _printf_return_value                     0x00000000   Number         0  printf_stubs.o ABSOLUTE
    _printf_sizespec                         0x00000000   Number         0  printf_stubs.o ABSOLUTE
    _printf_widthprec                        0x00000000   Number         0  printf_stubs.o ABSOLUTE
    __ARM_exceptions_init                     - Undefined Weak Reference
    __alloca_initialize                       - Undefined Weak Reference
    __cpp_initialize__aeabi_                  - Undefined Weak Reference
    __cxa_finalize                            - Undefined Weak Reference
    __sigvec_lookup                           - Undefined Weak Reference
    _atexit_init                              - Undefined Weak Reference
    _call_atexit_fns                          - Undefined Weak Reference
    _clock_init                               - Undefined Weak Reference
    _fp_trap_init                             - Undefined Weak Reference
    _fp_trap_shutdown                         - Undefined Weak Reference
    _get_lc_collate                           - Undefined Weak Reference
    _get_lc_monetary                          - Undefined Weak Reference
    _get_lc_time                              - Undefined Weak Reference
    _getenv_init                              - Undefined Weak Reference
    _handle_redirection                       - Undefined Weak Reference
    _init_alloc                               - Undefined Weak Reference
    _init_user_alloc                          - Undefined Weak Reference
    _initio                                   - Undefined Weak Reference
    _printf_mbtowc                            - Undefined Weak Reference
    _printf_wc                                - Undefined Weak Reference
    _rand_init                                - Undefined Weak Reference
    _signal_finish                            - Undefined Weak Reference
    _signal_init                              - Undefined Weak Reference
    _terminate_alloc                          - Undefined Weak Reference
    _terminate_user_alloc                     - Undefined Weak Reference
    _terminateio                              - Undefined Weak Reference
    __Vectors_Size                           0x00000130   Number         0  startup_stm32f10x_hd.o ABSOLUTE
    __Vectors                                0x08000000   Data           4  startup_stm32f10x_hd.o(RESET)
    __Vectors_End                            0x08000130   Data           0  startup_stm32f10x_hd.o(RESET)
    __main                                   0x08000131   Thumb Code     8  __main.o(!!!main)
    __scatterload                            0x08000139   Thumb Code     0  __scatter.o(!!!scatter)
    __scatterload_rt2                        0x08000139   Thumb Code    44  __scatter.o(!!!scatter)
    __scatterload_rt2_thumb_only             0x08000139   Thumb Code     0  __scatter.o(!!!scatter)
    __scatterload_null                       0x08000147   Thumb Code     0  __scatter.o(!!!scatter)
    __scatterload_copy                       0x0800016d   Thumb Code    26  __scatter_copy.o(!!handler_copy)
    __scatterload_zeroinit                   0x08000189   Thumb Code    28  __scatter_zi.o(!!handler_zi)
    _printf_n                                0x080001a5   Thumb Code     0  _printf_n.o(.ARM.Collect$$_printf_percent$$00000001)
    _printf_percent                          0x080001a5   Thumb Code     0  _printf_percent.o(.ARM.Collect$$_printf_percent$$00000000)
    _printf_p                                0x080001ab   Thumb Code     0  _printf_p.o(.ARM.Collect$$_printf_percent$$00000002)
    _printf_f                                0x080001b1   Thumb Code     0  _printf_f.o(.ARM.Collect$$_printf_percent$$00000003)
    _printf_e                                0x080001b7   Thumb Code     0  _printf_e.o(.ARM.Collect$$_printf_percent$$00000004)
    _printf_g                                0x080001bd   Thumb Code     0  _printf_g.o(.ARM.Collect$$_printf_percent$$00000005)
    _printf_a                                0x080001c3   Thumb Code     0  _printf_a.o(.ARM.Collect$$_printf_percent$$00000006)
    _printf_ll                               0x080001c9   Thumb Code     0  _printf_ll.o(.ARM.Collect$$_printf_percent$$00000007)
    _printf_i                                0x080001d3   Thumb Code     0  _printf_i.o(.ARM.Collect$$_printf_percent$$00000008)
    _printf_d                                0x080001d9   Thumb Code     0  _printf_d.o(.ARM.Collect$$_printf_percent$$00000009)
    _printf_u                                0x080001df   Thumb Code     0  _printf_u.o(.ARM.Collect$$_printf_percent$$0000000A)
    _printf_o                                0x080001e5   Thumb Code     0  _printf_o.o(.ARM.Collect$$_printf_percent$$0000000B)
    _printf_x                                0x080001eb   Thumb Code     0  _printf_x.o(.ARM.Collect$$_printf_percent$$0000000C)
    _printf_lli                              0x080001f1   Thumb Code     0  _printf_lli.o(.ARM.Collect$$_printf_percent$$0000000D)
    _printf_lld                              0x080001f7   Thumb Code     0  _printf_lld.o(.ARM.Collect$$_printf_percent$$0000000E)
    _printf_llu                              0x080001fd   Thumb Code     0  _printf_llu.o(.ARM.Collect$$_printf_percent$$0000000F)
    _printf_llo                              0x08000203   Thumb Code     0  _printf_llo.o(.ARM.Collect$$_printf_percent$$00000010)
    _printf_llx                              0x08000209   Thumb Code     0  _printf_llx.o(.ARM.Collect$$_printf_percent$$00000011)
    _printf_l                                0x0800020f   Thumb Code     0  _printf_l.o(.ARM.Collect$$_printf_percent$$00000012)
    _printf_c                                0x08000219   Thumb Code     0  _printf_c.o(.ARM.Collect$$_printf_percent$$00000013)
    _printf_s                                0x0800021f   Thumb Code     0  _printf_s.o(.ARM.Collect$$_printf_percent$$00000014)
    _printf_lc                               0x08000225   Thumb Code     0  _printf_lc.o(.ARM.Collect$$_printf_percent$$00000015)
    _printf_ls                               0x0800022b   Thumb Code     0  _printf_ls.o(.ARM.Collect$$_printf_percent$$00000016)
    _printf_percent_end                      0x08000231   Thumb Code     0  _printf_percent_end.o(.ARM.Collect$$_printf_percent$$00000017)
    __rt_lib_init                            0x08000235   Thumb Code     0  libinit.o(.ARM.Collect$$libinit$$00000000)
    __rt_lib_init_fp_1                       0x08000237   Thumb Code     0  libinit2.o(.ARM.Collect$$libinit$$00000002)
    __rt_lib_init_heap_1                     0x08000237   Thumb Code     0  libinit2.o(.ARM.Collect$$libinit$$00000008)
    __rt_lib_init_lc_common                  0x08000237   Thumb Code     0  libinit2.o(.ARM.Collect$$libinit$$0000000D)
    __rt_lib_init_rand_1                     0x08000237   Thumb Code     0  libinit2.o(.ARM.Collect$$libinit$$0000000C)
    __rt_lib_init_user_alloc_1               0x08000237   Thumb Code     0  libinit2.o(.ARM.Collect$$libinit$$0000000A)
    __rt_lib_init_lc_collate_1               0x0800023d   Thumb Code     0  libinit2.o(.ARM.Collect$$libinit$$0000000F)
    __rt_lib_init_lc_ctype_2                 0x0800023d   Thumb Code     0  libinit2.o(.ARM.Collect$$libinit$$00000010)
    __rt_lib_init_lc_ctype_1                 0x08000249   Thumb Code     0  libinit2.o(.ARM.Collect$$libinit$$00000011)
    __rt_lib_init_lc_monetary_1              0x08000249   Thumb Code     0  libinit2.o(.ARM.Collect$$libinit$$00000013)
    __rt_lib_init_lc_numeric_2               0x08000249   Thumb Code     0  libinit2.o(.ARM.Collect$$libinit$$00000014)
    __rt_lib_init_alloca_1                   0x08000253   Thumb Code     0  libinit2.o(.ARM.Collect$$libinit$$0000002C)
    __rt_lib_init_argv_1                     0x08000253   Thumb Code     0  libinit2.o(.ARM.Collect$$libinit$$0000002A)
    __rt_lib_init_atexit_1                   0x08000253   Thumb Code     0  libinit2.o(.ARM.Collect$$libinit$$00000019)
    __rt_lib_init_clock_1                    0x08000253   Thumb Code     0  libinit2.o(.ARM.Collect$$libinit$$0000001F)
    __rt_lib_init_cpp_1                      0x08000253   Thumb Code     0  libinit2.o(.ARM.Collect$$libinit$$00000030)
    __rt_lib_init_exceptions_1               0x08000253   Thumb Code     0  libinit2.o(.ARM.Collect$$libinit$$0000002E)
    __rt_lib_init_fp_trap_1                  0x08000253   Thumb Code     0  libinit2.o(.ARM.Collect$$libinit$$0000001D)
    __rt_lib_init_getenv_1                   0x08000253   Thumb Code     0  libinit2.o(.ARM.Collect$$libinit$$00000021)
    __rt_lib_init_lc_numeric_1               0x08000253   Thumb Code     0  libinit2.o(.ARM.Collect$$libinit$$00000015)
    __rt_lib_init_lc_time_1                  0x08000253   Thumb Code     0  libinit2.o(.ARM.Collect$$libinit$$00000017)
    __rt_lib_init_return                     0x08000253   Thumb Code     0  libinit2.o(.ARM.Collect$$libinit$$00000031)
    __rt_lib_init_signal_1                   0x08000253   Thumb Code     0  libinit2.o(.ARM.Collect$$libinit$$0000001B)
    __rt_lib_init_stdio_1                    0x08000253   Thumb Code     0  libinit2.o(.ARM.Collect$$libinit$$00000023)
    __rt_lib_shutdown                        0x08000255   Thumb Code     0  libshutdown.o(.ARM.Collect$$libshutdown$$00000000)
    __rt_lib_shutdown_fp_trap_1              0x08000257   Thumb Code     0  libshutdown2.o(.ARM.Collect$$libshutdown$$00000006)
    __rt_lib_shutdown_heap_1                 0x08000257   Thumb Code     0  libshutdown2.o(.ARM.Collect$$libshutdown$$0000000E)
    __rt_lib_shutdown_return                 0x08000257   Thumb Code     0  libshutdown2.o(.ARM.Collect$$libshutdown$$0000000F)
    __rt_lib_shutdown_signal_1               0x08000257   Thumb Code     0  libshutdown2.o(.ARM.Collect$$libshutdown$$00000009)
    __rt_lib_shutdown_stdio_1                0x08000257   Thumb Code     0  libshutdown2.o(.ARM.Collect$$libshutdown$$00000003)
    __rt_lib_shutdown_user_alloc_1           0x08000257   Thumb Code     0  libshutdown2.o(.ARM.Collect$$libshutdown$$0000000B)
    __rt_entry                               0x08000259   Thumb Code     0  rtentry.o(.ARM.Collect$$rtentry$$00000000)
    __rt_entry_presh_1                       0x08000259   Thumb Code     0  rtentry2.o(.ARM.Collect$$rtentry$$00000002)
    __rt_entry_sh                            0x08000259   Thumb Code     0  rtentry4.o(.ARM.Collect$$rtentry$$00000004)
    __rt_entry_li                            0x0800025f   Thumb Code     0  rtentry2.o(.ARM.Collect$$rtentry$$0000000A)
    __rt_entry_postsh_1                      0x0800025f   Thumb Code     0  rtentry2.o(.ARM.Collect$$rtentry$$00000009)
    __rt_entry_main                          0x08000263   Thumb Code     0  rtentry2.o(.ARM.Collect$$rtentry$$0000000D)
    __rt_entry_postli_1                      0x08000263   Thumb Code     0  rtentry2.o(.ARM.Collect$$rtentry$$0000000C)
    __rt_exit                                0x0800026b   Thumb Code     0  rtexit.o(.ARM.Collect$$rtexit$$00000000)
    __rt_exit_ls                             0x0800026d   Thumb Code     0  rtexit2.o(.ARM.Collect$$rtexit$$00000003)
    __rt_exit_prels_1                        0x0800026d   Thumb Code     0  rtexit2.o(.ARM.Collect$$rtexit$$00000002)
    __rt_exit_exit                           0x08000271   Thumb Code     0  rtexit2.o(.ARM.Collect$$rtexit$$00000004)
    NMI_Handler                              0x08000277   Thumb Code     2  stm32f10x_it.o(.text)
    HardFault_Handler                        0x08000279   Thumb Code     2  stm32f10x_it.o(.text)
    MemManage_Handler                        0x0800027b   Thumb Code     4  stm32f10x_it.o(.text)
    BusFault_Handler                         0x0800027f   Thumb Code     4  stm32f10x_it.o(.text)
    UsageFault_Handler                       0x08000283   Thumb Code     4  stm32f10x_it.o(.text)
    DebugMon_Handler                         0x08000287   Thumb Code     2  stm32f10x_it.o(.text)
    SystemInit                               0x08000367   Thumb Code    78  system_stm32f10x.o(.text)
    SystemCoreClockUpdate                    0x080003b5   Thumb Code   142  system_stm32f10x.o(.text)
    Reset_Handler                            0x08000469   Thumb Code     8  startup_stm32f10x_hd.o(.text)
    SVC_Handler                              0x0800047b   Thumb Code     2  startup_stm32f10x_hd.o(.text)
    PendSV_Handler                           0x0800047f   Thumb Code     2  startup_stm32f10x_hd.o(.text)
    ADC1_2_IRQHandler                        0x08000483   Thumb Code     0  startup_stm32f10x_hd.o(.text)
    ADC3_IRQHandler                          0x08000483   Thumb Code     0  startup_stm32f10x_hd.o(.text)
    CAN1_RX1_IRQHandler                      0x08000483   Thumb Code     0  startup_stm32f10x_hd.o(.text)
    CAN1_SCE_IRQHandler                      0x08000483   Thumb Code     0  startup_stm32f10x_hd.o(.text)
    DMA1_Channel1_IRQHandler                 0x08000483   Thumb Code     0  startup_stm32f10x_hd.o(.text)
    DMA1_Channel2_IRQHandler                 0x08000483   Thumb Code     0  startup_stm32f10x_hd.o(.text)
    DMA1_Channel3_IRQHandler                 0x08000483   Thumb Code     0  startup_stm32f10x_hd.o(.text)
    DMA1_Channel4_IRQHandler                 0x08000483   Thumb Code     0  startup_stm32f10x_hd.o(.text)
    DMA1_Channel5_IRQHandler                 0x08000483   Thumb Code     0  startup_stm32f10x_hd.o(.text)
    DMA1_Channel6_IRQHandler                 0x08000483   Thumb Code     0  startup_stm32f10x_hd.o(.text)
    DMA1_Channel7_IRQHandler                 0x08000483   Thumb Code     0  startup_stm32f10x_hd.o(.text)
    DMA2_Channel1_IRQHandler                 0x08000483   Thumb Code     0  startup_stm32f10x_hd.o(.text)
    DMA2_Channel2_IRQHandler                 0x08000483   Thumb Code     0  startup_stm32f10x_hd.o(.text)
    DMA2_Channel3_IRQHandler                 0x08000483   Thumb Code     0  startup_stm32f10x_hd.o(.text)
    DMA2_Channel4_5_IRQHandler               0x08000483   Thumb Code     0  startup_stm32f10x_hd.o(.text)
    EXTI0_IRQHandler                         0x08000483   Thumb Code     0  startup_stm32f10x_hd.o(.text)
    EXTI15_10_IRQHandler                     0x08000483   Thumb Code     0  startup_stm32f10x_hd.o(.text)
    EXTI1_IRQHandler                         0x08000483   Thumb Code     0  startup_stm32f10x_hd.o(.text)
    EXTI2_IRQHandler                         0x08000483   Thumb Code     0  startup_stm32f10x_hd.o(.text)
    EXTI3_IRQHandler                         0x08000483   Thumb Code     0  startup_stm32f10x_hd.o(.text)
    EXTI4_IRQHandler                         0x08000483   Thumb Code     0  startup_stm32f10x_hd.o(.text)
    EXTI9_5_IRQHandler                       0x08000483   Thumb Code     0  startup_stm32f10x_hd.o(.text)
    FLASH_IRQHandler                         0x08000483   Thumb Code     0  startup_stm32f10x_hd.o(.text)
    FSMC_IRQHandler                          0x08000483   Thumb Code     0  startup_stm32f10x_hd.o(.text)
    I2C1_ER_IRQHandler                       0x08000483   Thumb Code     0  startup_stm32f10x_hd.o(.text)
    I2C1_EV_IRQHandler                       0x08000483   Thumb Code     0  startup_stm32f10x_hd.o(.text)
    I2C2_ER_IRQHandler                       0x08000483   Thumb Code     0  startup_stm32f10x_hd.o(.text)
    I2C2_EV_IRQHandler                       0x08000483   Thumb Code     0  startup_stm32f10x_hd.o(.text)
    PVD_IRQHandler                           0x08000483   Thumb Code     0  startup_stm32f10x_hd.o(.text)
    RCC_IRQHandler                           0x08000483   Thumb Code     0  startup_stm32f10x_hd.o(.text)
    RTCAlarm_IRQHandler                      0x08000483   Thumb Code     0  startup_stm32f10x_hd.o(.text)
    RTC_IRQHandler                           0x08000483   Thumb Code     0  startup_stm32f10x_hd.o(.text)
    SDIO_IRQHandler                          0x08000483   Thumb Code     0  startup_stm32f10x_hd.o(.text)
    SPI1_IRQHandler                          0x08000483   Thumb Code     0  startup_stm32f10x_hd.o(.text)
    SPI2_IRQHandler                          0x08000483   Thumb Code     0  startup_stm32f10x_hd.o(.text)
    SPI3_IRQHandler                          0x08000483   Thumb Code     0  startup_stm32f10x_hd.o(.text)
    TAMPER_IRQHandler                        0x08000483   Thumb Code     0  startup_stm32f10x_hd.o(.text)
    TIM1_BRK_IRQHandler                      0x08000483   Thumb Code     0  startup_stm32f10x_hd.o(.text)
    TIM1_CC_IRQHandler                       0x08000483   Thumb Code     0  startup_stm32f10x_hd.o(.text)
    TIM1_TRG_COM_IRQHandler                  0x08000483   Thumb Code     0  startup_stm32f10x_hd.o(.text)
    TIM1_UP_IRQHandler                       0x08000483   Thumb Code     0  startup_stm32f10x_hd.o(.text)
    TIM2_IRQHandler                          0x08000483   Thumb Code     0  startup_stm32f10x_hd.o(.text)
    TIM3_IRQHandler                          0x08000483   Thumb Code     0  startup_stm32f10x_hd.o(.text)
    TIM4_IRQHandler                          0x08000483   Thumb Code     0  startup_stm32f10x_hd.o(.text)
    TIM5_IRQHandler                          0x08000483   Thumb Code     0  startup_stm32f10x_hd.o(.text)
    TIM6_IRQHandler                          0x08000483   Thumb Code     0  startup_stm32f10x_hd.o(.text)
    TIM7_IRQHandler                          0x08000483   Thumb Code     0  startup_stm32f10x_hd.o(.text)
    TIM8_BRK_IRQHandler                      0x08000483   Thumb Code     0  startup_stm32f10x_hd.o(.text)
    TIM8_CC_IRQHandler                       0x08000483   Thumb Code     0  startup_stm32f10x_hd.o(.text)
    TIM8_TRG_COM_IRQHandler                  0x08000483   Thumb Code     0  startup_stm32f10x_hd.o(.text)
    TIM8_UP_IRQHandler                       0x08000483   Thumb Code     0  startup_stm32f10x_hd.o(.text)
    UART4_IRQHandler                         0x08000483   Thumb Code     0  startup_stm32f10x_hd.o(.text)
    UART5_IRQHandler                         0x08000483   Thumb Code     0  startup_stm32f10x_hd.o(.text)
    USART1_IRQHandler                        0x08000483   Thumb Code     0  startup_stm32f10x_hd.o(.text)
    USART2_IRQHandler                        0x08000483   Thumb Code     0  startup_stm32f10x_hd.o(.text)
    USBWakeUp_IRQHandler                     0x08000483   Thumb Code     0  startup_stm32f10x_hd.o(.text)
    USB_HP_CAN1_TX_IRQHandler                0x08000483   Thumb Code     0  startup_stm32f10x_hd.o(.text)
    USB_LP_CAN1_RX0_IRQHandler               0x08000483   Thumb Code     0  startup_stm32f10x_hd.o(.text)
    WWDG_IRQHandler                          0x08000483   Thumb Code     0  startup_stm32f10x_hd.o(.text)
    __user_initial_stackheap                 0x08000485   Thumb Code     0  startup_stm32f10x_hd.o(.text)
    pz6806l_systick_init                     0x080004a9   Thumb Code    50  board.o(.text)
    SysTick_Handler                          0x080004db   Thumb Code    12  board.o(.text)
    get_tick                                 0x080004e7   Thumb Code     6  board.o(.text)
    pz6806l_usart3_init                      0x080004ed   Thumb Code   120  board.o(.text)
    pz6806l_putc                             0x08000565   Thumb Code    42  board.o(.text)
    pz6806l_console_init                     0x0800058f   Thumb Code    16  board.o(.text)
    USART3_IRQHandler                        0x080005ad   Thumb Code    14  usart.o(.text)
    USART3_configuration                     0x080005bb   Thumb Code   156  usart.o(.text)
    UartCom_Initialize                       0x08000657   Thumb Code    64  usart.o(.text)
    UartCom_IRQ                              0x08000697   Thumb Code   154  usart.o(.text)
    UartCom_GetMsg                           0x08000731   Thumb Code    64  usart.o(.text)
    UartCom_SendMsg                          0x08000771   Thumb Code   190  usart.o(.text)
    UartCom_RtCtrl                           0x0800082f   Thumb Code    28  usart.o(.text)
    UartCom_SetParmas                        0x0800084b   Thumb Code    32  usart.o(.text)
    UartCom_CheckRxOver                      0x0800086b   Thumb Code    46  usart.o(.text)
    usart_checkover                          0x080008c5   Thumb Code    14  usart.o(.text)
    usart_find                               0x080008d3   Thumb Code    26  usart.o(.text)
    stm32f1_usart_init                       0x080008ed   Thumb Code    22  usart.o(.text)
    device_init                              0x08000921   Thumb Code    20  device.o(.text)
    console_init                             0x08000965   Thumb Code     6  device.o(.text)
    printk                                   0x0800096b   Thumb Code    36  device.o(.text)
    fifo_init                                0x080009b1   Thumb Code    12  fifo.o(.text)
    fifo_push                                0x080009bd   Thumb Code    24  fifo.o(.text)
    fifo_pop                                 0x080009d5   Thumb Code    32  fifo.o(.text)
    fifo_flush                               0x080009f5   Thumb Code     8  fifo.o(.text)
    fifo_isempty                             0x080009fd   Thumb Code    18  fifo.o(.text)
    fifo_isfull                              0x08000a0f   Thumb Code    26  fifo.o(.text)
    NVIC_PriorityGroupConfig                 0x08000a29   Thumb Code    10  misc.o(.text)
    NVIC_Init                                0x08000a33   Thumb Code   100  misc.o(.text)
    NVIC_SetVectorTable                      0x08000a97   Thumb Code    14  misc.o(.text)
    NVIC_SystemLPConfig                      0x08000aa5   Thumb Code    34  misc.o(.text)
    SysTick_CLKSourceConfig                  0x08000ac7   Thumb Code    40  misc.o(.text)
    GPIO_DeInit                              0x08000b05   Thumb Code   172  stm32f10x_gpio.o(.text)
    GPIO_AFIODeInit                          0x08000bb1   Thumb Code    20  stm32f10x_gpio.o(.text)
    GPIO_Init                                0x08000bc5   Thumb Code   278  stm32f10x_gpio.o(.text)
    GPIO_StructInit                          0x08000cdb   Thumb Code    16  stm32f10x_gpio.o(.text)
    GPIO_ReadInputDataBit                    0x08000ceb   Thumb Code    18  stm32f10x_gpio.o(.text)
    GPIO_ReadInputData                       0x08000cfd   Thumb Code     8  stm32f10x_gpio.o(.text)
    GPIO_ReadOutputDataBit                   0x08000d05   Thumb Code    18  stm32f10x_gpio.o(.text)
    GPIO_ReadOutputData                      0x08000d17   Thumb Code     8  stm32f10x_gpio.o(.text)
    GPIO_SetBits                             0x08000d1f   Thumb Code     4  stm32f10x_gpio.o(.text)
    GPIO_ResetBits                           0x08000d23   Thumb Code     4  stm32f10x_gpio.o(.text)
    GPIO_WriteBit                            0x08000d27   Thumb Code    10  stm32f10x_gpio.o(.text)
    GPIO_Write                               0x08000d31   Thumb Code     4  stm32f10x_gpio.o(.text)
    GPIO_PinLockConfig                       0x08000d35   Thumb Code    18  stm32f10x_gpio.o(.text)
    GPIO_EventOutputConfig                   0x08000d47   Thumb Code    26  stm32f10x_gpio.o(.text)
    GPIO_EventOutputCmd                      0x08000d61   Thumb Code     6  stm32f10x_gpio.o(.text)
    GPIO_PinRemapConfig                      0x08000d67   Thumb Code   106  stm32f10x_gpio.o(.text)
    GPIO_EXTILineConfig                      0x08000dd1   Thumb Code    66  stm32f10x_gpio.o(.text)
    GPIO_ETH_MediaInterfaceConfig            0x08000e13   Thumb Code     8  stm32f10x_gpio.o(.text)
    RCC_DeInit                               0x08000e41   Thumb Code    64  stm32f10x_rcc.o(.text)
    RCC_HSEConfig                            0x08000e81   Thumb Code    70  stm32f10x_rcc.o(.text)
    RCC_GetFlagStatus                        0x08000ec7   Thumb Code    56  stm32f10x_rcc.o(.text)
    RCC_WaitForHSEStartUp                    0x08000eff   Thumb Code    56  stm32f10x_rcc.o(.text)
    RCC_AdjustHSICalibrationValue            0x08000f37   Thumb Code    20  stm32f10x_rcc.o(.text)
    RCC_HSICmd                               0x08000f4b   Thumb Code     6  stm32f10x_rcc.o(.text)
    RCC_PLLConfig                            0x08000f51   Thumb Code    24  stm32f10x_rcc.o(.text)
    RCC_PLLCmd                               0x08000f69   Thumb Code     6  stm32f10x_rcc.o(.text)
    RCC_SYSCLKConfig                         0x08000f6f   Thumb Code    18  stm32f10x_rcc.o(.text)
    RCC_GetSYSCLKSource                      0x08000f81   Thumb Code    10  stm32f10x_rcc.o(.text)
    RCC_HCLKConfig                           0x08000f8b   Thumb Code    18  stm32f10x_rcc.o(.text)
    RCC_PCLK1Config                          0x08000f9d   Thumb Code    18  stm32f10x_rcc.o(.text)
    RCC_PCLK2Config                          0x08000faf   Thumb Code    20  stm32f10x_rcc.o(.text)
    RCC_ITConfig                             0x08000fc3   Thumb Code    26  stm32f10x_rcc.o(.text)
    RCC_USBCLKConfig                         0x08000fdd   Thumb Code     8  stm32f10x_rcc.o(.text)
    RCC_ADCCLKConfig                         0x08000fe5   Thumb Code    18  stm32f10x_rcc.o(.text)
    RCC_LSEConfig                            0x08000ff7   Thumb Code    50  stm32f10x_rcc.o(.text)
    RCC_LSICmd                               0x08001029   Thumb Code     6  stm32f10x_rcc.o(.text)
    RCC_RTCCLKConfig                         0x0800102f   Thumb Code    12  stm32f10x_rcc.o(.text)
    RCC_RTCCLKCmd                            0x0800103b   Thumb Code     8  stm32f10x_rcc.o(.text)
    RCC_GetClocksFreq                        0x08001043   Thumb Code   192  stm32f10x_rcc.o(.text)
    RCC_AHBPeriphClockCmd                    0x08001103   Thumb Code    26  stm32f10x_rcc.o(.text)
    RCC_APB2PeriphClockCmd                   0x0800111d   Thumb Code    26  stm32f10x_rcc.o(.text)
    RCC_APB1PeriphClockCmd                   0x08001137   Thumb Code    26  stm32f10x_rcc.o(.text)
    RCC_APB2PeriphResetCmd                   0x08001151   Thumb Code    26  stm32f10x_rcc.o(.text)
    RCC_APB1PeriphResetCmd                   0x0800116b   Thumb Code    26  stm32f10x_rcc.o(.text)
    RCC_BackupResetCmd                       0x08001185   Thumb Code     8  stm32f10x_rcc.o(.text)
    RCC_ClockSecuritySystemCmd               0x0800118d   Thumb Code     6  stm32f10x_rcc.o(.text)
    RCC_MCOConfig                            0x08001193   Thumb Code     6  stm32f10x_rcc.o(.text)
    RCC_ClearFlag                            0x08001199   Thumb Code    14  stm32f10x_rcc.o(.text)
    RCC_GetITStatus                          0x080011a7   Thumb Code    20  stm32f10x_rcc.o(.text)
    RCC_ClearITPendingBit                    0x080011bb   Thumb Code     6  stm32f10x_rcc.o(.text)
    USART_DeInit                             0x080011e5   Thumb Code   134  stm32f10x_usart.o(.text)
    USART_Init                               0x0800126b   Thumb Code   156  stm32f10x_usart.o(.text)
    USART_StructInit                         0x08001307   Thumb Code    24  stm32f10x_usart.o(.text)
    USART_ClockInit                          0x0800131f   Thumb Code    34  stm32f10x_usart.o(.text)
    USART_ClockStructInit                    0x08001341   Thumb Code    12  stm32f10x_usart.o(.text)
    USART_Cmd                                0x0800134d   Thumb Code    24  stm32f10x_usart.o(.text)
    USART_ITConfig                           0x08001365   Thumb Code    74  stm32f10x_usart.o(.text)
    USART_DMACmd                             0x080013af   Thumb Code    18  stm32f10x_usart.o(.text)
    USART_SetAddress                         0x080013c1   Thumb Code    18  stm32f10x_usart.o(.text)
    USART_WakeUpConfig                       0x080013d3   Thumb Code    18  stm32f10x_usart.o(.text)
    USART_ReceiverWakeUpCmd                  0x080013e5   Thumb Code    24  stm32f10x_usart.o(.text)
    USART_LINBreakDetectLengthConfig         0x080013fd   Thumb Code    18  stm32f10x_usart.o(.text)
    USART_LINCmd                             0x0800140f   Thumb Code    24  stm32f10x_usart.o(.text)
    USART_SendData                           0x08001427   Thumb Code     8  stm32f10x_usart.o(.text)
    USART_ReceiveData                        0x0800142f   Thumb Code    10  stm32f10x_usart.o(.text)
    USART_SendBreak                          0x08001439   Thumb Code    10  stm32f10x_usart.o(.text)
    USART_SetGuardTime                       0x08001443   Thumb Code    16  stm32f10x_usart.o(.text)
    USART_SetPrescaler                       0x08001453   Thumb Code    16  stm32f10x_usart.o(.text)
    USART_SmartCardCmd                       0x08001463   Thumb Code    24  stm32f10x_usart.o(.text)
    USART_SmartCardNACKCmd                   0x0800147b   Thumb Code    24  stm32f10x_usart.o(.text)
    USART_HalfDuplexCmd                      0x08001493   Thumb Code    24  stm32f10x_usart.o(.text)
    USART_IrDAConfig                         0x080014ab   Thumb Code    18  stm32f10x_usart.o(.text)
    USART_IrDACmd                            0x080014bd   Thumb Code    24  stm32f10x_usart.o(.text)
    USART_GetFlagStatus                      0x080014d5   Thumb Code    26  stm32f10x_usart.o(.text)
    USART_ClearFlag                          0x080014ef   Thumb Code    18  stm32f10x_usart.o(.text)
    USART_GetITStatus                        0x08001501   Thumb Code    84  stm32f10x_usart.o(.text)
    USART_ClearITPendingBit                  0x08001555   Thumb Code    30  stm32f10x_usart.o(.text)
    delay_ms                                 0x08001589   Thumb Code    32  main.o(.text)
    main                                     0x080015a9   Thumb Code    54  main.o(.text)
    vsprintf                                 0x080015e9   Thumb Code    32  vsprintf.o(.text)
    __use_two_region_memory                  0x0800160d   Thumb Code     2  heapauxi.o(.text)
    __rt_heap_escrow$2region                 0x0800160f   Thumb Code     2  heapauxi.o(.text)
    __rt_heap_expand$2region                 0x08001611   Thumb Code     2  heapauxi.o(.text)
    _printf_pre_padding                      0x08001613   Thumb Code    44  _printf_pad.o(.text)
    _printf_post_padding                     0x0800163f   Thumb Code    34  _printf_pad.o(.text)
    _printf_truncate_signed                  0x08001661   Thumb Code    18  _printf_truncate.o(.text)
    _printf_truncate_unsigned                0x08001673   Thumb Code    18  _printf_truncate.o(.text)
    _printf_str                              0x08001685   Thumb Code    82  _printf_str.o(.text)
    _printf_int_dec                          0x080016d9   Thumb Code   100  _printf_dec.o(.text)
    _printf_charcount                        0x0800174d   Thumb Code    40  _printf_charcount.o(.text)
    _printf_char_common                      0x0800177f   Thumb Code    32  _printf_char_common.o(.text)
    _sputc                                   0x080017a5   Thumb Code    10  _sputc.o(.text)
    _printf_wctomb                           0x080017b1   Thumb Code   182  _printf_wctomb.o(.text)
    _printf_longlong_dec                     0x0800186d   Thumb Code   104  _printf_longlong_dec.o(.text)
    _printf_longlong_oct                     0x080018e5   Thumb Code    68  _printf_oct_int_ll.o(.text)
    _printf_int_oct                          0x08001929   Thumb Code    24  _printf_oct_int_ll.o(.text)
    _printf_ll_oct                           0x08001941   Thumb Code    12  _printf_oct_int_ll.o(.text)
    _printf_longlong_hex                     0x08001955   Thumb Code    86  _printf_hex_int_ll_ptr.o(.text)
    _printf_int_hex                          0x080019ab   Thumb Code    28  _printf_hex_int_ll_ptr.o(.text)
    _printf_ll_hex                           0x080019c7   Thumb Code    12  _printf_hex_int_ll_ptr.o(.text)
    _printf_hex_ptr                          0x080019d3   Thumb Code    18  _printf_hex_int_ll_ptr.o(.text)
    __printf                                 0x080019e9   Thumb Code   388  __printf_flags_ss_wp.o(.text)
    _ll_udiv10                               0x08001b71   Thumb Code   138  lludiv10.o(.text)
    _printf_int_common                       0x08001bfb   Thumb Code   178  _printf_intcommon.o(.text)
    __lib_sel_fp_printf                      0x08001cad   Thumb Code     2  _printf_fp_dec.o(.text)
    _printf_fp_dec_real                      0x08001e5b   Thumb Code   616  _printf_fp_dec.o(.text)
    _printf_fp_hex_real                      0x080020c5   Thumb Code   750  _printf_fp_hex.o(.text)
    _printf_cs_common                        0x080023bd   Thumb Code    20  _printf_char.o(.text)
    _printf_char                             0x080023d1   Thumb Code    16  _printf_char.o(.text)
    _printf_string                           0x080023e1   Thumb Code     8  _printf_char.o(.text)
    _printf_lcs_common                       0x080023e9   Thumb Code    20  _printf_wchar.o(.text)
    _printf_wchar                            0x080023fd   Thumb Code    16  _printf_wchar.o(.text)
    _printf_wstring                          0x0800240d   Thumb Code     8  _printf_wchar.o(.text)
    _wcrtomb                                 0x08002415   Thumb Code    64  _wcrtomb.o(.text)
    __user_setup_stackheap                   0x08002455   Thumb Code    74  sys_stackheap_outer.o(.text)
    __rt_ctype_table                         0x080024a1   Thumb Code    16  rt_ctype_table.o(.text)
    __rt_locale                              0x080024b1   Thumb Code     8  rt_locale_intlibspace.o(.text)
    _printf_fp_infnan                        0x080024b9   Thumb Code   112  _printf_fp_infnan.o(.text)
    _btod_etento                             0x08002539   Thumb Code   212  bigflt0.o(.text)
    exit                                     0x08002611   Thumb Code    12  exit.o(.text)
    __user_libspace                          0x0800261d   Thumb Code     8  libspace.o(.text)
    __user_perproc_libspace                  0x0800261d   Thumb Code     0  libspace.o(.text)
    __user_perthread_libspace                0x0800261d   Thumb Code     0  libspace.o(.text)
    strcmp                                   0x08002625   Thumb Code   128  strcmpv7m.o(.text)
    _sys_exit                                0x080026a5   Thumb Code     8  sys_exit.o(.text)
    __I$use$semihosting                      0x080026b1   Thumb Code     0  use_no_semi.o(.text)
    __use_no_semihosting_swi                 0x080026b1   Thumb Code     2  use_no_semi.o(.text)
    __semihosting_library_function           0x080026b3   Thumb Code     0  indicate_semi.o(.text)
    _btod_d2e                                0x080026b3   Thumb Code    62  btod.o(CL$$btod_d2e)
    _d2e_denorm_low                          0x080026f1   Thumb Code    70  btod.o(CL$$btod_d2e_denorm_low)
    _d2e_norm_op1                            0x08002737   Thumb Code    96  btod.o(CL$$btod_d2e_norm_op1)
    __btod_div_common                        0x08002797   Thumb Code   696  btod.o(CL$$btod_div_common)
    _e2e                                     0x08002acf   Thumb Code   198  btod.o(CL$$btod_e2e)
    _btod_ediv                               0x08002b95   Thumb Code    40  btod.o(CL$$btod_ediv)
    _btod_emul                               0x08002bbd   Thumb Code    40  btod.o(CL$$btod_emul)
    __btod_mult_common                       0x08002be5   Thumb Code   580  btod.o(CL$$btod_mult_common)
    __ARM_fpclassify                         0x08002e29   Thumb Code    40  fpclassify.o(i.__ARM_fpclassify)
    _is_digit                                0x08002e51   Thumb Code    14  __printf_wp.o(i._is_digit)
    _get_lc_numeric                          0x08002e61   Thumb Code    44  lc_numeric_c.o(locale$$code)
    _get_lc_ctype                            0x08002e8d   Thumb Code    44  lc_ctype_c.o(locale$$code)
    _printf_fp_dec                           0x08002eb9   Thumb Code     4  printf1.o(x$fpl$printf1)
    _printf_fp_hex                           0x08002ebd   Thumb Code     4  printf2.o(x$fpl$printf2)
    __I$use$fp                               0x08002ec0   Number         0  usenofp.o(x$fpl$usenofp)
    __board_init__stm32_board_start          0x08002ec0   Data           4  device.o(.board__fn.0.end)
    __board_init__pz6806l_console_init       0x08002ec4   Data           4  board.o(.board__fn.1)
    __board_init__stm32f1_usart_init         0x08002ec8   Data           4  usart.o(.board__fn.1)
    __board_init__stm32_board_end            0x08002ecc   Data           4  device.o(.board__fn.1.end)
    Region$$Table$$Base                      0x08002fcc   Number         0  anon$$obj.o(Region$$Table)
    Region$$Table$$Limit                     0x08002fec   Number         0  anon$$obj.o(Region$$Table)
    __ctype                                  0x08003015   Data           0  lc_ctype_c.o(locale$$data)
    SystemCoreClock                          0x20000000   Data           4  system_stm32f10x.o(.data)
    AHBPrescTable                            0x20000004   Data          16  system_stm32f10x.o(.data)
    Tick                                     0x20000014   Data           4  board.o(.data)
    UartCom3                                 0x2000003c   Data          52  usart.o(.data)
    __libspace_start                         0x20000288   Data          96  libspace.o(.bss)
    __temporary_stack_top$libspace           0x200002e8   Data           0  libspace.o(.bss)



==============================================================================

Memory Map of the image

  Image Entry point : 0x08000469

  Load Region LR_1 (Base: 0x08000000, Size: 0x000031a0, Max: 0xffffffff, ABSOLUTE)

    Execution Region ER_RO (Base: 0x08000000, Size: 0x00003118, Max: 0xffffffff, ABSOLUTE)

    Base Addr    Size         Type   Attr      Idx    E Section Name        Object

    0x08000000   0x00000130   Data   RO           86    RESET               startup_stm32f10x_hd.o
    0x08000130   0x00000008   Code   RO          250  * !!!main             c_w.l(__main.o)
    0x08000138   0x00000034   Code   RO          568    !!!scatter          c_w.l(__scatter.o)
    0x0800016c   0x0000001a   Code   RO          570    !!handler_copy      c_w.l(__scatter_copy.o)
    0x08000186   0x00000002   PAD
    0x08000188   0x0000001c   Code   RO          572    !!handler_zi        c_w.l(__scatter_zi.o)
    0x080001a4   0x00000000   Code   RO          334    .ARM.Collect$$_printf_percent$$00000000  c_w.l(_printf_percent.o)
    0x080001a4   0x00000006   Code   RO          323    .ARM.Collect$$_printf_percent$$00000001  c_w.l(_printf_n.o)
    0x080001aa   0x00000006   Code   RO          325    .ARM.Collect$$_printf_percent$$00000002  c_w.l(_printf_p.o)
    0x080001b0   0x00000006   Code   RO          330    .ARM.Collect$$_printf_percent$$00000003  c_w.l(_printf_f.o)
    0x080001b6   0x00000006   Code   RO          331    .ARM.Collect$$_printf_percent$$00000004  c_w.l(_printf_e.o)
    0x080001bc   0x00000006   Code   RO          332    .ARM.Collect$$_printf_percent$$00000005  c_w.l(_printf_g.o)
    0x080001c2   0x00000006   Code   RO          333    .ARM.Collect$$_printf_percent$$00000006  c_w.l(_printf_a.o)
    0x080001c8   0x0000000a   Code   RO          338    .ARM.Collect$$_printf_percent$$00000007  c_w.l(_printf_ll.o)
    0x080001d2   0x00000006   Code   RO          327    .ARM.Collect$$_printf_percent$$00000008  c_w.l(_printf_i.o)
    0x080001d8   0x00000006   Code   RO          328    .ARM.Collect$$_printf_percent$$00000009  c_w.l(_printf_d.o)
    0x080001de   0x00000006   Code   RO          329    .ARM.Collect$$_printf_percent$$0000000A  c_w.l(_printf_u.o)
    0x080001e4   0x00000006   Code   RO          326    .ARM.Collect$$_printf_percent$$0000000B  c_w.l(_printf_o.o)
    0x080001ea   0x00000006   Code   RO          324    .ARM.Collect$$_printf_percent$$0000000C  c_w.l(_printf_x.o)
    0x080001f0   0x00000006   Code   RO          335    .ARM.Collect$$_printf_percent$$0000000D  c_w.l(_printf_lli.o)
    0x080001f6   0x00000006   Code   RO          336    .ARM.Collect$$_printf_percent$$0000000E  c_w.l(_printf_lld.o)
    0x080001fc   0x00000006   Code   RO          337    .ARM.Collect$$_printf_percent$$0000000F  c_w.l(_printf_llu.o)
    0x08000202   0x00000006   Code   RO          342    .ARM.Collect$$_printf_percent$$00000010  c_w.l(_printf_llo.o)
    0x08000208   0x00000006   Code   RO          343    .ARM.Collect$$_printf_percent$$00000011  c_w.l(_printf_llx.o)
    0x0800020e   0x0000000a   Code   RO          339    .ARM.Collect$$_printf_percent$$00000012  c_w.l(_printf_l.o)
    0x08000218   0x00000006   Code   RO          321    .ARM.Collect$$_printf_percent$$00000013  c_w.l(_printf_c.o)
    0x0800021e   0x00000006   Code   RO          322    .ARM.Collect$$_printf_percent$$00000014  c_w.l(_printf_s.o)
    0x08000224   0x00000006   Code   RO          340    .ARM.Collect$$_printf_percent$$00000015  c_w.l(_printf_lc.o)
    0x0800022a   0x00000006   Code   RO          341    .ARM.Collect$$_printf_percent$$00000016  c_w.l(_printf_ls.o)
    0x08000230   0x00000004   Code   RO          382    .ARM.Collect$$_printf_percent$$00000017  c_w.l(_printf_percent_end.o)
    0x08000234   0x00000002   Code   RO          431    .ARM.Collect$$libinit$$00000000  c_w.l(libinit.o)
    0x08000236   0x00000000   Code   RO          448    .ARM.Collect$$libinit$$00000002  c_w.l(libinit2.o)
    0x08000236   0x00000000   Code   RO          451    .ARM.Collect$$libinit$$00000008  c_w.l(libinit2.o)
    0x08000236   0x00000000   Code   RO          453    .ARM.Collect$$libinit$$0000000A  c_w.l(libinit2.o)
    0x08000236   0x00000000   Code   RO          455    .ARM.Collect$$libinit$$0000000C  c_w.l(libinit2.o)
    0x08000236   0x00000006   Code   RO          456    .ARM.Collect$$libinit$$0000000D  c_w.l(libinit2.o)
    0x0800023c   0x00000000   Code   RO          458    .ARM.Collect$$libinit$$0000000F  c_w.l(libinit2.o)
    0x0800023c   0x0000000c   Code   RO          459    .ARM.Collect$$libinit$$00000010  c_w.l(libinit2.o)
    0x08000248   0x00000000   Code   RO          460    .ARM.Collect$$libinit$$00000011  c_w.l(libinit2.o)
    0x08000248   0x00000000   Code   RO          462    .ARM.Collect$$libinit$$00000013  c_w.l(libinit2.o)
    0x08000248   0x0000000a   Code   RO          463    .ARM.Collect$$libinit$$00000014  c_w.l(libinit2.o)
    0x08000252   0x00000000   Code   RO          464    .ARM.Collect$$libinit$$00000015  c_w.l(libinit2.o)
    0x08000252   0x00000000   Code   RO          466    .ARM.Collect$$libinit$$00000017  c_w.l(libinit2.o)
    0x08000252   0x00000000   Code   RO          468    .ARM.Collect$$libinit$$00000019  c_w.l(libinit2.o)
    0x08000252   0x00000000   Code   RO          470    .ARM.Collect$$libinit$$0000001B  c_w.l(libinit2.o)
    0x08000252   0x00000000   Code   RO          472    .ARM.Collect$$libinit$$0000001D  c_w.l(libinit2.o)
    0x08000252   0x00000000   Code   RO          474    .ARM.Collect$$libinit$$0000001F  c_w.l(libinit2.o)
    0x08000252   0x00000000   Code   RO          476    .ARM.Collect$$libinit$$00000021  c_w.l(libinit2.o)
    0x08000252   0x00000000   Code   RO          478    .ARM.Collect$$libinit$$00000023  c_w.l(libinit2.o)
    0x08000252   0x00000000   Code   RO          482    .ARM.Collect$$libinit$$0000002A  c_w.l(libinit2.o)
    0x08000252   0x00000000   Code   RO          484    .ARM.Collect$$libinit$$0000002C  c_w.l(libinit2.o)
    0x08000252   0x00000000   Code   RO          486    .ARM.Collect$$libinit$$0000002E  c_w.l(libinit2.o)
    0x08000252   0x00000000   Code   RO          488    .ARM.Collect$$libinit$$00000030  c_w.l(libinit2.o)
    0x08000252   0x00000002   Code   RO          489    .ARM.Collect$$libinit$$00000031  c_w.l(libinit2.o)
    0x08000254   0x00000002   Code   RO          509    .ARM.Collect$$libshutdown$$00000000  c_w.l(libshutdown.o)
    0x08000256   0x00000000   Code   RO          523    .ARM.Collect$$libshutdown$$00000003  c_w.l(libshutdown2.o)
    0x08000256   0x00000000   Code   RO          526    .ARM.Collect$$libshutdown$$00000006  c_w.l(libshutdown2.o)
    0x08000256   0x00000000   Code   RO          529    .ARM.Collect$$libshutdown$$00000009  c_w.l(libshutdown2.o)
    0x08000256   0x00000000   Code   RO          531    .ARM.Collect$$libshutdown$$0000000B  c_w.l(libshutdown2.o)
    0x08000256   0x00000000   Code   RO          534    .ARM.Collect$$libshutdown$$0000000E  c_w.l(libshutdown2.o)
    0x08000256   0x00000002   Code   RO          535    .ARM.Collect$$libshutdown$$0000000F  c_w.l(libshutdown2.o)
    0x08000258   0x00000000   Code   RO          252    .ARM.Collect$$rtentry$$00000000  c_w.l(rtentry.o)
    0x08000258   0x00000000   Code   RO          353    .ARM.Collect$$rtentry$$00000002  c_w.l(rtentry2.o)
    0x08000258   0x00000006   Code   RO          365    .ARM.Collect$$rtentry$$00000004  c_w.l(rtentry4.o)
    0x0800025e   0x00000000   Code   RO          355    .ARM.Collect$$rtentry$$00000009  c_w.l(rtentry2.o)
    0x0800025e   0x00000004   Code   RO          356    .ARM.Collect$$rtentry$$0000000A  c_w.l(rtentry2.o)
    0x08000262   0x00000000   Code   RO          358    .ARM.Collect$$rtentry$$0000000C  c_w.l(rtentry2.o)
    0x08000262   0x00000008   Code   RO          359    .ARM.Collect$$rtentry$$0000000D  c_w.l(rtentry2.o)
    0x0800026a   0x00000002   Code   RO          440    .ARM.Collect$$rtexit$$00000000  c_w.l(rtexit.o)
    0x0800026c   0x00000000   Code   RO          491    .ARM.Collect$$rtexit$$00000002  c_w.l(rtexit2.o)
    0x0800026c   0x00000004   Code   RO          492    .ARM.Collect$$rtexit$$00000003  c_w.l(rtexit2.o)
    0x08000270   0x00000006   Code   RO          493    .ARM.Collect$$rtexit$$00000004  c_w.l(rtexit2.o)
    0x08000276   0x00000012   Code   RO           17    .text               stm32f10x_it.o
    0x08000288   0x000001e0   Code   RO           66    .text               system_stm32f10x.o
    0x08000468   0x00000040   Code   RO           87  * .text               startup_stm32f10x_hd.o
    0x080004a8   0x00000104   Code   RO           91    .text               board.o
    0x080005ac   0x00000370   Code   RO          113    .text               usart.o
    0x0800091c   0x00000080   Code   RO          146    .text               device.o
    0x0800099c   0x0000008c   Code   RO          170    .text               fifo.o
    0x08000a28   0x000000dc   Code   RO          182    .text               misc.o
    0x08000b04   0x0000033c   Code   RO          194    .text               stm32f10x_gpio.o
    0x08000e40   0x000003a4   Code   RO          206    .text               stm32f10x_rcc.o
    0x080011e4   0x000003a4   Code   RO          220    .text               stm32f10x_usart.o
    0x08001588   0x00000060   Code   RO          232    .text               main.o
    0x080015e8   0x00000024   Code   RO          246    .text               c_w.l(vsprintf.o)
    0x0800160c   0x00000006   Code   RO          248    .text               c_w.l(heapauxi.o)
    0x08001612   0x0000004e   Code   RO          255    .text               c_w.l(_printf_pad.o)
    0x08001660   0x00000024   Code   RO          257    .text               c_w.l(_printf_truncate.o)
    0x08001684   0x00000052   Code   RO          259    .text               c_w.l(_printf_str.o)
    0x080016d6   0x00000002   PAD
    0x080016d8   0x00000074   Code   RO          261    .text               c_w.l(_printf_dec.o)
    0x0800174c   0x00000028   Code   RO          263    .text               c_w.l(_printf_charcount.o)
    0x08001774   0x00000030   Code   RO          265    .text               c_w.l(_printf_char_common.o)
    0x080017a4   0x0000000a   Code   RO          267    .text               c_w.l(_sputc.o)
    0x080017ae   0x00000002   PAD
    0x080017b0   0x000000bc   Code   RO          269    .text               c_w.l(_printf_wctomb.o)
    0x0800186c   0x00000078   Code   RO          272    .text               c_w.l(_printf_longlong_dec.o)
    0x080018e4   0x00000070   Code   RO          278    .text               c_w.l(_printf_oct_int_ll.o)
    0x08001954   0x00000094   Code   RO          298    .text               c_w.l(_printf_hex_int_ll_ptr.o)
    0x080019e8   0x00000188   Code   RO          318    .text               c_w.l(__printf_flags_ss_wp.o)
    0x08001b70   0x0000008a   Code   RO          367    .text               c_w.l(lludiv10.o)
    0x08001bfa   0x000000b2   Code   RO          369    .text               c_w.l(_printf_intcommon.o)
    0x08001cac   0x00000416   Code   RO          371    .text               c_w.l(_printf_fp_dec.o)
    0x080020c2   0x00000002   PAD
    0x080020c4   0x000002f8   Code   RO          373    .text               c_w.l(_printf_fp_hex.o)
    0x080023bc   0x0000002c   Code   RO          378    .text               c_w.l(_printf_char.o)
    0x080023e8   0x0000002c   Code   RO          380    .text               c_w.l(_printf_wchar.o)
    0x08002414   0x00000040   Code   RO          383    .text               c_w.l(_wcrtomb.o)
    0x08002454   0x0000004a   Code   RO          385    .text               c_w.l(sys_stackheap_outer.o)
    0x0800249e   0x00000002   PAD
    0x080024a0   0x00000010   Code   RO          387    .text               c_w.l(rt_ctype_table.o)
    0x080024b0   0x00000008   Code   RO          392    .text               c_w.l(rt_locale_intlibspace.o)
    0x080024b8   0x00000080   Code   RO          394    .text               c_w.l(_printf_fp_infnan.o)
    0x08002538   0x000000d8   Code   RO          396    .text               c_w.l(bigflt0.o)
    0x08002610   0x0000000c   Code   RO          424    .text               c_w.l(exit.o)
    0x0800261c   0x00000008   Code   RO          437    .text               c_w.l(libspace.o)
    0x08002624   0x00000080   Code   RO          445    .text               c_w.l(strcmpv7m.o)
    0x080026a4   0x0000000c   Code   RO          501    .text               c_w.l(sys_exit.o)
    0x080026b0   0x00000002   Code   RO          512    .text               c_w.l(use_no_semi.o)
    0x080026b2   0x00000000   Code   RO          514    .text               c_w.l(indicate_semi.o)
    0x080026b2   0x0000003e   Code   RO          399    CL$$btod_d2e        c_w.l(btod.o)
    0x080026f0   0x00000046   Code   RO          401    CL$$btod_d2e_denorm_low  c_w.l(btod.o)
    0x08002736   0x00000060   Code   RO          400    CL$$btod_d2e_norm_op1  c_w.l(btod.o)
    0x08002796   0x00000338   Code   RO          409    CL$$btod_div_common  c_w.l(btod.o)
    0x08002ace   0x000000c6   Code   RO          406    CL$$btod_e2e        c_w.l(btod.o)
    0x08002b94   0x00000028   Code   RO          403    CL$$btod_ediv       c_w.l(btod.o)
    0x08002bbc   0x00000028   Code   RO          402    CL$$btod_emul       c_w.l(btod.o)
    0x08002be4   0x00000244   Code   RO          408    CL$$btod_mult_common  c_w.l(btod.o)
    0x08002e28   0x00000028   Code   RO          435    i.__ARM_fpclassify  m_ws.l(fpclassify.o)
    0x08002e50   0x0000000e   Code   RO          311    i._is_digit         c_w.l(__printf_wp.o)
    0x08002e5e   0x00000002   PAD
    0x08002e60   0x0000002c   Code   RO          422    locale$$code        c_w.l(lc_numeric_c.o)
    0x08002e8c   0x0000002c   Code   RO          443    locale$$code        c_w.l(lc_ctype_c.o)
    0x08002eb8   0x00000004   Code   RO          344    x$fpl$printf1       fz_ws.l(printf1.o)
    0x08002ebc   0x00000004   Code   RO          346    x$fpl$printf2       fz_ws.l(printf2.o)
    0x08002ec0   0x00000000   Code   RO          434    x$fpl$usenofp       fz_ws.l(usenofp.o)
    0x08002ec0   0x00000004   Data   RO          147    .board__fn.0.end    device.o
    0x08002ec4   0x00000004   Data   RO           92    .board__fn.1        board.o
    0x08002ec8   0x00000004   Data   RO          114    .board__fn.1        usart.o
    0x08002ecc   0x00000004   Data   RO          148    .board__fn.1.end    device.o
    0x08002ed0   0x00000008   Data   RO          270    .constdata          c_w.l(_printf_wctomb.o)
    0x08002ed8   0x00000028   Data   RO          299    .constdata          c_w.l(_printf_hex_int_ll_ptr.o)
    0x08002f00   0x00000011   Data   RO          319    .constdata          c_w.l(__printf_flags_ss_wp.o)
    0x08002f11   0x00000026   Data   RO          374    .constdata          c_w.l(_printf_fp_hex.o)
    0x08002f37   0x00000001   PAD
    0x08002f38   0x00000094   Data   RO          397    .constdata          c_w.l(bigflt0.o)
    0x08002fcc   0x00000020   Data   RO          566    Region$$Table       anon$$obj.o
    0x08002fec   0x0000001c   Data   RO          421    locale$$data        c_w.l(lc_numeric_c.o)
    0x08003008   0x00000110   Data   RO          442    locale$$data        c_w.l(lc_ctype_c.o)


    Execution Region ER_RW (Base: 0x20000000, Size: 0x00000088, Max: 0xffffffff, ABSOLUTE)

    Base Addr    Size         Type   Attr      Idx    E Section Name        Object

    0x20000000   0x00000014   Data   RW           67    .data               system_stm32f10x.o
    0x20000014   0x00000004   Data   RW           93    .data               board.o
    0x20000018   0x00000058   Data   RW          116    .data               usart.o
    0x20000070   0x00000004   Data   RW          149    .data               device.o
    0x20000074   0x00000014   Data   RW          207    .data               stm32f10x_rcc.o


    Execution Region ER_ZI (Base: 0x20000088, Size: 0x00000860, Max: 0xffffffff, ABSOLUTE)

    Base Addr    Size         Type   Attr      Idx    E Section Name        Object

    0x20000088   0x00000200   Zero   RW          115    .bss                usart.o
    0x20000288   0x00000060   Zero   RW          438    .bss                c_w.l(libspace.o)
    0x200002e8   0x00000200   Zero   RW           85    HEAP                startup_stm32f10x_hd.o
    0x200004e8   0x00000400   Zero   RW           84    STACK               startup_stm32f10x_hd.o


==============================================================================

Image component sizes


      Code (inc. data)   RO Data    RW Data    ZI Data      Debug   Object Name

       260         14          4          4          0       3096   board.o
         0          0          0          0          0       4304   core_cm3.o
       128         14          8          4          0       2382   device.o
       140          0          0          0          0       1899   fifo.o
        96         10          0          0          0        952   main.o
       220         22          0          0          0       1733   misc.o
        64         26        304          0       1536        768   startup_stm32f10x_hd.o
       828         38          0          0          0       5477   stm32f10x_gpio.o
        18          0          0          0          0     227095   stm32f10x_it.o
       932         36          0         20          0       8708   stm32f10x_rcc.o
       932         22          0          0          0       7783   stm32f10x_usart.o
       480         38          0         20          0       1691   system_stm32f10x.o
       880         26          4         88        512       6738   usart.o

    ----------------------------------------------------------------------
      4978        246        352        136       2048     272626   Object Totals
         0          0         32          0          0          0   (incl. Generated)
         0          0          0          0          0          0   (incl. Padding)

    ----------------------------------------------------------------------

      Code (inc. data)   RO Data    RW Data    ZI Data      Debug   Library Member Name

         8          0          0          0          0         68   __main.o
       392          4         17          0          0         92   __printf_flags_ss_wp.o
        14          0          0          0          0         68   __printf_wp.o
        52          8          0          0          0          0   __scatter.o
        26          0          0          0          0          0   __scatter_copy.o
        28          0          0          0          0          0   __scatter_zi.o
         6          0          0          0          0          0   _printf_a.o
         6          0          0          0          0          0   _printf_c.o
        44          0          0          0          0        108   _printf_char.o
        48          6          0          0          0         96   _printf_char_common.o
        40          0          0          0          0         68   _printf_charcount.o
         6          0          0          0          0          0   _printf_d.o
       116         16          0          0          0         92   _printf_dec.o
         6          0          0          0          0          0   _printf_e.o
         6          0          0          0          0          0   _printf_f.o
      1046          0          0          0          0        216   _printf_fp_dec.o
       760         10         38          0          0        100   _printf_fp_hex.o
       128         16          0          0          0         84   _printf_fp_infnan.o
         6          0          0          0          0          0   _printf_g.o
       148          4         40          0          0        160   _printf_hex_int_ll_ptr.o
         6          0          0          0          0          0   _printf_i.o
       178          0          0          0          0         88   _printf_intcommon.o
        10          0          0          0          0          0   _printf_l.o
         6          0          0          0          0          0   _printf_lc.o
        10          0          0          0          0          0   _printf_ll.o
         6          0          0          0          0          0   _printf_lld.o
         6          0          0          0          0          0   _printf_lli.o
         6          0          0          0          0          0   _printf_llo.o
         6          0          0          0          0          0   _printf_llu.o
         6          0          0          0          0          0   _printf_llx.o
       120         16          0          0          0         92   _printf_longlong_dec.o
         6          0          0          0          0          0   _printf_ls.o
         6          0          0          0          0          0   _printf_n.o
         6          0          0          0          0          0   _printf_o.o
       112          8          0          0          0        124   _printf_oct_int_ll.o
         6          0          0          0          0          0   _printf_p.o
        78          0          0          0          0        108   _printf_pad.o
         0          0          0          0          0          0   _printf_percent.o
         4          0          0          0          0          0   _printf_percent_end.o
         6          0          0          0          0          0   _printf_s.o
        82          0          0          0          0         80   _printf_str.o
        36          0          0          0          0         84   _printf_truncate.o
         6          0          0          0          0          0   _printf_u.o
        44          0          0          0          0        108   _printf_wchar.o
       188          6          8          0          0         92   _printf_wctomb.o
         6          0          0          0          0          0   _printf_x.o
        10          0          0          0          0         68   _sputc.o
        64          0          0          0          0         92   _wcrtomb.o
       216          4        148          0          0         96   bigflt0.o
      1910        128          0          0          0        672   btod.o
        12          0          0          0          0         72   exit.o
         6          0          0          0          0        152   heapauxi.o
         0          0          0          0          0          0   indicate_semi.o
        44         10        272          0          0         76   lc_ctype_c.o
        44         10         28          0          0         76   lc_numeric_c.o
         2          0          0          0          0          0   libinit.o
        30          0          0          0          0          0   libinit2.o
         2          0          0          0          0          0   libshutdown.o
         2          0          0          0          0          0   libshutdown2.o
         8          4          0          0         96         68   libspace.o
       138          0          0          0          0         80   lludiv10.o
        16          4          0          0          0         76   rt_ctype_table.o
         8          4          0          0          0         68   rt_locale_intlibspace.o
         0          0          0          0          0          0   rtentry.o
        12          0          0          0          0          0   rtentry2.o
         6          0          0          0          0          0   rtentry4.o
         2          0          0          0          0          0   rtexit.o
        10          0          0          0          0          0   rtexit2.o
       128          0          0          0          0         68   strcmpv7m.o
        12          4          0          0          0         68   sys_exit.o
        74          0          0          0          0         80   sys_stackheap_outer.o
         2          0          0          0          0         68   use_no_semi.o
        36          4          0          0          0         76   vsprintf.o
         4          0          0          0          0         68   printf1.o
         4          0          0          0          0         68   printf2.o
         0          0          0          0          0          0   usenofp.o
        40          0          0          0          0         68   fpclassify.o

    ----------------------------------------------------------------------
      6686        266        552          0         96       4088   Library Totals
        12          0          1          0          0          0   (incl. Padding)

    ----------------------------------------------------------------------

      Code (inc. data)   RO Data    RW Data    ZI Data      Debug   Library Name

      6626        266        551          0         96       3884   c_w.l
         8          0          0          0          0        136   fz_ws.l
        40          0          0          0          0         68   m_ws.l

    ----------------------------------------------------------------------
      6686        266        552          0         96       4088   Library Totals

    ----------------------------------------------------------------------

==============================================================================


      Code (inc. data)   RO Data    RW Data    ZI Data      Debug   

     11664        512        904        136       2144     273486   Grand Totals
     11664        512        904        136       2144     273486   ELF Image Totals
     11664        512        904        136          0          0   ROM Totals

==============================================================================

    Total RO  Size (Code + RO Data)                12568 (  12.27kB)
    Total RW  Size (RW Data + ZI Data)              2280 (   2.23kB)
    Total ROM Size (Code + RO Data + RW Data)      12704 (  12.41kB)

==============================================================================

